ARM Linker, RVCT4.0 [Build 728] [Standard]

==============================================================================

Section Cross References

    netconf.o(i.GetMacAddr) refers to netconf.o(.data) for macaddress
    netconf.o(i.LwIP_Init) refers to netconf.o(i.GetMacAddr) for GetMacAddr
    netconf.o(i.LwIP_Init) refers to mem.o(i.mem_init) for mem_init
    netconf.o(i.LwIP_Init) refers to memp.o(i.memp_init) for memp_init
    netconf.o(i.LwIP_Init) refers to ethernetif.o(i.Set_MAC_Address) for Set_MAC_Address
    netconf.o(i.LwIP_Init) refers to netif.o(i.netif_add) for netif_add
    netconf.o(i.LwIP_Init) refers to netif.o(i.netif_set_default) for netif_set_default
    netconf.o(i.LwIP_Init) refers to dhcp.o(i.dhcp_start) for dhcp_start
    netconf.o(i.LwIP_Init) refers to netif.o(i.netif_set_up) for netif_set_up
    netconf.o(i.LwIP_Init) refers to netconf.o(.data) for macaddress
    netconf.o(i.LwIP_Init) refers to etharp.o(i.ethernet_input) for ethernet_input
    netconf.o(i.LwIP_Init) refers to ethernetif.o(i.ethernetif_init) for ethernetif_init
    netconf.o(i.LwIP_Init) refers to netconf.o(.bss) for netif
    netconf.o(i.LwIP_Periodic_Handle) refers to ethernetif.o(i.ETH_Recive_Poll) for ETH_Recive_Poll
    netconf.o(i.LwIP_Periodic_Handle) refers to tcp.o(i.tcp_tmr) for tcp_tmr
    netconf.o(i.LwIP_Periodic_Handle) refers to tftpserver.o(i.TftpTrm250ms) for TftpTrm250ms
    netconf.o(i.LwIP_Periodic_Handle) refers to etharp.o(i.etharp_tmr) for etharp_tmr
    netconf.o(i.LwIP_Periodic_Handle) refers to dhcp.o(i.dhcp_fine_tmr) for dhcp_fine_tmr
    netconf.o(i.LwIP_Periodic_Handle) refers to dhcp.o(i.dhcp_coarse_tmr) for dhcp_coarse_tmr
    netconf.o(i.LwIP_Periodic_Handle) refers to netconf.o(.data) for TCPTimer
    netconf.o(i.LwIP_Pkt_Handle) refers to ethernetif.o(i.ethernetif_input) for ethernetif_input
    netconf.o(i.LwIP_Pkt_Handle) refers to netconf.o(.bss) for netif
    stm32f10x_it.o(i.ETH_IRQHandler) refers to stm32_eth.o(i.ETH_DMAClearITPendingBit) for ETH_DMAClearITPendingBit
    stm32f10x_it.o(i.HardFault_Handler) refers to stm32f10x_it.o(.emb_text) for wait
    stm32f10x_it.o(i.SysTick_Handler) refers to main.o(i.Time_Update) for Time_Update
    stm32f107.o(i.ADC_Configuration) refers to stm32f10x_adc.o(i.ADC_Init) for ADC_Init
    stm32f107.o(i.ADC_Configuration) refers to stm32f10x_adc.o(i.ADC_RegularChannelConfig) for ADC_RegularChannelConfig
    stm32f107.o(i.ADC_Configuration) refers to stm32f10x_adc.o(i.ADC_Cmd) for ADC_Cmd
    stm32f107.o(i.ADC_Configuration) refers to stm32f10x_adc.o(i.ADC_SoftwareStartConvCmd) for ADC_SoftwareStartConvCmd
    stm32f107.o(i.Ethernet_Configuration) refers to stm32f10x_gpio.o(i.GPIO_ETH_MediaInterfaceConfig) for GPIO_ETH_MediaInterfaceConfig
    stm32f107.o(i.Ethernet_Configuration) refers to stm32f10x_rcc.o(i.RCC_MCOConfig) for RCC_MCOConfig
    stm32f107.o(i.Ethernet_Configuration) refers to stm32_eth.o(i.ETH_DeInit) for ETH_DeInit
    stm32f107.o(i.Ethernet_Configuration) refers to stm32_eth.o(i.ETH_SoftwareReset) for ETH_SoftwareReset
    stm32f107.o(i.Ethernet_Configuration) refers to stm32_eth.o(i.ETH_GetSoftwareResetStatus) for ETH_GetSoftwareResetStatus
    stm32f107.o(i.Ethernet_Configuration) refers to stm32_eth.o(i.ETH_StructInit) for ETH_StructInit
    stm32f107.o(i.Ethernet_Configuration) refers to stm32_eth.o(i.ETH_Init) for ETH_Init
    stm32f107.o(i.Ethernet_Configuration) refers to stm32_eth.o(i.ETH_DMAITConfig) for ETH_DMAITConfig
    stm32f107.o(i.GPIO_Configuration) refers to stm32f10x_gpio.o(i.GPIO_Init) for GPIO_Init
    stm32f107.o(i.GPIO_Configuration) refers to stm32f10x_gpio.o(i.GPIO_PinRemapConfig) for GPIO_PinRemapConfig
    stm32f107.o(i.NVIC_Configuration) refers to misc.o(i.NVIC_SetVectorTable) for NVIC_SetVectorTable
    stm32f107.o(i.NVIC_Configuration) refers to misc.o(i.NVIC_PriorityGroupConfig) for NVIC_PriorityGroupConfig
    stm32f107.o(i.NVIC_Configuration) refers to misc.o(i.NVIC_Init) for NVIC_Init
    stm32f107.o(i.System_Setup) refers to system_stm32f10x.o(i.SystemInit) for SystemInit
    stm32f107.o(i.System_Setup) refers to mb_m.o(i.eMBMasterInit) for eMBMasterInit
    stm32f107.o(i.System_Setup) refers to mb_m.o(i.eMBMasterEnable) for eMBMasterEnable
    stm32f107.o(i.System_Setup) refers to stm32f10x_rcc.o(i.RCC_AHBPeriphClockCmd) for RCC_AHBPeriphClockCmd
    stm32f107.o(i.System_Setup) refers to stm32f10x_rcc.o(i.RCC_APB2PeriphClockCmd) for RCC_APB2PeriphClockCmd
    stm32f107.o(i.System_Setup) refers to stm32f107.o(i.NVIC_Configuration) for NVIC_Configuration
    stm32f107.o(i.System_Setup) refers to stm32f107.o(i.GPIO_Configuration) for GPIO_Configuration
    stm32f107.o(i.System_Setup) refers to stm32f107.o(i.Ethernet_Configuration) for Ethernet_Configuration
    stm32f107.o(i.System_Setup) refers to stm32f10x_rcc.o(i.RCC_GetClocksFreq) for RCC_GetClocksFreq
    stm32f107.o(i.System_Setup) refers to stm32f107.o(i.NVIC_SetPriority) for NVIC_SetPriority
[...]
    eMBMasterInit                            0x08003ba5   Thumb Code   120  mb_m.o(i.eMBMasterInit)
    eMBMasterPoll                            0x08003c49   Thumb Code   318  mb_m.o(i.eMBMasterPoll)
    eMBMasterRTUInit                         0x08003d99   Thumb Code    80  mbrtu_m.o(i.eMBMasterRTUInit)
    eMBMasterRTUReceive                      0x08003ded   Thumb Code    50  mbrtu_m.o(i.eMBMasterRTUReceive)
    eMBMasterRTUSend                         0x08003e29   Thumb Code    72  mbrtu_m.o(i.eMBMasterRTUSend)
    eMBMasterRTUStart                        0x08003e75   Thumb Code    30  mbrtu_m.o(i.eMBMasterRTUStart)
    eMBMasterRTUStop                         0x08003e99   Thumb Code    24  mbrtu_m.o(i.eMBMasterRTUStop)
    efs_init                                 0x08003eb1   Thumb Code   122  efs.o(i.efs_init)
    etharp_cleanup_netif                     0x080040b5   Thumb Code    52  etharp.o(i.etharp_cleanup_netif)
    etharp_output                            0x080042e1   Thumb Code   364  etharp.o(i.etharp_output)
    etharp_query                             0x080044dd   Thumb Code   448  etharp.o(i.etharp_query)
    etharp_request                           0x080047b5   Thumb Code    36  etharp.o(i.etharp_request)
    etharp_tmr                               0x08004825   Thumb Code   136  etharp.o(i.etharp_tmr)
    ethernet_input                           0x0800497d   Thumb Code   226  etharp.o(i.ethernet_input)
    ethernetif_init                          0x08004a69   Thumb Code    72  ethernetif.o(i.ethernetif_init)
    ethernetif_input                         0x08004ac1   Thumb Code    44  ethernetif.o(i.ethernetif_input)
    ex_getPartitionField                     0x08004aed   Thumb Code    76  extract.o(i.ex_getPartitionField)
    ex_getb16                                0x08004b39   Thumb Code    16  extract.o(i.ex_getb16)
    ex_getb32                                0x08004b49   Thumb Code    30  extract.o(i.ex_getb32)
    fat_DiscToLogicCluster                   0x08004b67   Thumb Code    70  fat.o(i.fat_DiscToLogicCluster)
    fat_LogicToDiscCluster                   0x08004bad   Thumb Code    92  fat.o(i.fat_LogicToDiscCluster)
    fat_allocClusterChain                    0x08004c09   Thumb Code   314  fat.o(i.fat_allocClusterChain)
    fat_countClustersInChain                 0x08004d43   Thumb Code    56  fat.o(i.fat_countClustersInChain)
    fat_getNextClusterAddress                0x08004d7b   Thumb Code   192  fat.o(i.fat_getNextClusterAddress)
    fat_getNextClusterAddressWBuf            0x08004e3b   Thumb Code   160  fat.o(i.fat_getNextClusterAddressWBuf)
    fat_getNextClusterChain                  0x08004edb   Thumb Code   176  fat.o(i.fat_getNextClusterChain)
    fat_getSectorAddressFatEntry             0x08004f8b   Thumb Code    80  fat.o(i.fat_getSectorAddressFatEntry)
    fat_giveEocMarker                        0x08004fdb   Thumb Code    42  fat.o(i.fat_giveEocMarker)
    fat_isEocMarker                          0x08005005   Thumb Code    70  fat.o(i.fat_isEocMarker)
    fat_setNextClusterAddress                0x08005051   Thumb Code   304  fat.o(i.fat_setNextClusterAddress)
    fat_setNextClusterAddressWBuf            0x08005181   Thumb Code   240  fat.o(i.fat_setNextClusterAddressWBuf)
    file_fclose                              0x08005271   Thumb Code   104  file.o(i.file_fclose)
    file_fopen                               0x080052d9   Thumb Code   634  file.o(i.file_fopen)
    file_fread                               0x08005553   Thumb Code   282  file.o(i.file_fread)
    file_fwrite                              0x0800566d   Thumb Code   352  file.o(i.file_fwrite)
    file_getAttr                             0x080057cd   Thumb Code    14  file.o(i.file_getAttr)
    file_initFile                            0x080057db   Thumb Code    50  file.o(i.file_initFile)
    file_normalToFatName                     0x0800580d   Thumb Code   150  file.o(i.file_normalToFatName)
    file_read                                0x080058a3   Thumb Code    36  file.o(i.file_read)
    file_requiredCluster                     0x080058c7   Thumb Code   110  file.o(i.file_requiredCluster)
    file_setAttr                             0x08005935   Thumb Code    36  file.o(i.file_setAttr)
    file_setpos                              0x08005959   Thumb Code    20  file.o(i.file_setpos)
    file_validateChar                        0x0800596d   Thumb Code    68  file.o(i.file_validateChar)
    file_write                               0x080059b1   Thumb Code    36  file.o(i.file_write)
    fs_clearCluster                          0x080059d5   Thumb Code    70  fs.o(i.fs_clearCluster)
    fs_clusterToSector                       0x08005a1b   Thumb Code    56  fs.o(i.fs_clusterToSector)
    fs_countDataSectors                      0x08005a53   Thumb Code    88  fs.o(i.fs_countDataSectors)
    fs_determineFatType                      0x08005aab   Thumb Code    52  fs.o(i.fs_determineFatType)
    fs_findFile                              0x08005adf   Thumb Code   208  fs.o(i.fs_findFile)
    fs_findFirstSectorRootDir                0x08005baf   Thumb Code    46  fs.o(i.fs_findFirstSectorRootDir)
    fs_findFreeFile                          0x08005bdd   Thumb Code   112  fs.o(i.fs_findFreeFile)
    fs_flushFs                               0x08005c4d   Thumb Code    16  fs.o(i.fs_flushFs)
    fs_getFirstClusterRootDir                0x08005c5d   Thumb Code    18  fs.o(i.fs_getFirstClusterRootDir)
    fs_getLastCluster                        0x08005c6f   Thumb Code    60  fs.o(i.fs_getLastCluster)
    fs_getNextFreeCluster                    0x08005cab   Thumb Code    38  fs.o(i.fs_getNextFreeCluster)
    fs_giveFreeClusterHint                   0x08005cd1   Thumb Code     6  fs.o(i.fs_giveFreeClusterHint)
    fs_hasTimeSupport                        0x08005cd7   Thumb Code     4  time.o(i.fs_hasTimeSupport)
    fs_initClusterChain                      0x08005cdb   Thumb Code    16  fs.o(i.fs_initClusterChain)
    fs_initCurrentDir                        0x08005ceb   Thumb Code    14  fs.o(i.fs_initCurrentDir)
    fs_initFs                                0x08005cf9   Thumb Code    72  fs.o(i.fs_initFs)
    fs_isValidFat                            0x08005d41   Thumb Code    50  fs.o(i.fs_isValidFat)
    fs_loadVolumeId                          0x08005d73   Thumb Code   116  fs.o(i.fs_loadVolumeId)
    fs_setFirstClusterInDirEntry             0x08005de7   Thumb Code     8  fs.o(i.fs_setFirstClusterInDirEntry)
    fs_umount                                0x08005def   Thumb Code    12  fs.o(i.fs_umount)
    fs_verifySanity                          0x08005dfb   Thumb Code   178  fs.o(i.fs_verifySanity)
    get_spi_BaudRatePrescaler                0x08005ead   Thumb Code     6  sd.o(i.get_spi_BaudRatePrescaler)
    icmp_dest_unreach                        0x08005eb3   Thumb Code    18  icmp.o(i.icmp_dest_unreach)
    icmp_input                               0x08005ec5   Thumb Code   552  icmp.o(i.icmp_input)
    icmp_time_exceeded                       0x08006191   Thumb Code    18  icmp.o(i.icmp_time_exceeded)
    if_initInterface                         0x080061a3   Thumb Code    76  sd_stm32.o(i.if_initInterface)
    if_readBuf                               0x080061ef   Thumb Code    24  sd_stm32.o(i.if_readBuf)
    if_spiInit                               0x08006209   Thumb Code    38  sd_stm32.o(i.if_spiInit)
    if_spiSend                               0x08006235   Thumb Code    70  sd_stm32.o(i.if_spiSend)
    if_writeBuf                              0x08006285   Thumb Code    20  sd_stm32.o(i.if_writeBuf)
    inet_chksum                              0x08006299   Thumb Code    20  inet_chksum.o(i.inet_chksum)
    inet_chksum_pbuf                         0x080062ad   Thumb Code    86  inet_chksum.o(i.inet_chksum_pbuf)
    inet_chksum_pseudo                       0x08006303   Thumb Code   190  inet_chksum.o(i.inet_chksum_pseudo)
    ioman_decUseCnt                          0x080063c1   Thumb Code    40  ioman.o(i.ioman_decUseCnt)
    ioman_directSectorRead                   0x080063e9   Thumb Code   134  ioman.o(i.ioman_directSectorRead)
    ioman_directSectorWrite                  0x0800646f   Thumb Code   168  ioman.o(i.ioman_directSectorWrite)
    ioman_findFreeSpot                       0x08006517   Thumb Code    40  ioman.o(i.ioman_findFreeSpot)
    ioman_findOverallocableSpot              0x0800653f   Thumb Code   116  ioman.o(i.ioman_findOverallocableSpot)
    ioman_findSectorInCache                  0x080065b3   Thumb Code    54  ioman.o(i.ioman_findSectorInCache)
    ioman_findUnusedSpot                     0x080065e9   Thumb Code   146  ioman.o(i.ioman_findUnusedSpot)
    ioman_flushRange                         0x0800667b   Thumb Code   110  ioman.o(i.ioman_flushRange)
    ioman_flushSector                        0x080066e9   Thumb Code    96  ioman.o(i.ioman_flushSector)
    ioman_getAttr                            0x08006749   Thumb Code    32  ioman.o(i.ioman_getAttr)
    ioman_getBp                              0x08006769   Thumb Code    46  ioman.o(i.ioman_getBp)
    ioman_getBuffer                          0x08006797   Thumb Code     8  ioman.o(i.ioman_getBuffer)
    ioman_getPtr                             0x0800679f   Thumb Code    24  ioman.o(i.ioman_getPtr)
    ioman_getRefCnt                          0x080067b7   Thumb Code    24  ioman.o(i.ioman_getRefCnt)
    ioman_getSector                          0x080067cf   Thumb Code   324  ioman.o(i.ioman_getSector)
    ioman_getUseCnt                          0x08006913   Thumb Code    24  ioman.o(i.ioman_getUseCnt)
    ioman_incRefCnt                          0x0800692b   Thumb Code    42  ioman.o(i.ioman_incRefCnt)
    ioman_incUseCnt                          0x08006955   Thumb Code    42  ioman.o(i.ioman_incUseCnt)
    ioman_init                               0x0800697f   Thumb Code    36  ioman.o(i.ioman_init)
    ioman_pop                                0x080069a3   Thumb Code   128  ioman.o(i.ioman_pop)
    ioman_push                               0x08006a23   Thumb Code   120  ioman.o(i.ioman_push)
    ioman_putSectorInCache                   0x08006a9b   Thumb Code    76  ioman.o(i.ioman_putSectorInCache)
    ioman_readSector                         0x08006ae7   Thumb Code    46  ioman.o(i.ioman_readSector)
    ioman_releaseSector                      0x08006b15   Thumb Code    90  ioman.o(i.ioman_releaseSector)
    ioman_reset                              0x08006b6f   Thumb Code   122  ioman.o(i.ioman_reset)
    ioman_resetCacheItem                     0x08006be9   Thumb Code    36  ioman.o(i.ioman_resetCacheItem)
    ioman_setAttr                            0x08006c0d   Thumb Code    56  ioman.o(i.ioman_setAttr)
    ioman_writeSector                        0x08006c45   Thumb Code    48  ioman.o(i.ioman_writeSector)
    ip4_addr_isbroadcast                     0x08006c75   Thumb Code    78  ip_addr.o(i.ip4_addr_isbroadcast)
    ip_frag                                  0x08006cc5   Thumb Code   438  ip_frag.o(i.ip_frag)
    ip_input                                 0x08006ea9   Thumb Code   590  ip.o(i.ip_input)
    ip_output                                0x08007111   Thumb Code    88  ip.o(i.ip_output)
    ip_output_if                             0x0800716d   Thumb Code   352  ip.o(i.ip_output_if)
    ip_reass                                 0x080072d5   Thumb Code   448  ip_frag.o(i.ip_reass)
    ip_route                                 0x08007835   Thumb Code    92  ip.o(i.ip_route)
    ls_openDir                               0x080079d9   Thumb Code    68  ls.o(i.ls_openDir)
    lwip_htonl                               0x08007a1d   Thumb Code    26  def.o(i.lwip_htonl)
    lwip_htons                               0x08007a37   Thumb Code    12  def.o(i.lwip_htons)
    lwip_ntohl                               0x08007a43   Thumb Code    12  def.o(i.lwip_ntohl)
    lwip_ntohs                               0x08007a4f   Thumb Code    12  def.o(i.lwip_ntohs)
    main                                     0x08007ab9   Thumb Code   100  main.o(i.main)
    memClr                                   0x08007b2d   Thumb Code    18  plibc.o(i.memClr)
    memCpy                                   0x08007b3f   Thumb Code    24  plibc.o(i.memCpy)
    mem_free                                 0x08007b59   Thumb Code   154  mem.o(i.mem_free)
    mem_init                                 0x08007bfd   Thumb Code    90  mem.o(i.mem_init)
    mem_malloc                               0x08007c65   Thumb Code   420  mem.o(i.mem_malloc)
    mem_trim                                 0x08007e11   Thumb Code   402  mem.o(i.mem_trim)
    memp_free                                0x08007fad   Thumb Code    80  memp.o(i.memp_free)
    memp_init                                0x08008009   Thumb Code   144  memp.o(i.memp_init)
    memp_malloc                              0x080080a5   Thumb Code   184  memp.o(i.memp_malloc)
    netif_add                                0x08008195   Thumb Code   112  netif.o(i.netif_add)
    netif_set_addr                           0x0800820d   Thumb Code    40  netif.o(i.netif_set_addr)
    netif_set_default                        0x08008235   Thumb Code     6  netif.o(i.netif_set_default)
    netif_set_down                           0x08008241   Thumb Code    42  netif.o(i.netif_set_down)
    netif_set_gw                             0x0800826b   Thumb Code    12  netif.o(i.netif_set_gw)
    netif_set_ipaddr                         0x08008279   Thumb Code   128  netif.o(i.netif_set_ipaddr)
    netif_set_netmask                        0x08008301   Thumb Code    12  netif.o(i.netif_set_netmask)
    netif_set_up                             0x0800830d   Thumb Code    54  netif.o(i.netif_set_up)
    part_directSectorRead                    0x08008343   Thumb Code    36  partition.o(i.part_directSectorRead)
    part_directSectorWrite                   0x08008367   Thumb Code    36  partition.o(i.part_directSectorWrite)
    part_flushPart                           0x0800838b   Thumb Code    46  partition.o(i.part_flushPart)
    part_getRealLBA                          0x080083b9   Thumb Code    20  partition.o(i.part_getRealLBA)
    part_getSect                             0x080083cd   Thumb Code    36  partition.o(i.part_getSect)
    part_initPartition                       0x080083f1   Thumb Code    46  partition.o(i.part_initPartition)
    part_isFatPart                           0x0800841f   Thumb Code    38  partition.o(i.part_isFatPart)
    part_relSect                             0x08008445   Thumb Code    18  partition.o(i.part_relSect)
    pbuf_alloc                               0x08008457   Thumb Code   530  pbuf.o(i.pbuf_alloc)
    pbuf_alloced_custom                      0x08008669   Thumb Code   110  pbuf.o(i.pbuf_alloced_custom)
    pbuf_cat                                 0x080086d7   Thumb Code    76  pbuf.o(i.pbuf_cat)
    pbuf_chain                               0x08008723   Thumb Code    22  pbuf.o(i.pbuf_chain)
    pbuf_clen                                0x08008739   Thumb Code    18  pbuf.o(i.pbuf_clen)
    pbuf_copy                                0x0800874b   Thumb Code   228  pbuf.o(i.pbuf_copy)
    pbuf_copy_partial                        0x0800882f   Thumb Code   154  pbuf.o(i.pbuf_copy_partial)
    pbuf_free                                0x080088c9   Thumb Code   186  pbuf.o(i.pbuf_free)
    pbuf_header                              0x08008983   Thumb Code   140  pbuf.o(i.pbuf_header)
    pbuf_realloc                             0x08008a0f   Thumb Code   178  pbuf.o(i.pbuf_realloc)
    pbuf_ref                                 0x08008ac1   Thumb Code    10  pbuf.o(i.pbuf_ref)
    process_tftp_request                     0x08008b85   Thumb Code   376  tftpserver.o(i.process_tftp_request)
    raw_input                                0x08008d5d   Thumb Code   108  raw.o(i.raw_input)
    recv_callback_tftp                       0x08008dd5   Thumb Code    34  tftpserver.o(i.recv_callback_tftp)
    rrq_recv_callback                        0x08008df9   Thumb Code   102  tftpserver.o(i.rrq_recv_callback)
    sd_Command                               0x08008e69   Thumb Code    82  sd.o(i.sd_Command)
    sd_Command_crc                           0x08008ebb   Thumb Code   140  sd.o(i.sd_Command_crc)
    sd_Init                                  0x08008f49   Thumb Code   626  sd.o(i.sd_Init)
    sd_Resp16b                               0x080091c1   Thumb Code    32  sd.o(i.sd_Resp16b)
    sd_Resp8b                                0x080091e1   Thumb Code    38  sd.o(i.sd_Resp8b)
    sd_Resp8bError                           0x08009207   Thumb Code    52  sd.o(i.sd_Resp8bError)
    sd_State                                 0x0800923b   Thumb Code   112  sd.o(i.sd_State)
    sd_getDriveSize                          0x080092ad   Thumb Code   340  sd.o(i.sd_getDriveSize)
    sd_readSector                            0x0800941d   Thumb Code   174  sd.o(i.sd_readSector)
    sd_writeSector                           0x080094d1   Thumb Code   136  sd.o(i.sd_writeSector)
    strMatch                                 0x0800955d   Thumb Code    30  plibc.o(i.strMatch)
    tcp_abandon                              0x0800957d   Thumb Code   148  tcp.o(i.tcp_abandon)
    tcp_abort                                0x0800961d   Thumb Code    14  tcp.o(i.tcp_abort)
    tcp_alloc                                0x0800962d   Thumb Code   258  tcp.o(i.tcp_alloc)
    tcp_bind                                 0x08009745   Thumb Code   162  tcp.o(i.tcp_bind)
    tcp_client_callback                      0x080097f5   Thumb Code   102  client_tcpudp.o(i.tcp_client_callback)
    tcp_client_connected                     0x08009879   Thumb Code    50  client_tcpudp.o(i.tcp_client_connected)
    tcp_client_err                           0x080098b5   Thumb Code    36  client_tcpudp.o(i.tcp_client_err)
    tcp_client_reciver                       0x080098dd   Thumb Code   964  client_tcpudp.o(i.tcp_client_reciver)
    tcp_close                                0x08009d65   Thumb Code    28  tcp.o(i.tcp_close)
    tcp_connect                              0x08009f55   Thumb Code   330  tcp.o(i.tcp_connect)
    tcp_eff_send_mss                         0x0800a191   Thumb Code    46  tcp.o(i.tcp_eff_send_mss)
    tcp_enqueue_flags                        0x0800a1c1   Thumb Code   392  tcp_out.o(i.tcp_enqueue_flags)
    tcp_err                                  0x0800a34d   Thumb Code    20  tcp.o(i.tcp_err)
    tcp_fasttmr                              0x0800a361   Thumb Code   118  tcp.o(i.tcp_fasttmr)
    tcp_input                                0x0800a3e5   Thumb Code  1418  tcp_in.o(i.tcp_input)
    tcp_keepalive                            0x0800a989   Thumb Code    98  tcp_out.o(i.tcp_keepalive)
    tcp_new                                  0x0800abc9   Thumb Code    10  tcp.o(i.tcp_new)
    tcp_next_iss                             0x0800ac3d   Thumb Code    20  tcp.o(i.tcp_next_iss)
    tcp_output                               0x0800ac59   Thumb Code   476  tcp_out.o(i.tcp_output)
    tcp_pcb_purge                            0x0800b10b   Thumb Code    64  tcp.o(i.tcp_pcb_purge)
    tcp_pcb_remove                           0x0800b14d   Thumb Code   156  tcp.o(i.tcp_pcb_remove)
    tcp_process_refused_data                 0x0800b7c1   Thumb Code   140  tcp.o(i.tcp_process_refused_data)
    tcp_recv                                 0x0800bf55   Thumb Code    18  tcp.o(i.tcp_recv)
    tcp_recv_null                            0x0800bf67   Thumb Code    46  tcp.o(i.tcp_recv_null)
    tcp_recved                               0x0800bf95   Thumb Code    96  tcp.o(i.tcp_recved)
    tcp_rexmit                               0x0800bff5   Thumb Code    88  tcp_out.o(i.tcp_rexmit)
    tcp_rexmit_fast                          0x0800c04d   Thumb Code   112  tcp_out.o(i.tcp_rexmit_fast)
    tcp_rexmit_rto                           0x0800c0bd   Thumb Code    56  tcp_out.o(i.tcp_rexmit_rto)
    tcp_rst                                  0x0800c0f5   Thumb Code   192  tcp_out.o(i.tcp_rst)
    tcp_seg_free                             0x0800c1b9   Thumb Code    26  tcp.o(i.tcp_seg_free)
    tcp_segs_free                            0x0800c1d3   Thumb Code    24  tcp.o(i.tcp_segs_free)
    tcp_send_empty_ack                       0x0800c1eb   Thumb Code    96  tcp_out.o(i.tcp_send_empty_ack)
    tcp_send_fin                             0x0800c24b   Thumb Code    74  tcp_out.o(i.tcp_send_fin)
    tcp_slowtmr                              0x0800c295   Thumb Code   874  tcp.o(i.tcp_slowtmr)
    tcp_timer_needed                         0x0800c61d   Thumb Code     2  timers.o(i.tcp_timer_needed)
    tcp_tmr                                  0x0800c6cd   Thumb Code    30  tcp.o(i.tcp_tmr)
    tcp_update_rcv_ann_wnd                   0x0800c6f1   Thumb Code    88  tcp.o(i.tcp_update_rcv_ann_wnd)
    tcp_write                                0x0800c749   Thumb Code  1094  tcp_out.o(i.tcp_write)
    tcp_zero_window_probe                    0x0800cc31   Thumb Code   198  tcp_out.o(i.tcp_zero_window_probe)
    tftp_cleanup_rd                          0x0800ccfd   Thumb Code    50  tftpserver.o(i.tftp_cleanup_rd)
    tftp_cleanup_wr                          0x0800cd41   Thumb Code    50  tftpserver.o(i.tftp_cleanup_wr)
    tftp_construct_error_message             0x0800cd85   Thumb Code    50  tftpserver.o(i.tftp_construct_error_message)
    tftp_decode_op                           0x0800cdbd   Thumb Code     6  tftputils.o(i.tftp_decode_op)
    tftp_extract_block                       0x0800cdc3   Thumb Code    16  tftputils.o(i.tftp_extract_block)
    tftp_extract_filename                    0x0800cdd3   Thumb Code    16  tftputils.o(i.tftp_extract_filename)
    tftp_is_correct_ack                      0x0800cde3   Thumb Code    38  tftputils.o(i.tftp_is_correct_ack)
    tftp_process_read                        0x0800ce09   Thumb Code   166  tftpserver.o(i.tftp_process_read)
    tftp_process_write                       0x0800cec9   Thumb Code   150  tftpserver.o(i.tftp_process_write)
    tftp_send_ack_packet                     0x0800cf6d   Thumb Code    48  tftpserver.o(i.tftp_send_ack_packet)
    tftp_send_data_packet                    0x0800cf9d   Thumb Code    76  tftpserver.o(i.tftp_send_data_packet)
    tftp_send_error_message                  0x0800cfe9   Thumb Code    50  tftpserver.o(i.tftp_send_error_message)
    tftp_send_message                        0x0800d01b   Thumb Code    80  tftpserver.o(i.tftp_send_message)
    tftp_send_next_block                     0x0800d06d   Thumb Code    56  tftpserver.o(i.tftp_send_next_block)
    tftp_set_block                           0x0800d0a9   Thumb Code    20  tftputils.o(i.tftp_set_block)
    tftp_set_data_message                    0x0800d0bd   Thumb Code    20  tftputils.o(i.tftp_set_data_message)
    tftp_set_errorcode                       0x0800d0d1   Thumb Code     8  tftputils.o(i.tftp_set_errorcode)
    tftp_set_errormsg                        0x0800d0d9   Thumb Code    16  tftputils.o(i.tftp_set_errormsg)
    tftp_set_opcode                          0x0800d0e9   Thumb Code     8  tftputils.o(i.tftp_set_opcode)
    ucMBMasterGetDestAddress                 0x0800d0f1   Thumb Code     6  mb_m.o(i.ucMBMasterGetDestAddress)
    ucMBMasterGetPDUSndLength                0x0800d0fd   Thumb Code     6  mbrtu_m.o(i.ucMBMasterGetPDUSndLength)
    udp_bind                                 0x0800d109   Thumb Code   132  udp.o(i.udp_bind)
    udp_client_callback                      0x0800d191   Thumb Code   732  client_tcpudp.o(i.udp_client_callback)
    udp_client_callback_app                  0x0800d4cd   Thumb Code    52  client_tcpudp.o(i.udp_client_callback_app)
    udp_connect                              0x0800d50d   Thumb Code    94  udp.o(i.udp_connect)
    udp_disconnect                           0x0800d571   Thumb Code    16  udp.o(i.udp_disconnect)
    udp_input                                0x0800d581   Thumb Code   634  udp.o(i.udp_input)
    udp_new                                  0x0800d80d   Thumb Code    28  udp.o(i.udp_new)
    udp_recv                                 0x0800d881   Thumb Code     6  udp.o(i.udp_recv)
    udp_remove                               0x0800d889   Thumb Code    60  udp.o(i.udp_remove)
    udp_sendto                               0x0800d8c9   Thumb Code    68  udp.o(i.udp_sendto)
    udp_sendto_if                            0x0800d911   Thumb Code   294  udp.o(i.udp_sendto_if)
    vMBMasterGetPDUSndBuf                    0x0800da3d   Thumb Code     6  mbrtu_m.o(i.vMBMasterGetPDUSndBuf)
    vMBMasterPortSerialEnable                0x0800da49   Thumb Code    84  portserial_m.o(i.vMBMasterPortSerialEnable)
    vMBMasterPortTimersConvertDelayEnable    0x0800daa5   Thumb Code    78  porttimer_m.o(i.vMBMasterPortTimersConvertDelayEnable)
    vMBMasterPortTimersDisable               0x0800dafd   Thumb Code    38  porttimer_m.o(i.vMBMasterPortTimersDisable)
    vMBMasterPortTimersRespondTimeoutEnable  0x0800db29   Thumb Code    78  porttimer_m.o(i.vMBMasterPortTimersRespondTimeoutEnable)
    vMBMasterPortTimersT35Enable             0x0800db81   Thumb Code    80  porttimer_m.o(i.vMBMasterPortTimersT35Enable)
    vMBMasterSetCurTimerMode                 0x0800dbd9   Thumb Code     6  mbrtu_m.o(i.vMBMasterSetCurTimerMode)
    vMBMasterSetIsBusy                       0x0800dbe5   Thumb Code     6  mb_m.o(i.vMBMasterSetIsBusy)
    wrq_recv_callback                        0x0800dbf1   Thumb Code   198  tftpserver.o(i.wrq_recv_callback)
    xMBMasterPortEventGet                    0x0800dcbd   Thumb Code    28  portevent_m.o(i.xMBMasterPortEventGet)
    xMBMasterPortEventInit                   0x0800dcdd   Thumb Code    10  portevent_m.o(i.xMBMasterPortEventInit)
    xMBMasterPortEventPost                   0x0800dced   Thumb Code    16  portevent_m.o(i.xMBMasterPortEventPost)
    xMBMasterPortSerialGetByte               0x0800dd01   Thumb Code    16  portserial_m.o(i.xMBMasterPortSerialGetByte)
    xMBMasterPortSerialInit                  0x0800dd15   Thumb Code   270  portserial_m.o(i.xMBMasterPortSerialInit)
    xMBMasterPortSerialPutByte               0x0800de31   Thumb Code    16  portserial_m.o(i.xMBMasterPortSerialPutByte)
    xMBMasterPortTimersInit                  0x0800de45   Thumb Code   100  porttimer_m.o(i.xMBMasterPortTimersInit)
    xMBMasterRTUReceiveFSM                   0x0800deb1   Thumb Code   140  mbrtu_m.o(i.xMBMasterRTUReceiveFSM)
    xMBMasterRTUTimerExpired                 0x0800df45   Thumb Code   112  mbrtu_m.o(i.xMBMasterRTUTimerExpired)
    xMBMasterRTUTransmitFSM                  0x0800dfb9   Thumb Code   130  mbrtu_m.o(i.xMBMasterRTUTransmitFSM)
    tcp_state_str                            0x0800e068   Data          44  tcp.o(.constdata)
    tcp_backoff                              0x0800e094   Data          13  tcp.o(.constdata)
    tcp_persist_backoff                      0x0800e0a1   Data           7  tcp.o(.constdata)
    tcp_pcb_lists                            0x0800e0a8   Data          16  tcp.o(.constdata)
    ip_addr_any                              0x0800e0b8   Data           4  ip_addr.o(.constdata)
    ip_addr_broadcast                        0x0800e0bc   Data           4  ip_addr.o(.constdata)
    ethbroadcast                             0x0800e0c0   Data           6  etharp.o(.constdata)
    ethzero                                  0x0800e0c6   Data           6  etharp.o(.constdata)
    Region$$Table$$Base                      0x0800e1c8   Number         0  anon$$obj.o(Region$$Table)
    Region$$Table$$Limit                     0x0800e1e8   Number         0  anon$$obj.o(Region$$Table)
    TCPTimer                                 0x20000000   Data           4  netconf.o(.data)
    ARPTimer                                 0x20000004   Data           4  netconf.o(.data)
    DHCPfineTimer                            0x20000008   Data           4  netconf.o(.data)
    DHCPcoarseTimer                          0x2000000c   Data           4  netconf.o(.data)
    LedToggle                                0x20000014   Data           1  netconf.o(.data)
    Server                                   0x20000015   Data           1  netconf.o(.data)
    macaddress                               0x20000016   Data           6  netconf.o(.data)
    Tcplink                                  0x2000001c   Data           1  client_tcpudp.o(.data)
    Udplink                                  0x2000001d   Data           1  client_tcpudp.o(.data)
    retry_TCP_connect                        0x20000020   Data           4  client_tcpudp.o(.data)
    SystemRunTime                            0x20000024   Data           4  client_tcpudp.o(.data)
    TCPCreatTrm                              0x20000028   Data           4  client_tcpudp.o(.data)
    RunSecTimer                              0x2000002c   Data           4  client_tcpudp.o(.data)
    cansent                                  0x20000030   Data           1  client_tcpudp.o(.data)
    TcpRecvLenth                             0x20000034   Data           4  client_tcpudp.o(.data)
    Data                                     0x20000038   Data           2  client_tcpudp.o(.data)
    Data1                                    0x2000003a   Data           2  client_tcpudp.o(.data)
    Statues_MB                               0x2000003c   Data           1  client_tcpudp.o(.data)
    SeverIP                                  0x2000003d   Data           4  client_tcpudp.o(.data)
    SeverPORT                                0x20000044   Data           4  client_tcpudp.o(.data)
    Mb2TcpLenth                              0x20000048   Data           4  client_tcpudp.o(.data)
    num                                      0x2000004c   Data           1  client_tcpudp.o(.data)
    num1                                     0x2000004d   Data           1  client_tcpudp.o(.data)
    TCPSentCreatTrm                          0x20000050   Data           4  client_tcpudp.o(.data)
    wpcb                                     0x20000054   Data           4  client_tcpudp.o(.data)
    upcb                                     0x20000058   Data           4  client_tcpudp.o(.data)
    tftp_errorcode_string                    0x2000005c   Data          32  tftpserver.o(.data)
    tftptimeoutTimer                         0x2000007c   Data           1  tftpserver.o(.data)
    tftptimeout                              0x2000007d   Data           1  tftpserver.o(.data)
    Timeoutargs                              0x20000080   Data           4  tftpserver.o(.data)
    Timeoutupcb                              0x20000084   Data           4  tftpserver.o(.data)
    Timeoutaddr                              0x20000088   Data           4  tftpserver.o(.data)
    Timeoutport                              0x2000008c   Data           2  tftpserver.o(.data)
    Timeoutportpkt_buf                       0x20000090   Data           4  tftpserver.o(.data)
    UDPpcb                                   0x20000094   Data           4  tftpserver.o(.data)
    LocalTime                                0x20000098   Data           4  main.o(.data)
    poll_net_data_lock                       0x2000009c   Data           1  main.o(.data)
    timingdelay                              0x200000a0   Data           4  main.o(.data)
    flash_net_buf                            0x200000a4   Data           8  main.o(.data)
    ipaddr_sever                             0x200000ac   Data           4  main.o(.data)
    port_sever                               0x200000b0   Data           2  main.o(.data)
    DMATxDescToSet                           0x200000c8   Data           4  stm32_eth.o(.data)
    DMARxDescToGet                           0x200000cc   Data           4  stm32_eth.o(.data)
    DMAPTPTxDescToSet                        0x200000d0   Data           4  stm32_eth.o(.data)
    DMAPTPRxDescToGet                        0x200000d4   Data           4  stm32_eth.o(.data)
    mf                                       0x200000e8   Data           4  memp.o(.data)
    netif_list                               0x200000ec   Data           4  netif.o(.data)
    netif_default                            0x200000f0   Data           4  netif.o(.data)
    tcp_ticks                                0x20000104   Data           4  tcp.o(.data)
    tcp_bound_pcbs                           0x20000108   Data           4  tcp.o(.data)
    tcp_listen_pcbs                          0x2000010c   Data           4  tcp.o(.data)
    tcp_active_pcbs                          0x20000110   Data           4  tcp.o(.data)
    tcp_tw_pcbs                              0x20000114   Data           4  tcp.o(.data)
    tcp_tmp_pcb                              0x20000118   Data           4  tcp.o(.data)
    tcp_active_pcbs_changed                  0x2000011c   Data           1  tcp.o(.data)
    tcp_input_pcb                            0x2000013c   Data           4  tcp_in.o(.data)
    udp_pcbs                                 0x20000144   Data           4  udp.o(.data)
    current_netif                            0x20000148   Data           4  ip.o(.data)
    current_header                           0x2000014c   Data           4  ip.o(.data)
    current_iphdr_src                        0x20000150   Data           4  ip.o(.data)
    current_iphdr_dest                       0x20000154   Data           4  ip.o(.data)
    DMATxDesc                                0x20000164   Data           4  ethernetif.o(.data)
    tcp_end_time                             0x20000168   Data           4  ethernetif.o(.data)
    arp_end_time                             0x2000016c   Data           4  ethernetif.o(.data)
    MACaddr                                  0x20000170   Data           6  ethernetif.o(.data)
    SDcard                                   0x20000178   Data           1  sd.o(.data)
    max_clock                                0x2000017c   Data           4  sd.o(.data)
    pxMBMasterFrameCBByteReceived            0x200001a4   Data           4  mb_m.o(.data)
    pxMBMasterFrameCBTransmitterEmpty        0x200001a8   Data           4  mb_m.o(.data)
    pxMBMasterPortCBTimerExpired             0x200001ac   Data           4  mb_m.o(.data)
    pxMBMasterFrameCBReceiveFSMCur           0x200001b0   Data           4  mb_m.o(.data)
    pxMBMasterFrameCBTransmitFSMCur          0x200001b4   Data           4  mb_m.o(.data)
    Tick                                     0x200001e0   Data           4  modbus_main.o(.data)
    MasterCallTrm                            0x200001e4   Data           4  modbus_main.o(.data)
    netif                                    0x200001f0   Data          56  netconf.o(.bss)
    Udpbuf                                   0x20000228   Data          10  client_tcpudp.o(.bss)
    UID_STM32                                0x20000232   Data          16  client_tcpudp.o(.bss)
    TcpRecvBuf                               0x20000242   Data        1500  client_tcpudp.o(.bss)
    Mb2TcpBuff                               0x2000081e   Data         256  client_tcpudp.o(.bss)
    efs1                                     0x20000920   Data         692  tftpserver.o(.bss)
    efs2                                     0x20000bd4   Data         692  tftpserver.o(.bss)
    list1                                    0x20000e88   Data          52  tftpserver.o(.bss)
    list2                                    0x20000ebc   Data          52  tftpserver.o(.bss)
    file_SD                                  0x20000ef0   Data          80  tftpserver.o(.bss)
    file_CR                                  0x20000f40   Data          80  tftpserver.o(.bss)
    dhcp_rx_options_val                      0x20000f90   Data          40  dhcp.o(.bss)
    dhcp_rx_options_given                    0x20000fb8   Data          10  dhcp.o(.bss)
    ram_heap                                 0x20000fc2   Data        6164  mem.o(.bss)
    inf                                      0x200027d6   Data         100  mem.o(.bss)
    lwip_stats                               0x20009100   Data         268  stats.o(.bss)
    DMARxDscrTab                             0x200092e4   Data          64  ethernetif.o(.bss)
    DMATxDscrTab                             0x20009324   Data          32  ethernetif.o(.bss)
    Rx_Buff                                  0x20009344   Data        6080  ethernetif.o(.bss)
    Tx_Buff                                  0x2000ab04   Data        3040  ethernetif.o(.bss)
    Eth_Buff                                 0x2000b6e4   Data        1500  ethernetif.o(.bss)
    frameds                                  0x2000bcc0   Data          12  ethernetif.o(.bss)
    smtp_Tcp_count                           0x2000bccc   Data          40  smtp.o(.bss)
    TCP2RS485CMDLIST                         0x2000c035   Data        1024  modbus_main.o(.bss)
    __initial_sp                             0x2000c838   Data           0  startup_stm32f10x_cl.o(STACK)



==============================================================================

Memory Map of the image

  Image Entry point : 0x08000151

  Load Region LR_IROM1 (Base: 0x08000000, Size: 0x0000e3d8, Max: 0x00040000, ABSOLUTE, COMPRESSED[0x0000e244])

    Execution Region ER_IROM1 (Base: 0x08000000, Size: 0x0000e1e8, Max: 0x00040000, ABSOLUTE)

    Base Addr    Size         Type   Attr      Idx    E Section Name        Object

    0x08000000   0x00000150   Data   RO         6712    RESET               startup_stm32f10x_cl.o
    0x08000150   0x00000000   Code   RO         8680  * .ARM.Collect$$$$00000000  entry.o(mc_w.l)
    0x08000150   0x00000004   Code   RO         8974    .ARM.Collect$$$$00000001  entry2.o(mc_w.l)
    0x08000154   0x00000004   Code   RO         8977    .ARM.Collect$$$$00000004  entry5.o(mc_w.l)
    0x08000158   0x00000008   Code   RO         8978    .ARM.Collect$$$$00000007  entry7.o(mc_w.l)
    0x08000160   0x00000004   Code   RO         8975    .ARM.Collect$$$$00002712  entry2.o(mc_w.l)
    0x08000164   0x00000002   Code   RO          165    .emb_text           stm32f10x_it.o
    0x08000166   0x00000002   PAD
    0x08000168   0x00000024   Code   RO         6713    .text               startup_stm32f10x_cl.o
    0x0800018c   0x00000024   Code   RO         8683    .text               memcpya.o(mc_w.l)
    0x080001b0   0x00000026   Code   RO         8685    .text               memseta.o(mc_w.l)
    0x080001d6   0x00000010   Code   RO         8691    .text               strlen.o(mc_w.l)
    0x080001e6   0x00000014   Code   RO         8695    .text               memchr.o(mc_w.l)
    0x080001fa   0x0000001a   Code   RO         8697    .text               memcmp.o(mc_w.l)
    0x08000214   0x00000012   Code   RO         8699    .text               strcpy.o(mc_w.l)
    0x08000226   0x0000001e   Code   RO         8701    .text               strncmp.o(mc_w.l)
    0x08000244   0x0000002c   Code   RO         8982    .text               uidiv.o(mc_w.l)
    0x08000270   0x00000024   Code   RO         9036    .text               init.o(mc_w.l)
    0x08000294   0x0000005e   Code   RO         9053    .text               __dczerorl2.o(mc_w.l)
    0x080002f2   0x00000004   Code   RO          166    i.BusFault_Handler  stm32f10x_it.o
    0x080002f6   0x00000002   Code   RO          167    i.DebugMon_Handler  stm32f10x_it.o
    0x080002f8   0x0000000c   Code   RO         4419    i.ETH_DMAClearITPendingBit  stm32_eth.o
    0x08000304   0x00000020   Code   RO         4420    i.ETH_DMAITConfig   stm32_eth.o
    0x08000324   0x00000024   Code   RO         4423    i.ETH_DMAReceptionCmd  stm32_eth.o
    0x08000348   0x00000050   Code   RO         4424    i.ETH_DMARxDescChainInit  stm32_eth.o
    0x08000398   0x00000016   Code   RO         4426    i.ETH_DMARxDescReceiveITConfig  stm32_eth.o
    0x080003ae   0x00000002   PAD
    0x080003b0   0x00000024   Code   RO         4429    i.ETH_DMATransmissionCmd  stm32_eth.o
    0x080003d4   0x0000004c   Code   RO         4432    i.ETH_DMATxDescChainInit  stm32_eth.o
    0x08000420   0x00000016   Code   RO         4441    i.ETH_DeInit        stm32_eth.o
    0x08000436   0x0000000e   Code   RO         4442    i.ETH_Delay         stm32_eth.o
    0x08000444   0x00000014   Code   RO         4447    i.ETH_FlushTransmitFIFO  stm32_eth.o
    0x08000458   0x0000000c   Code   RO         6605    i.ETH_GetCurrentTxBuffer  ethernetif.o
    0x08000464   0x0000000a   Code   RO         4458    i.ETH_GetDMARxDescFrameLength  stm32_eth.o
    0x0800046e   0x00000002   PAD
    0x08000470   0x00000048   Code   RO         4473    i.ETH_GetRxPktSize  stm32_eth.o
    0x080004b8   0x00000018   Code   RO         4474    i.ETH_GetSoftwareResetStatus  stm32_eth.o
    0x080004d0   0x00000012   Code   RO          168    i.ETH_IRQHandler    stm32f10x_it.o
    0x080004e2   0x00000002   PAD
    0x080004e4   0x00000258   Code   RO         4481    i.ETH_Init          stm32_eth.o
    0x0800073c   0x00000034   Code   RO         4484    i.ETH_MACAddressConfig  stm32_eth.o
    0x08000770   0x00000024   Code   RO         4489    i.ETH_MACReceptionCmd  stm32_eth.o
    0x08000794   0x00000024   Code   RO         4490    i.ETH_MACTransmissionCmd  stm32_eth.o
    0x080007b8   0x00000060   Code   RO         4501    i.ETH_ReadPHYRegister  stm32_eth.o
    0x08000818   0x0000002c   Code   RO         6606    i.ETH_Recive_Poll   ethernetif.o
    0x08000844   0x000000a0   Code   RO         6607    i.ETH_RxPkt_ChainMode  ethernetif.o
    0x080008e4   0x00000014   Code   RO         4512    i.ETH_SoftwareReset  stm32_eth.o
    0x080008f8   0x00000020   Code   RO         4513    i.ETH_Start         stm32_eth.o
    0x08000918   0x000000a4   Code   RO         4514    i.ETH_StructInit    stm32_eth.o
    0x080009bc   0x000000b4   Code   RO         6608    i.ETH_TxPkt_ChainMode  ethernetif.o
    0x08000a70   0x0000005c   Code   RO         4516    i.ETH_WritePHYRegister  stm32_eth.o
    0x08000acc   0x00000004   Code   RO         8614    i.EnterCriticalSection  port.o
    0x08000ad0   0x00000088   Code   RO          243    i.Ethernet_Configuration  stm32f107.o
    0x08000b58   0x00000004   Code   RO         8615    i.ExitCriticalSection  port.o
    0x08000b5c   0x0000004c   Code   RO         2234    i.FLASH_ErasePage   stm32f10x_flash.o
    0x08000ba8   0x00000038   Code   RO         2235    i.FLASH_GetBank1Status  stm32f10x_flash.o
    0x08000be0   0x00000024   Code   RO         8632    i.FLASH_If_DataFlashRead  flash_if.o
    0x08000c04   0x0000003c   Code   RO         8633    i.FLASH_If_DataFlashWrite  flash_if.o
    0x08000c40   0x00000008   Code   RO         8635    i.FLASH_If_Init     flash_if.o
    0x08000c48   0x00000064   Code   RO         2249    i.FLASH_ProgramWord  stm32f10x_flash.o
    0x08000cac   0x00000018   Code   RO         2252    i.FLASH_Unlock      stm32f10x_flash.o
    0x08000cc4   0x00000026   Code   RO         2256    i.FLASH_WaitForLastOperation  stm32f10x_flash.o
    0x08000cea   0x00000004   Code   RO          579    i.FS_Write          filesystem.o
    0x08000cee   0x00000002   PAD
    0x08000cf0   0x0000010c   Code   RO          244    i.GPIO_Configuration  stm32f107.o
    0x08000dfc   0x0000000c   Code   RO         2528    i.GPIO_ETH_MediaInterfaceConfig  stm32f10x_gpio.o
    0x08000e08   0x00000110   Code   RO         2532    i.GPIO_Init         stm32f10x_gpio.o
    0x08000f18   0x0000008c   Code   RO         2534    i.GPIO_PinRemapConfig  stm32f10x_gpio.o
    0x08000fa4   0x00000004   Code   RO         2539    i.GPIO_ResetBits    stm32f10x_gpio.o
    0x08000fa8   0x00000004   Code   RO         2540    i.GPIO_SetBits      stm32f10x_gpio.o
    0x08000fac   0x0000006c   Code   RO         8637    i.GetIpFromFlash    flash_if.o
    0x08001018   0x00000048   Code   RO            1    i.GetMacAddr        netconf.o
    0x08001060   0x0000016c   Code   RO         5343    i.Getmeminf         mem.o
    0x080011cc   0x0000000a   Code   RO          169    i.HardFault_Handler  stm32f10x_it.o
    0x080011d6   0x0000009a   Code   RO         1316    i.InitTIM           main.o
    0x08001270   0x0000005c   Code   RO            2    i.LwIP_Init         netconf.o
    0x080012cc   0x00000070   Code   RO            3    i.LwIP_Periodic_Handle  netconf.o
    0x0800133c   0x00000010   Code   RO            4    i.LwIP_Pkt_Handle   netconf.o
    0x0800134c   0x0000003e   Code   RO         8414    i.Master_Send       modbus_main.o
    0x0800138a   0x00000004   Code   RO          170    i.MemManage_Handler  stm32f10x_it.o
    0x0800138e   0x00000002   PAD
    0x08001390   0x000001d4   Code   RO         8415    i.ModbusSenttset    modbus_main.o
    0x08001564   0x00000002   Code   RO          171    i.NMI_Handler       stm32f10x_it.o
    0x08001566   0x0000003e   Code   RO          245    i.NVIC_Configuration  stm32f107.o
    0x080015a4   0x00000084   Code   RO         1357    i.NVIC_Init         misc.o
    0x08001628   0x00000014   Code   RO         1358    i.NVIC_PriorityGroupConfig  misc.o
    0x0800163c   0x00000028   Code   RO          246    i.NVIC_SetPriority  stm32f107.o
    0x08001664   0x00000014   Code   RO         1359    i.NVIC_SetVectorTable  misc.o
    0x08001678   0x00000002   Code   RO          172    i.PendSV_Handler    stm32f10x_it.o
    0x0800167a   0x00000002   PAD
    0x0800167c   0x00000020   Code   RO         2953    i.RCC_AHBPeriphClockCmd  stm32f10x_rcc.o
    0x0800169c   0x00000020   Code   RO         2954    i.RCC_AHBPeriphResetCmd  stm32f10x_rcc.o
    0x080016bc   0x00000020   Code   RO         2955    i.RCC_APB1PeriphClockCmd  stm32f10x_rcc.o
    0x080016dc   0x00000020   Code   RO         2957    i.RCC_APB2PeriphClockCmd  stm32f10x_rcc.o
    0x080016fc   0x0000018c   Code   RO         2965    i.RCC_GetClocksFreq  stm32f10x_rcc.o
    0x08001888   0x0000000c   Code   RO         2977    i.RCC_MCOConfig     stm32f10x_rcc.o
    0x08001894   0x00000054   Code   RO         6609    i.Read_Eth_Packet   ethernetif.o
    0x080018e8   0x00000018   Code   RO         3493    i.SPI_Cmd           stm32f10x_spi.o
    0x08001900   0x00000098   Code   RO         7776    i.SPI_Config        sd_stm32.o
    0x08001998   0x00000012   Code   RO         3501    i.SPI_I2S_GetFlagStatus  stm32f10x_spi.o
    0x080019aa   0x00000006   Code   RO         3504    i.SPI_I2S_ReceiveData  stm32f10x_spi.o
    0x080019b0   0x00000004   Code   RO         3505    i.SPI_I2S_SendData  stm32f10x_spi.o
    0x080019b4   0x0000003c   Code   RO         3506    i.SPI_Init          stm32f10x_spi.o
    0x080019f0   0x00000002   Code   RO          173    i.SVC_Handler       stm32f10x_it.o
    0x080019f2   0x00000002   PAD
    0x080019f4   0x00000094   Code   RO          312    i.SendDataToSever   client_tcpudp.o
    0x08001a88   0x00000008   Code   RO         6718    i.SetSysClock       system_stm32f10x.o
    0x08001a90   0x00000100   Code   RO         6719    i.SetSysClockTo72   system_stm32f10x.o
    0x08001b90   0x0000002c   Code   RO         6610    i.Set_MAC_Address   ethernetif.o
    0x08001bbc   0x00000008   Code   RO          174    i.SysTick_Handler   stm32f10x_it.o
    0x08001bc4   0x0000006c   Code   RO         6721    i.SystemInit        system_stm32f10x.o
    0x08001c30   0x00000080   Code   RO          247    i.System_Setup      stm32f107.o
    0x08001cb0   0x0000002c   Code   RO         1317    i.TIM2_IRQHandler   main.o
    0x08001cdc   0x00000028   Code   RO         8487    i.TIM3_IRQHandler   porttimer_m.o
    0x08001d04   0x00000018   Code   RO         3636    i.TIM_ARRPreloadConfig  stm32f10x_tim.o
    0x08001d1c   0x00000006   Code   RO         3642    i.TIM_ClearFlag     stm32f10x_tim.o
    0x08001d22   0x00000006   Code   RO         3643    i.TIM_ClearITPendingBit  stm32f10x_tim.o
    0x08001d28   0x00000018   Code   RO         3648    i.TIM_Cmd           stm32f10x_tim.o
    0x08001d40   0x00000022   Code   RO         3669    i.TIM_GetITStatus   stm32f10x_tim.o
    0x08001d62   0x00000018   Code   RO         3673    i.TIM_ITConfig      stm32f10x_tim.o
    0x08001d7a   0x00000004   Code   RO         3713    i.TIM_SetCounter    stm32f10x_tim.o
    0x08001d7e   0x00000002   PAD
    0x08001d80   0x000000a4   Code   RO         3719    i.TIM_TimeBaseInit  stm32f10x_tim.o
    0x08001e24   0x00000068   Code   RO          313    i.TcpTestThread     client_tcpudp.o
    0x08001e8c   0x0000005c   Code   RO          792    i.TftpTrm250ms      tftpserver.o
    0x08001ee8   0x00000002   Code   RO         1318    i.Time_Update       main.o
    0x08001eea   0x00000002   PAD
    0x08001eec   0x00000038   Code   RO         8536    i.USART2_IRQHandler  portserial_m.o
    0x08001f24   0x0000001e   Code   RO         4181    i.USART_ClearITPendingBit  stm32f10x_usart.o
    0x08001f42   0x00000018   Code   RO         4184    i.USART_Cmd         stm32f10x_usart.o
    0x08001f5a   0x00000054   Code   RO         4188    i.USART_GetITStatus  stm32f10x_usart.o
    0x08001fae   0x00000048   Code   RO         4190    i.USART_ITConfig    stm32f10x_usart.o
    0x08001ff6   0x00000002   PAD
    0x08001ff8   0x000000d8   Code   RO         4191    i.USART_Init        stm32f10x_usart.o
    0x080020d0   0x0000000a   Code   RO         4198    i.USART_ReceiveData  stm32f10x_usart.o
    0x080020da   0x00000008   Code   RO         4201    i.USART_SendData    stm32f10x_usart.o
    0x080020e2   0x00000004   Code   RO          175    i.UsageFault_Handler  stm32f10x_it.o
    0x080020e6   0x00000002   PAD
    0x080020e8   0x00000010   Code   RO         4362    i.WWDG_Enable       stm32f10x_wwdg.o
    0x080020f8   0x00000010   Code   RO         4365    i.WWDG_SetCounter   stm32f10x_wwdg.o
    0x08002108   0x00000020   Code   RO         4366    i.WWDG_SetPrescaler  stm32f10x_wwdg.o
    0x08002128   0x00000024   Code   RO         4367    i.WWDG_SetWindowValue  stm32f10x_wwdg.o
    0x0800214c   0x0000002c   Code   RO         8638    i.WriteIpToFlash    flash_if.o
    0x08002178   0x00000028   Code   RO         8862    i.__0sprintf$6      printf6.o(mc_w.l)
    0x080021a0   0x0000000e   Code   RO         9047    i.__scatterload_copy  handlers.o(mc_w.l)
    0x080021ae   0x00000002   Code   RO         9048    i.__scatterload_null  handlers.o(mc_w.l)
    0x080021b0   0x0000000e   Code   RO         9049    i.__scatterload_zeroinit  handlers.o(mc_w.l)
    0x080021be   0x00000002   PAD
    0x080021c0   0x00000300   Code   RO         8867    i._printf_core      printf6.o(mc_w.l)
    0x080024c0   0x00000026   Code   RO         8868    i._printf_post_padding  printf6.o(mc_w.l)
    0x080024e6   0x0000002e   Code   RO         8869    i._printf_pre_padding  printf6.o(mc_w.l)
    0x08002514   0x0000000a   Code   RO         8871    i._sputc            printf6.o(mc_w.l)
    0x0800251e   0x00000058   Code   RO         7670    i.crc7              sd.o
    0x08002576   0x00000030   Code   RO         5058    i.dhcp_arp_reply    dhcp.o
    0x080025a6   0x000000ec   Code   RO         5059    i.dhcp_bind         dhcp.o
    0x08002692   0x00000038   Code   RO         5060    i.dhcp_check        dhcp.o
    0x080026ca   0x00000002   PAD
    0x080026cc   0x0000004c   Code   RO         5062    i.dhcp_coarse_tmr   dhcp.o
    0x08002718   0x00000170   Code   RO         5063    i.dhcp_create_msg   dhcp.o
    0x08002888   0x00000084   Code   RO         5064    i.dhcp_decline      dhcp.o
    0x0800290c   0x0000003a   Code   RO         5065    i.dhcp_delete_msg   dhcp.o
    0x08002946   0x00000002   PAD
    0x08002948   0x000000b8   Code   RO         5066    i.dhcp_discover     dhcp.o
    0x08002a00   0x00000044   Code   RO         5067    i.dhcp_fine_tmr     dhcp.o
    0x08002a44   0x00000078   Code   RO         5068    i.dhcp_handle_ack   dhcp.o
    0x08002abc   0x00000038   Code   RO         5069    i.dhcp_handle_nak   dhcp.o
    0x08002af4   0x0000002c   Code   RO         5070    i.dhcp_handle_offer  dhcp.o
    0x08002b20   0x0000002e   Code   RO         5073    i.dhcp_option       dhcp.o
    0x08002b4e   0x0000001c   Code   RO         5074    i.dhcp_option_byte  dhcp.o
    0x08002b6a   0x00000066   Code   RO         5075    i.dhcp_option_hostname  dhcp.o
    0x08002bd0   0x0000004e   Code   RO         5076    i.dhcp_option_long  dhcp.o
    0x08002c1e   0x0000002e   Code   RO         5077    i.dhcp_option_short  dhcp.o
    0x08002c4c   0x0000005a   Code   RO         5078    i.dhcp_option_trailer  dhcp.o
    0x08002ca6   0x00000002   PAD
    0x08002ca8   0x000003a8   Code   RO         5079    i.dhcp_parse_reply  dhcp.o
    0x08003050   0x00000090   Code   RO         5080    i.dhcp_rebind       dhcp.o
    0x080030e0   0x000000a8   Code   RO         5081    i.dhcp_reboot       dhcp.o
    0x08003188   0x00000130   Code   RO         5082    i.dhcp_recv         dhcp.o
    0x080032b8   0x000000a4   Code   RO         5083    i.dhcp_release      dhcp.o
    0x0800335c   0x0000008c   Code   RO         5084    i.dhcp_renew        dhcp.o
    0x080033e8   0x000000f4   Code   RO         5085    i.dhcp_select       dhcp.o
    0x080034dc   0x00000010   Code   RO         5086    i.dhcp_set_state    dhcp.o
    0x080034ec   0x000000ec   Code   RO         5088    i.dhcp_start        dhcp.o
    0x080035d8   0x00000044   Code   RO         5089    i.dhcp_stop         dhcp.o
    0x0800361c   0x00000020   Code   RO         5090    i.dhcp_t1_timeout   dhcp.o
    0x0800363c   0x00000020   Code   RO         5091    i.dhcp_t2_timeout   dhcp.o
    0x0800365c   0x000000a4   Code   RO         5092    i.dhcp_timeout      dhcp.o
    0x08003700   0x0000006e   Code   RO         6752    i.dir_addCluster    dir.o
    0x0800376e   0x00000036   Code   RO         6753    i.dir_createDefaultEntry  dir.o
    0x080037a4   0x00000030   Code   RO         6754    i.dir_createDirectoryEntry  dir.o
    0x080037d4   0x0000006c   Code   RO         6755    i.dir_findFileinBuf  dir.o
    0x08003840   0x00000048   Code   RO         6756    i.dir_findFreeEntryinBuf  dir.o
    0x08003888   0x00000030   Code   RO         6757    i.dir_findinBuf     dir.o
    0x080038b8   0x00000078   Code   RO         6758    i.dir_findinCluster  dir.o
    0x08003930   0x0000006c   Code   RO         6759    i.dir_findinDir     dir.o
    0x0800399c   0x00000086   Code   RO         6760    i.dir_findinRootArea  dir.o
    0x08003a22   0x00000048   Code   RO         6761    i.dir_getFatFileName  dir.o
    0x08003a6a   0x00000030   Code   RO         6762    i.dir_getFileStructure  dir.o
    0x08003a9a   0x0000002a   Code   RO         6763    i.dir_setFileSize   dir.o
    0x08003ac4   0x00000034   Code   RO         6764    i.dir_setFirstCluster  dir.o
    0x08003af8   0x00000032   Code   RO         6765    i.dir_updateDirectoryEntry  dir.o
    0x08003b2a   0x00000014   Code   RO         6845    i.disc_initDisc     disc.o
    0x08003b3e   0x0000003c   Code   RO         6846    i.disc_loadMBR      disc.o
    0x08003b7a   0x00000002   PAD
    0x08003b7c   0x00000028   Code   RO         8195    i.eMBMasterEnable   mb_m.o
    0x08003ba4   0x000000a4   Code   RO         8196    i.eMBMasterInit     mb_m.o
    0x08003c48   0x00000150   Code   RO         8197    i.eMBMasterPoll     mb_m.o
    0x08003d98   0x00000054   Code   RO         8306    i.eMBMasterRTUInit  mbrtu_m.o
    0x08003dec   0x0000003c   Code   RO         8307    i.eMBMasterRTUReceive  mbrtu_m.o
    0x08003e28   0x0000004c   Code   RO         8308    i.eMBMasterRTUSend  mbrtu_m.o
    0x08003e74   0x00000024   Code   RO         8309    i.eMBMasterRTUStart  mbrtu_m.o
    0x08003e98   0x00000018   Code   RO         8310    i.eMBMasterRTUStop  mbrtu_m.o
    0x08003eb0   0x0000007a   Code   RO         6866    i.efs_init          efs.o
    0x08003f2a   0x00000002   PAD
    0x08003f2c   0x00000188   Code   RO         6514    i.etharp_arp_input  etharp.o
    0x080040b4   0x00000038   Code   RO         6515    i.etharp_cleanup_netif  etharp.o
    0x080040ec   0x000001b4   Code   RO         6517    i.etharp_find_entry  etharp.o
    0x080042a0   0x00000040   Code   RO         6518    i.etharp_free_entry  etharp.o
    0x080042e0   0x0000017c   Code   RO         6519    i.etharp_output     etharp.o
    0x0800445c   0x00000080   Code   RO         6520    i.etharp_output_to_arp_index  etharp.o
    0x080044dc   0x000001cc   Code   RO         6521    i.etharp_query      etharp.o
    0x080046a8   0x0000010c   Code   RO         6522    i.etharp_raw        etharp.o
    0x080047b4   0x0000002c   Code   RO         6523    i.etharp_request    etharp.o
    0x080047e0   0x00000042   Code   RO         6524    i.etharp_send_ip    etharp.o
    0x08004822   0x00000002   PAD
    0x08004824   0x0000008c   Code   RO         6525    i.etharp_tmr        etharp.o
    0x080048b0   0x000000cc   Code   RO         6526    i.etharp_update_arp_entry  etharp.o
    0x0800497c   0x000000ec   Code   RO         6527    i.ethernet_input    etharp.o
    0x08004a68   0x00000058   Code   RO         6611    i.ethernetif_init   ethernetif.o
    0x08004ac0   0x0000002c   Code   RO         6612    i.ethernetif_input  ethernetif.o
    0x08004aec   0x0000004c   Code   RO         6881    i.ex_getPartitionField  extract.o
    0x08004b38   0x00000010   Code   RO         6882    i.ex_getb16         extract.o
    0x08004b48   0x0000001e   Code   RO         6883    i.ex_getb32         extract.o
    0x08004b66   0x00000046   Code   RO         6923    i.fat_DiscToLogicCluster  fat.o
    0x08004bac   0x0000005c   Code   RO         6924    i.fat_LogicToDiscCluster  fat.o
    0x08004c08   0x0000013a   Code   RO         6925    i.fat_allocClusterChain  fat.o
    0x08004d42   0x00000038   Code   RO         6926    i.fat_countClustersInChain  fat.o
    0x08004d7a   0x000000c0   Code   RO         6928    i.fat_getNextClusterAddress  fat.o
    0x08004e3a   0x000000a0   Code   RO         6929    i.fat_getNextClusterAddressWBuf  fat.o
    0x08004eda   0x000000b0   Code   RO         6930    i.fat_getNextClusterChain  fat.o
    0x08004f8a   0x00000050   Code   RO         6931    i.fat_getSectorAddressFatEntry  fat.o
    0x08004fda   0x0000002a   Code   RO         6932    i.fat_giveEocMarker  fat.o
    0x08005004   0x0000004c   Code   RO         6933    i.fat_isEocMarker   fat.o
    0x08005050   0x00000130   Code   RO         6934    i.fat_setNextClusterAddress  fat.o
    0x08005180   0x000000f0   Code   RO         6935    i.fat_setNextClusterAddressWBuf  fat.o
    0x08005270   0x00000068   Code   RO         7016    i.file_fclose       file.o
    0x080052d8   0x0000027a   Code   RO         7017    i.file_fopen        file.o
    0x08005552   0x0000011a   Code   RO         7018    i.file_fread        file.o
    0x0800566c   0x00000160   Code   RO         7019    i.file_fwrite       file.o
    0x080057cc   0x0000000e   Code   RO         7020    i.file_getAttr      file.o
    0x080057da   0x00000032   Code   RO         7021    i.file_initFile     file.o
    0x0800580c   0x00000096   Code   RO         7022    i.file_normalToFatName  file.o
    0x080058a2   0x00000024   Code   RO         7023    i.file_read         file.o
    0x080058c6   0x0000006e   Code   RO         7024    i.file_requiredCluster  file.o
    0x08005934   0x00000024   Code   RO         7025    i.file_setAttr      file.o
    0x08005958   0x00000014   Code   RO         7026    i.file_setpos       file.o
    0x0800596c   0x00000044   Code   RO         7027    i.file_validateChar  file.o
    0x080059b0   0x00000024   Code   RO         7028    i.file_write        file.o
    0x080059d4   0x00000046   Code   RO         7100    i.fs_clearCluster   fs.o
    0x08005a1a   0x00000038   Code   RO         7101    i.fs_clusterToSector  fs.o
    0x08005a52   0x00000058   Code   RO         7102    i.fs_countDataSectors  fs.o
    0x08005aaa   0x00000034   Code   RO         7103    i.fs_determineFatType  fs.o
    0x08005ade   0x000000d0   Code   RO         7104    i.fs_findFile       fs.o
    0x08005bae   0x0000002e   Code   RO         7105    i.fs_findFirstSectorRootDir  fs.o
    0x08005bdc   0x00000070   Code   RO         7106    i.fs_findFreeFile   fs.o
    0x08005c4c   0x00000010   Code   RO         7107    i.fs_flushFs        fs.o
    0x08005c5c   0x00000012   Code   RO         7108    i.fs_getFirstClusterRootDir  fs.o
    0x08005c6e   0x0000003c   Code   RO         7110    i.fs_getLastCluster  fs.o
    0x08005caa   0x00000026   Code   RO         7111    i.fs_getNextFreeCluster  fs.o
    0x08005cd0   0x00000006   Code   RO         7112    i.fs_giveFreeClusterHint  fs.o
    0x08005cd6   0x00000004   Code   RO         7622    i.fs_hasTimeSupport  time.o
    0x08005cda   0x00000010   Code   RO         7113    i.fs_initClusterChain  fs.o
    0x08005cea   0x0000000e   Code   RO         7114    i.fs_initCurrentDir  fs.o
    0x08005cf8   0x00000048   Code   RO         7115    i.fs_initFs         fs.o
    0x08005d40   0x00000032   Code   RO         7116    i.fs_isValidFat     fs.o
    0x08005d72   0x00000074   Code   RO         7117    i.fs_loadVolumeId   fs.o
    0x08005de6   0x00000008   Code   RO         7119    i.fs_setFirstClusterInDirEntry  fs.o
    0x08005dee   0x0000000c   Code   RO         7121    i.fs_umount         fs.o
    0x08005dfa   0x000000b2   Code   RO         7122    i.fs_verifySanity   fs.o
    0x08005eac   0x00000006   Code   RO         7671    i.get_spi_BaudRatePrescaler  sd.o
    0x08005eb2   0x00000012   Code   RO         6219    i.icmp_dest_unreach  icmp.o
    0x08005ec4   0x00000234   Code   RO         6220    i.icmp_input        icmp.o
    0x080060f8   0x00000098   Code   RO         6221    i.icmp_send_response  icmp.o
    0x08006190   0x00000012   Code   RO         6222    i.icmp_time_exceeded  icmp.o
    0x080061a2   0x0000004c   Code   RO         7777    i.if_initInterface  sd_stm32.o
    0x080061ee   0x00000018   Code   RO         7778    i.if_readBuf        sd_stm32.o
    0x08006206   0x00000002   PAD
    0x08006208   0x0000002c   Code   RO         7780    i.if_spiInit        sd_stm32.o
    0x08006234   0x00000050   Code   RO         7781    i.if_spiSend        sd_stm32.o
    0x08006284   0x00000014   Code   RO         7782    i.if_writeBuf       sd_stm32.o
    0x08006298   0x00000014   Code   RO         6264    i.inet_chksum       inet_chksum.o
    0x080062ac   0x00000056   Code   RO         6265    i.inet_chksum_pbuf  inet_chksum.o
    0x08006302   0x000000be   Code   RO         6266    i.inet_chksum_pseudo  inet_chksum.o
    0x080063c0   0x00000028   Code   RO         7245    i.ioman_decUseCnt   ioman.o
    0x080063e8   0x00000086   Code   RO         7246    i.ioman_directSectorRead  ioman.o
    0x0800646e   0x000000a8   Code   RO         7247    i.ioman_directSectorWrite  ioman.o
    0x08006516   0x00000028   Code   RO         7248    i.ioman_findFreeSpot  ioman.o
    0x0800653e   0x00000074   Code   RO         7249    i.ioman_findOverallocableSpot  ioman.o
    0x080065b2   0x00000036   Code   RO         7250    i.ioman_findSectorInCache  ioman.o
    0x080065e8   0x00000092   Code   RO         7251    i.ioman_findUnusedSpot  ioman.o
    0x0800667a   0x0000006e   Code   RO         7253    i.ioman_flushRange  ioman.o
    0x080066e8   0x00000060   Code   RO         7254    i.ioman_flushSector  ioman.o
    0x08006748   0x00000020   Code   RO         7255    i.ioman_getAttr     ioman.o
    0x08006768   0x0000002e   Code   RO         7256    i.ioman_getBp       ioman.o
    0x08006796   0x00000008   Code   RO         7257    i.ioman_getBuffer   ioman.o
    0x0800679e   0x00000018   Code   RO         7258    i.ioman_getPtr      ioman.o
    0x080067b6   0x00000018   Code   RO         7259    i.ioman_getRefCnt   ioman.o
    0x080067ce   0x00000144   Code   RO         7260    i.ioman_getSector   ioman.o
    0x08006912   0x00000018   Code   RO         7261    i.ioman_getUseCnt   ioman.o
    0x0800692a   0x0000002a   Code   RO         7262    i.ioman_incRefCnt   ioman.o
    0x08006954   0x0000002a   Code   RO         7263    i.ioman_incUseCnt   ioman.o
    0x0800697e   0x00000024   Code   RO         7264    i.ioman_init        ioman.o
    0x080069a2   0x00000080   Code   RO         7265    i.ioman_pop         ioman.o
    0x08006a22   0x00000078   Code   RO         7267    i.ioman_push        ioman.o
    0x08006a9a   0x0000004c   Code   RO         7268    i.ioman_putSectorInCache  ioman.o
    0x08006ae6   0x0000002e   Code   RO         7269    i.ioman_readSector  ioman.o
    0x08006b14   0x0000005a   Code   RO         7270    i.ioman_releaseSector  ioman.o
    0x08006b6e   0x0000007a   Code   RO         7271    i.ioman_reset       ioman.o
    0x08006be8   0x00000024   Code   RO         7272    i.ioman_resetCacheItem  ioman.o
    0x08006c0c   0x00000038   Code   RO         7275    i.ioman_setAttr     ioman.o
    0x08006c44   0x00000030   Code   RO         7276    i.ioman_writeSector  ioman.o
    0x08006c74   0x0000004e   Code   RO         6344    i.ip4_addr_isbroadcast  ip_addr.o
    0x08006cc2   0x00000002   PAD
    0x08006cc4   0x000001c0   Code   RO         6397    i.ip_frag           ip_frag.o
    0x08006e84   0x0000000a   Code   RO         6398    i.ip_frag_alloc_pbuf_custom_ref  ip_frag.o
    0x08006e8e   0x00000018   Code   RO         6399    i.ip_frag_free_pbuf_custom_ref  ip_frag.o
    0x08006ea6   0x00000002   PAD
    0x08006ea8   0x00000268   Code   RO         6305    i.ip_input          ip.o
    0x08007110   0x0000005c   Code   RO         6306    i.ip_output         ip.o
    0x0800716c   0x00000168   Code   RO         6307    i.ip_output_if      ip.o
    0x080072d4   0x000001c8   Code   RO         6400    i.ip_reass          ip_frag.o
    0x0800749c   0x000001a8   Code   RO         6401    i.ip_reass_chain_frag_into_datagram_and_validate  ip_frag.o
    0x08007644   0x00000034   Code   RO         6402    i.ip_reass_dequeue_datagram  ip_frag.o
    0x08007678   0x00000064   Code   RO         6403    i.ip_reass_enqueue_new_datagram  ip_frag.o
    0x080076dc   0x000000dc   Code   RO         6404    i.ip_reass_free_complete_datagram  ip_frag.o
    0x080077b8   0x0000007c   Code   RO         6405    i.ip_reass_remove_oldest_datagram  ip_frag.o
    0x08007834   0x00000068   Code   RO         6308    i.ip_route          ip.o
    0x0800789c   0x0000002e   Code   RO         6407    i.ipfrag_free_pbuf_custom  ip_frag.o
    0x080078ca   0x00000002   PAD
    0x080078cc   0x0000008c   Code   RO         6613    i.low_level_init    ethernetif.o
    0x08007958   0x0000004c   Code   RO         6614    i.low_level_input   ethernetif.o
    0x080079a4   0x00000034   Code   RO         6615    i.low_level_output  ethernetif.o
    0x080079d8   0x00000044   Code   RO         7457    i.ls_openDir        ls.o
    0x08007a1c   0x0000001a   Code   RO         5028    i.lwip_htonl        def.o
    0x08007a36   0x0000000c   Code   RO         5029    i.lwip_htons        def.o
    0x08007a42   0x0000000c   Code   RO         5030    i.lwip_ntohl        def.o
    0x08007a4e   0x0000000c   Code   RO         5031    i.lwip_ntohs        def.o
    0x08007a5a   0x0000005e   Code   RO         6268    i.lwip_standard_chksum  inet_chksum.o
    0x08007ab8   0x00000074   Code   RO         1319    i.main              main.o
    0x08007b2c   0x00000012   Code   RO         7586    i.memClr            plibc.o
    0x08007b3e   0x00000018   Code   RO         7587    i.memCpy            plibc.o
    0x08007b56   0x00000002   PAD
    0x08007b58   0x000000a4   Code   RO         5345    i.mem_free          mem.o
    0x08007bfc   0x00000068   Code   RO         5346    i.mem_init          mem.o
    0x08007c64   0x000001ac   Code   RO         5347    i.mem_malloc        mem.o
    0x08007e10   0x0000019c   Code   RO         5348    i.mem_trim          mem.o
    0x08007fac   0x0000005c   Code   RO         5397    i.memp_free         memp.o
    0x08008008   0x0000009c   Code   RO         5398    i.memp_init         memp.o
    0x080080a4   0x000000c4   Code   RO         5399    i.memp_malloc       memp.o
    0x08008168   0x0000002c   Code   RO         7783    i.my_if_spiSend     sd_stm32.o
    0x08008194   0x00000078   Code   RO         5441    i.netif_add         netif.o
    0x0800820c   0x00000028   Code   RO         5445    i.netif_set_addr    netif.o
    0x08008234   0x0000000c   Code   RO         5446    i.netif_set_default  netif.o
    0x08008240   0x0000002a   Code   RO         5447    i.netif_set_down    netif.o
    0x0800826a   0x0000000c   Code   RO         5448    i.netif_set_gw      netif.o
    0x08008276   0x00000002   PAD
    0x08008278   0x00000088   Code   RO         5449    i.netif_set_ipaddr  netif.o
    0x08008300   0x0000000c   Code   RO         5452    i.netif_set_netmask  netif.o
    0x0800830c   0x00000036   Code   RO         5453    i.netif_set_up      netif.o
    0x08008342   0x00000024   Code   RO         7517    i.part_directSectorRead  partition.o
    0x08008366   0x00000024   Code   RO         7518    i.part_directSectorWrite  partition.o
    0x0800838a   0x0000002e   Code   RO         7519    i.part_flushPart    partition.o
    0x080083b8   0x00000014   Code   RO         7520    i.part_getRealLBA   partition.o
    0x080083cc   0x00000024   Code   RO         7521    i.part_getSect      partition.o
    0x080083f0   0x0000002e   Code   RO         7522    i.part_initPartition  partition.o
    0x0800841e   0x00000026   Code   RO         7523    i.part_isFatPart    partition.o
    0x08008444   0x00000012   Code   RO         7525    i.part_relSect      partition.o
    0x08008456   0x00000212   Code   RO         5535    i.pbuf_alloc        pbuf.o
    0x08008668   0x0000006e   Code   RO         5536    i.pbuf_alloced_custom  pbuf.o
    0x080086d6   0x0000004c   Code   RO         5537    i.pbuf_cat          pbuf.o
    0x08008722   0x00000016   Code   RO         5538    i.pbuf_chain        pbuf.o
    0x08008738   0x00000012   Code   RO         5539    i.pbuf_clen         pbuf.o
    0x0800874a   0x000000e4   Code   RO         5541    i.pbuf_copy         pbuf.o
    0x0800882e   0x0000009a   Code   RO         5542    i.pbuf_copy_partial  pbuf.o
    0x080088c8   0x000000ba   Code   RO         5544    i.pbuf_free         pbuf.o
    0x08008982   0x0000008c   Code   RO         5546    i.pbuf_header       pbuf.o
    0x08008a0e   0x000000b2   Code   RO         5549    i.pbuf_realloc      pbuf.o
    0x08008ac0   0x0000000a   Code   RO         5550    i.pbuf_ref          pbuf.o
    0x08008aca   0x00000002   PAD
    0x08008acc   0x000000b8   Code   RO         5349    i.plug_holes        mem.o
    0x08008b84   0x000001a8   Code   RO          793    i.process_tftp_request  tftpserver.o
    0x08008d2c   0x00000010   Code   RO         8488    i.prvvTIMERExpiredISR  porttimer_m.o
    0x08008d3c   0x00000010   Code   RO         8537    i.prvvUARTRxISR     portserial_m.o
    0x08008d4c   0x00000010   Code   RO         8538    i.prvvUARTTxReadyISR  portserial_m.o
    0x08008d5c   0x00000078   Code   RO         5654    i.raw_input         raw.o
    0x08008dd4   0x00000022   Code   RO          794    i.recv_callback_tftp  tftpserver.o
    0x08008df6   0x00000002   PAD
    0x08008df8   0x00000070   Code   RO          795    i.rrq_recv_callback  tftpserver.o
    0x08008e68   0x00000052   Code   RO         7672    i.sd_Command        sd.o
    0x08008eba   0x0000008c   Code   RO         7673    i.sd_Command_crc    sd.o
    0x08008f46   0x00000002   PAD
    0x08008f48   0x00000278   Code   RO         7674    i.sd_Init           sd.o
    0x080091c0   0x00000020   Code   RO         7675    i.sd_Resp16b        sd.o
    0x080091e0   0x00000026   Code   RO         7676    i.sd_Resp8b         sd.o
    0x08009206   0x00000034   Code   RO         7677    i.sd_Resp8bError    sd.o
    0x0800923a   0x00000070   Code   RO         7678    i.sd_State          sd.o
    0x080092aa   0x00000002   PAD
    0x080092ac   0x00000170   Code   RO         7679    i.sd_getDriveSize   sd.o
    0x0800941c   0x000000b4   Code   RO         7680    i.sd_readSector     sd.o
    0x080094d0   0x0000008c   Code   RO         7681    i.sd_writeSector    sd.o
    0x0800955c   0x0000001e   Code   RO         7589    i.strMatch          plibc.o
    0x0800957a   0x00000002   PAD
    0x0800957c   0x000000a0   Code   RO         5733    i.tcp_abandon       tcp.o
    0x0800961c   0x0000000e   Code   RO         5734    i.tcp_abort         tcp.o
    0x0800962a   0x00000002   PAD
    0x0800962c   0x00000118   Code   RO         5737    i.tcp_alloc         tcp.o
    0x08009744   0x000000b0   Code   RO         5739    i.tcp_bind          tcp.o
    0x080097f4   0x00000084   Code   RO          317    i.tcp_client_callback  client_tcpudp.o
    0x08009878   0x0000003c   Code   RO          318    i.tcp_client_connected  client_tcpudp.o
    0x080098b4   0x00000028   Code   RO          319    i.tcp_client_err    client_tcpudp.o
    0x080098dc   0x00000488   Code   RO          321    i.tcp_client_reciver  client_tcpudp.o
    0x08009d64   0x0000001c   Code   RO         5740    i.tcp_close         tcp.o
    0x08009d80   0x000001d4   Code   RO         5741    i.tcp_close_shutdown  tcp.o
    0x08009f54   0x0000015c   Code   RO         5742    i.tcp_connect       tcp.o
    0x0800a0b0   0x000000e0   Code   RO         6022    i.tcp_create_segment  tcp_out.o
    0x0800a190   0x0000002e   Code   RO         5744    i.tcp_eff_send_mss  tcp.o
    0x0800a1be   0x00000002   PAD
    0x0800a1c0   0x0000018c   Code   RO         6023    i.tcp_enqueue_flags  tcp_out.o
    0x0800a34c   0x00000014   Code   RO         5745    i.tcp_err           tcp.o
    0x0800a360   0x00000084   Code   RO         5746    i.tcp_fasttmr       tcp.o
    0x0800a3e4   0x000005a4   Code   RO         5971    i.tcp_input         tcp_in.o
    0x0800a988   0x00000068   Code   RO         6024    i.tcp_keepalive     tcp_out.o
    0x0800a9f0   0x00000054   Code   RO         5748    i.tcp_kill_prio     tcp.o
    0x0800aa44   0x0000003c   Code   RO         5749    i.tcp_kill_timewait  tcp.o
    0x0800aa80   0x00000148   Code   RO         5972    i.tcp_listen_input  tcp_in.o
    0x0800abc8   0x0000000a   Code   RO         5751    i.tcp_new           tcp.o
    0x0800abd2   0x00000002   PAD
    0x0800abd4   0x00000068   Code   RO         5752    i.tcp_new_port      tcp.o
    0x0800ac3c   0x0000001c   Code   RO         5753    i.tcp_next_iss      tcp.o
    0x0800ac58   0x000001e0   Code   RO         6025    i.tcp_output        tcp_out.o
    0x0800ae38   0x0000009c   Code   RO         6026    i.tcp_output_alloc_header  tcp_out.o
    0x0800aed4   0x000000f4   Code   RO         6027    i.tcp_output_segment  tcp_out.o
    0x0800afc8   0x000000b8   Code   RO         5973    i.tcp_parseopt      tcp_in.o
    0x0800b080   0x0000008a   Code   RO         6028    i.tcp_pbuf_prealloc  tcp_out.o
    0x0800b10a   0x00000040   Code   RO         5754    i.tcp_pcb_purge     tcp.o
    0x0800b14a   0x00000002   PAD
    0x0800b14c   0x000000a0   Code   RO         5755    i.tcp_pcb_remove    tcp.o
    0x0800b1ec   0x000005d4   Code   RO         5974    i.tcp_process       tcp_in.o
    0x0800b7c0   0x0000008c   Code   RO         5757    i.tcp_process_refused_data  tcp.o
    0x0800b84c   0x00000708   Code   RO         5975    i.tcp_receive       tcp_in.o
    0x0800bf54   0x00000012   Code   RO         5758    i.tcp_recv          tcp.o
    0x0800bf66   0x0000002e   Code   RO         5759    i.tcp_recv_null     tcp.o
    0x0800bf94   0x00000060   Code   RO         5760    i.tcp_recved        tcp.o
    0x0800bff4   0x00000058   Code   RO         6029    i.tcp_rexmit        tcp_out.o
    0x0800c04c   0x00000070   Code   RO         6030    i.tcp_rexmit_fast   tcp_out.o
    0x0800c0bc   0x00000038   Code   RO         6031    i.tcp_rexmit_rto    tcp_out.o
    0x0800c0f4   0x000000c4   Code   RO         6032    i.tcp_rst           tcp_out.o
    0x0800c1b8   0x0000001a   Code   RO         5761    i.tcp_seg_free      tcp.o
    0x0800c1d2   0x00000018   Code   RO         5762    i.tcp_segs_free     tcp.o
    0x0800c1ea   0x00000060   Code   RO         6033    i.tcp_send_empty_ack  tcp_out.o
    0x0800c24a   0x0000004a   Code   RO         6034    i.tcp_send_fin      tcp_out.o
    0x0800c294   0x00000388   Code   RO         5766    i.tcp_slowtmr       tcp.o
    0x0800c61c   0x00000002   Code   RO         6463    i.tcp_timer_needed  timers.o
    0x0800c61e   0x00000002   PAD
    0x0800c620   0x000000ac   Code   RO         5976    i.tcp_timewait_input  tcp_in.o
    0x0800c6cc   0x00000024   Code   RO         5767    i.tcp_tmr           tcp.o
    0x0800c6f0   0x00000058   Code   RO         5768    i.tcp_update_rcv_ann_wnd  tcp.o
    0x0800c748   0x0000044c   Code   RO         6035    i.tcp_write         tcp_out.o
    0x0800cb94   0x0000009c   Code   RO         6036    i.tcp_write_checks  tcp_out.o
    0x0800cc30   0x000000cc   Code   RO         6037    i.tcp_zero_window_probe  tcp_out.o
    0x0800ccfc   0x00000044   Code   RO          796    i.tftp_cleanup_rd   tftpserver.o
    0x0800cd40   0x00000044   Code   RO          797    i.tftp_cleanup_wr   tftpserver.o
    0x0800cd84   0x00000038   Code   RO          798    i.tftp_construct_error_message  tftpserver.o
    0x0800cdbc   0x00000006   Code   RO          914    i.tftp_decode_op    tftputils.o
    0x0800cdc2   0x00000010   Code   RO          915    i.tftp_extract_block  tftputils.o
    0x0800cdd2   0x00000010   Code   RO          916    i.tftp_extract_filename  tftputils.o
    0x0800cde2   0x00000026   Code   RO          917    i.tftp_is_correct_ack  tftputils.o
    0x0800ce08   0x000000c0   Code   RO          799    i.tftp_process_read  tftpserver.o
    0x0800cec8   0x000000a4   Code   RO          800    i.tftp_process_write  tftpserver.o
    0x0800cf6c   0x00000030   Code   RO          801    i.tftp_send_ack_packet  tftpserver.o
    0x0800cf9c   0x0000004c   Code   RO          802    i.tftp_send_data_packet  tftpserver.o
    0x0800cfe8   0x00000032   Code   RO          803    i.tftp_send_error_message  tftpserver.o
    0x0800d01a   0x00000050   Code   RO          804    i.tftp_send_message  tftpserver.o
    0x0800d06a   0x00000002   PAD
    0x0800d06c   0x0000003c   Code   RO          805    i.tftp_send_next_block  tftpserver.o
    0x0800d0a8   0x00000014   Code   RO          918    i.tftp_set_block    tftputils.o
    0x0800d0bc   0x00000014   Code   RO          919    i.tftp_set_data_message  tftputils.o
    0x0800d0d0   0x00000008   Code   RO          920    i.tftp_set_errorcode  tftputils.o
    0x0800d0d8   0x00000010   Code   RO          921    i.tftp_set_errormsg  tftputils.o
    0x0800d0e8   0x00000008   Code   RO          922    i.tftp_set_opcode   tftputils.o
    0x0800d0f0   0x0000000c   Code   RO         8198    i.ucMBMasterGetDestAddress  mb_m.o
    0x0800d0fc   0x0000000c   Code   RO         8311    i.ucMBMasterGetPDUSndLength  mbrtu_m.o
    0x0800d108   0x00000088   Code   RO         6119    i.udp_bind          udp.o
    0x0800d190   0x0000033c   Code   RO          323    i.udp_client_callback  client_tcpudp.o
    0x0800d4cc   0x00000040   Code   RO          324    i.udp_client_callback_app  client_tcpudp.o
    0x0800d50c   0x00000064   Code   RO         6120    i.udp_connect       udp.o
    0x0800d570   0x00000010   Code   RO         6121    i.udp_disconnect    udp.o
    0x0800d580   0x0000028c   Code   RO         6123    i.udp_input         udp.o
    0x0800d80c   0x0000001c   Code   RO         6124    i.udp_new           udp.o
    0x0800d828   0x00000058   Code   RO         6125    i.udp_new_port      udp.o
    0x0800d880   0x00000006   Code   RO         6126    i.udp_recv          udp.o
    0x0800d886   0x00000002   PAD
    0x0800d888   0x00000040   Code   RO         6127    i.udp_remove        udp.o
    0x0800d8c8   0x00000048   Code   RO         6129    i.udp_sendto        udp.o
    0x0800d910   0x0000012c   Code   RO         6130    i.udp_sendto_if     udp.o
    0x0800da3c   0x0000000c   Code   RO         8312    i.vMBMasterGetPDUSndBuf  mbrtu_m.o
    0x0800da48   0x0000005c   Code   RO         8540    i.vMBMasterPortSerialEnable  portserial_m.o
    0x0800daa4   0x00000058   Code   RO         8489    i.vMBMasterPortTimersConvertDelayEnable  porttimer_m.o
    0x0800dafc   0x0000002c   Code   RO         8490    i.vMBMasterPortTimersDisable  porttimer_m.o
    0x0800db28   0x00000058   Code   RO         8491    i.vMBMasterPortTimersRespondTimeoutEnable  porttimer_m.o
    0x0800db80   0x00000058   Code   RO         8492    i.vMBMasterPortTimersT35Enable  porttimer_m.o
    0x0800dbd8   0x0000000c   Code   RO         8314    i.vMBMasterSetCurTimerMode  mbrtu_m.o
    0x0800dbe4   0x0000000c   Code   RO         8201    i.vMBMasterSetIsBusy  mb_m.o
    0x0800dbf0   0x000000cc   Code   RO          807    i.wrq_recv_callback  tftpserver.o
    0x0800dcbc   0x00000020   Code   RO         8588    i.xMBMasterPortEventGet  portevent_m.o
    0x0800dcdc   0x00000010   Code   RO         8589    i.xMBMasterPortEventInit  portevent_m.o
    0x0800dcec   0x00000014   Code   RO         8590    i.xMBMasterPortEventPost  portevent_m.o
    0x0800dd00   0x00000014   Code   RO         8541    i.xMBMasterPortSerialGetByte  portserial_m.o
    0x0800dd14   0x0000011c   Code   RO         8542    i.xMBMasterPortSerialInit  portserial_m.o
    0x0800de30   0x00000014   Code   RO         8543    i.xMBMasterPortSerialPutByte  portserial_m.o
    0x0800de44   0x0000006c   Code   RO         8493    i.xMBMasterPortTimersInit  porttimer_m.o
    0x0800deb0   0x00000094   Code   RO         8316    i.xMBMasterRTUReceiveFSM  mbrtu_m.o
    0x0800df44   0x00000074   Code   RO         8317    i.xMBMasterRTUTimerExpired  mbrtu_m.o
    0x0800dfb8   0x0000008c   Code   RO         8318    i.xMBMasterRTUTransmitFSM  mbrtu_m.o
    0x0800e044   0x00000024   Data   RO         5401    .constdata          memp.o
    0x0800e068   0x00000050   Data   RO         5769    .constdata          tcp.o
    0x0800e0b8   0x00000008   Data   RO         6351    .constdata          ip_addr.o
    0x0800e0c0   0x0000000c   Data   RO         6529    .constdata          etharp.o
    0x0800e0cc   0x00000092   Data   RO          809    .conststring        tftpserver.o
    0x0800e15e   0x00000068   Data   RO         5770    .conststring        tcp.o
    0x0800e1c6   0x00000002   PAD
    0x0800e1c8   0x00000020   Data   RO         9045    Region$$Table       anon$$obj.o


    Execution Region RW_IRAM1 (Base: 0x20000000, Size: 0x0000c838, Max: 0x00010000, ABSOLUTE, COMPRESSED[0x0000005c])

    Base Addr    Size         Type   Attr      Idx    E Section Name        Object

    0x20000000   0x0000001c   Data   RW            6    .data               netconf.o
    0x2000001c   0x00000040   Data   RW          326    .data               client_tcpudp.o
    0x2000005c   0x0000003c   Data   RW          810    .data               tftpserver.o
    0x20000098   0x0000001a   Data   RW         1320    .data               main.o
    0x200000b2   0x00000014   Data   RW         2993    .data               stm32f10x_rcc.o
    0x200000c6   0x00000002   PAD
    0x200000c8   0x00000010   Data   RW         4517    .data               stm32_eth.o
    0x200000d8   0x00000004   Data   RW         5094    .data               dhcp.o
    0x200000dc   0x0000000c   Data   RW         5351    .data               mem.o
    0x200000e8   0x00000004   Data   RW         5402    .data               memp.o
    0x200000ec   0x00000009   Data   RW         5454    .data               netif.o
    0x200000f5   0x00000003   PAD
    0x200000f8   0x00000004   Data   RW         5660    .data               raw.o
    0x200000fc   0x00000023   Data   RW         5771    .data               tcp.o
    0x2000011f   0x00000001   PAD
    0x20000120   0x00000020   Data   RW         5978    .data               tcp_in.o
    0x20000140   0x00000008   Data   RW         6131    .data               udp.o
    0x20000148   0x00000012   Data   RW         6309    .data               ip.o
    0x2000015a   0x00000002   PAD
    0x2000015c   0x00000006   Data   RW         6408    .data               ip_frag.o
    0x20000162   0x00000001   Data   RW         6530    .data               etharp.o
    0x20000163   0x00000001   PAD
    0x20000164   0x00000012   Data   RW         6617    .data               ethernetif.o
    0x20000176   0x00000002   PAD
    0x20000178   0x00000008   Data   RW         7684    .data               sd.o
    0x20000180   0x00000038   Data   RW         8204    .data               mb_m.o
    0x200001b8   0x0000000d   Data   RW         8320    .data               mbrtu_m.o
    0x200001c5   0x00000003   PAD
    0x200001c8   0x00000020   Data   RW         8419    .data               modbus_main.o
    0x200001e8   0x00000004   Data   RW         8494    .data               porttimer_m.o
    0x200001ec   0x00000002   Data   RW         8591    .data               portevent_m.o
    0x200001ee   0x00000002   PAD
    0x200001f0   0x00000038   Zero   RW            5    .bss                netconf.o
    0x20000228   0x000006f6   Zero   RW          325    .bss                client_tcpudp.o
    0x2000091e   0x00000002   PAD
    0x20000920   0x00000670   Zero   RW          808    .bss                tftpserver.o
    0x20000f90   0x00000032   Zero   RW         5093    .bss                dhcp.o
    0x20000fc2   0x00001878   Zero   RW         5350    .bss                mem.o
    0x2000283a   0x00000002   PAD
    0x2000283c   0x000068c3   Zero   RW         5400    .bss                memp.o
    0x200090ff   0x00000001   PAD
    0x20009100   0x0000010c   Zero   RW         5709    .bss                stats.o
    0x2000920c   0x00000010   Zero   RW         5977    .bss                tcp_in.o
    0x2000921c   0x000000c8   Zero   RW         6528    .bss                etharp.o
    0x200092e4   0x000029e8   Zero   RW         6616    .bss                ethernetif.o
    0x2000bccc   0x0000016c   Zero   RW         8049    .bss                smtp.o
    0x2000be38   0x000001fd   Zero   RW         8319    .bss                mbrtu_m.o
    0x2000c035   0x00000400   Zero   RW         8417    .bss                modbus_main.o
    0x2000c435   0x00000003   PAD
    0x2000c438   0x00000400   Zero   RW         6710    STACK               startup_stm32f10x_cl.o


==============================================================================

Image component sizes


      Code (inc. data)   RO Data    RW Data    ZI Data      Debug   Object Name

      2536        412          0         64       1782     244418   client_tcpudp.o
        62          0          0          0          0       2100   def.o
      4484        102          0          4         50      27995   dhcp.o
      1066          0          0          0          0      10270   dir.o
        80          0          0          0          0       1387   disc.o
         0          0          0          0          0     283408   ds18b20sech.o
         0          0          0          0          0        508   ds18b20srom.o
       122          0          0          0          0        915   efs.o
      2874         82         12          1        200      13344   etharp.o
       924        112          0         18      10728      10739   ethernetif.o
       122          0          0          0          0       1991   extract.o
      1802          6          0          0          0       9540   fat.o
      1892          0          0          0          0      10061   file.o
         4          0          0          0          0      10051   filesystem.o
       256         26          0          0          0       3445   flash_if.o
      1236          0          0          0          0      12214   fs.o
       752         16          0          0          0       3622   icmp.o
         0          0          0          0          0       3844   inet.o
       390          0          0          0          0       3562   inet_chksum.o
         0          0          0          0          0      10513   init.o
      2228          0          0          0          0      18086   ioman.o
      1172         50          0         18          0       7501   ip.o
        78          0          8          0          0       7398   ip_addr.o
      1904         46          0          6          0       9165   ip_frag.o
        68          0          0          0          0        977   ls.o
       316         20          0         26          0       3150   main.o
       564         86          0         56          0      10171   mb_m.o
       720         64          0         13        509       9562   mbrtu_m.o
      1656        146          0         12       6264       5617   mem.o
       444         36         36          4      26819       4003   memp.o
       172         32          0          0          0       2233   misc.o
       530         42          0         32       1024       4726   modbus_main.o
         0          0          0          0          0       9246   netbios.o
       292         56          0         28         56     292063   netconf.o
       428         22          0          9          0       7722   netif.o
       276          0          0          0          0       5140   partition.o
      1652          0          0          0          0       9183   pbuf.o
        72          0          0          0          0       1965   plibc.o
         8          0          0          0          0        933   port.o
        68         14          0          2          0       2414   portevent_m.o
       504         48          0          0          0       4856   portserial_m.o
       472         54          0          4          0       4226   porttimer_m.o
       120         12          0          4          0       1548   raw.o
      1870         44          0          8          0      12015   sd.o
       440         28          0          0          0       5344   sd_stm32.o
         0          0          0          0        364       4670   smtp.o
        36          8        336          0       1024        956   startup_stm32f10x_cl.o
         0          0          0          0        268       3217   stats.o
      1584        138          0         16          0      46783   stm32_eth.o
       634         32          0          0          0      18065   stm32f107.o
       294         26          0          0          0       4617   stm32f10x_flash.o
       432         10          0          0          0       4610   stm32f10x_gpio.o
        58          0          0          0          0      37027   stm32f10x_it.o
       536         48          0         20          0       7138   stm32f10x_rcc.o
       112          0          0          0          0       4066   stm32f10x_spi.o
       286         42          0          0          0       5530   stm32f10x_tim.o
       444          6          0          0          0       6449   stm32f10x_usart.o
       100         32          0          0          0       2958   stm32f10x_wwdg.o
       372         32          0          0          0       2253   system_stm32f10x.o
      3560        186        184         35          0      28079   tcp.o
      5420        190          0         32         16      16695   tcp_in.o
      3824         50          0          0          0      14355   tcp_out.o
      1728        176        146         60       1648      13984   tftpserver.o
       148          0          0          0          0       5376   tftputils.o
         4          0          0          0          0        448   time.o
         2          0          0          0          0        455   timers.o
      1462         50          0          8          0      17059   udp.o

    ----------------------------------------------------------------------
     55764       2582        756        496      50760    1347961   Object Totals
         0          0         32          0          0          0   (incl. Generated)
        72          0          2         16          8          3   (incl. Padding)

    ----------------------------------------------------------------------

      Code (inc. data)   RO Data    RW Data    ZI Data      Debug   Library Member Name

        94          0          0          0          0          0   __dczerorl2.o
         0          0          0          0          0          0   entry.o
         8          4          0          0          0          0   entry2.o
         4          0          0          0          0          0   entry5.o
         8          4          0          0          0          0   entry7.o
        30          0          0          0          0          0   handlers.o
        36          8          0          0          0         68   init.o
        20          0          0          0          0         68   memchr.o
        26          0          0          0          0         76   memcmp.o
        36          0          0          0          0         68   memcpya.o
        38          0          0          0          0        108   memseta.o
       902         10          0          0          0        416   printf6.o
        18          0          0          0          0         68   strcpy.o
        16          0          0          0          0         68   strlen.o
        30          0          0          0          0         76   strncmp.o
        44          0          0          0          0         76   uidiv.o

    ----------------------------------------------------------------------
      1312         26          0          0          0       1092   Library Totals
         2          0          0          0          0          0   (incl. Padding)

    ----------------------------------------------------------------------

      Code (inc. data)   RO Data    RW Data    ZI Data      Debug   Library Name

      1310         26          0          0          0       1092   mc_w.l

    ----------------------------------------------------------------------
      1312         26          0          0          0       1092   Library Totals

    ----------------------------------------------------------------------

==============================================================================


      Code (inc. data)   RO Data    RW Data    ZI Data      Debug   

     57076       2608        756        496      50760    1325656   Grand Totals
     57076       2608        756         92      50760    1325656   ELF Image Totals (compressed)
     57076       2608        756         92          0          0   ROM Totals

==============================================================================

    Total RO  Size (Code + RO Data)                57832 (  56.48kB)
    Total RW  Size (RW Data + ZI Data)             51256 (  50.05kB)
    Total ROM Size (Code + RO Data + RW Data)      57924 (  56.57kB)

==============================================================================

