<!doctype html public "-//w3c//dtd html 4.0 transitional//en">
<html><head>
<title>Static Call Graph - [.\obj\lwip_gnu.axf]</title></head>
<body><HR>
<H1>Static Call Graph for image .\obj\lwip_gnu.axf</H1><HR>
<BR><P>#&#060CALLGRAPH&#062# ARM Linker, RVCT4.0 [Build 728]: Last Updated: Thu Apr 19 15:03:29 2018
<BR><P>
<H3>Maximum Stack Usage =       1068 bytes + Unknown(Untraceable Function Pointers)</H3><H3>
Call chain for Maximum Stack Depth:</H3>
recv_callback_tftp &rArr; process_tftp_request &rArr; tftp_process_read &rArr; tftp_send_next_block &rArr; tftp_send_data_packet &rArr; tftp_send_message &rArr; udp_sendto &rArr; udp_sendto_if &rArr; ip_output_if &rArr; ip_frag &rArr; pbuf_alloc &rArr; pbuf_free &rArr; mem_free &rArr; plug_holes
<P>
<H3>
Function Pointers
</H3><UL>
 <LI><a href="#[2ec62c8]">Reset_Handler</a>
 <LI><a href="#[1c6eea0]">NMI_Handler</a>
 <LI><a href="#[1c6ef18]">HardFault_Handler</a>
 <LI><a href="#[1c6eedc]">MemManage_Handler</a>
 <LI><a href="#[1c6efcc]">BusFault_Handler</a>
 <LI><a href="#[1c6edb0]">UsageFault_Handler</a>
 <LI><a href="#[1c6ee28]">SVC_Handler</a>
 <LI><a href="#[1c6ef90]">DebugMon_Handler</a>
 <LI><a href="#[1c6ee64]">PendSV_Handler</a>
 <LI><a href="#[1c6edec]">SysTick_Handler</a>
 <LI><a href="#[2ec5260]">WWDG_IRQHandler</a>
 <LI><a href="#[2ec57c4]">PVD_IRQHandler</a>
 <LI><a href="#[2ec5620]">TAMPER_IRQHandler</a>
 <LI><a href="#[2ec5710]">RTC_IRQHandler</a>
 <LI><a href="#[2ec5968]">FLASH_IRQHandler</a>
 <LI><a href="#[2ec5788]">RCC_IRQHandler</a>
 <LI><a href="#[2ec5b0c]">EXTI0_IRQHandler</a>
 <LI><a href="#[2ec5a94]">EXTI1_IRQHandler</a>
 <LI><a href="#[2ec5a58]">EXTI2_IRQHandler</a>
 <LI><a href="#[2ec5a1c]">EXTI3_IRQHandler</a>
 <LI><a href="#[2ec59e0]">EXTI4_IRQHandler</a>
 <LI><a href="#[2ec5e54]">DMA1_Channel1_IRQHandler</a>
 <LI><a href="#[2ec5e18]">DMA1_Channel2_IRQHandler</a>
 <LI><a href="#[2ec5ddc]">DMA1_Channel3_IRQHandler</a>
 <LI><a href="#[2ec5da0]">DMA1_Channel4_IRQHandler</a>
 <LI><a href="#[2ec5d64]">DMA1_Channel5_IRQHandler</a>
 <LI><a href="#[2ec5d28]">DMA1_Channel6_IRQHandler</a>
 <LI><a href="#[2ec5cec]">DMA1_Channel7_IRQHandler</a>
 <LI><a href="#[2ec6070]">ADC1_2_IRQHandler</a>
 <LI><a href="#[2ec5f80]">CAN1_TX_IRQHandler</a>
 <LI><a href="#[2ec6034]">CAN1_RX0_IRQHandler</a>
 <LI><a href="#[2ec5ff8]">CAN1_RX1_IRQHandler</a>
 <LI><a href="#[2ec5fbc]">CAN1_SCE_IRQHandler</a>
 <LI><a href="#[2ec59a4]">EXTI9_5_IRQHandler</a>
 <LI><a href="#[2ec55e4]">TIM1_BRK_IRQHandler</a>
 <LI><a href="#[2ec5530]">TIM1_UP_IRQHandler</a>
 <LI><a href="#[2ec556c]">TIM1_TRG_COM_IRQHandler</a>
 <LI><a href="#[2ec55a8]">TIM1_CC_IRQHandler</a>
 <LI><a href="#[26ba100]">TIM2_IRQHandler</a>
 <LI><a href="#[2fcda98]">TIM3_IRQHandler</a>
 <LI><a href="#[2ec547c]">TIM4_IRQHandler</a>
 <LI><a href="#[2ec58f0]">I2C1_EV_IRQHandler</a>
 <LI><a href="#[2ec592c]">I2C1_ER_IRQHandler</a>
 <LI><a href="#[2ec5878]">I2C2_EV_IRQHandler</a>
 <LI><a href="#[2ec58b4]">I2C2_ER_IRQHandler</a>
 <LI><a href="#[2ec56d4]">SPI1_IRQHandler</a>
 <LI><a href="#[2ec5698]">SPI2_IRQHandler</a>
 <LI><a href="#[2ec5314]">USART1_IRQHandler</a>
 <LI><a href="#[2fccd3c]">USART2_IRQHandler</a>
 <LI><a href="#[2ec529c]">USART3_IRQHandler</a>
 <LI><a href="#[2ec5ad0]">EXTI15_10_IRQHandler</a>
 <LI><a href="#[2ec574c]">RTCAlarm_IRQHandler</a>
 <LI><a href="#[2ec5800]">OTG_FS_WKUP_IRQHandler</a>
 <LI><a href="#[2ec5440]">TIM5_IRQHandler</a>
 <LI><a href="#[2ec565c]">SPI3_IRQHandler</a>
 <LI><a href="#[2ec538c]">UART4_IRQHandler</a>
 <LI><a href="#[2ec5350]">UART5_IRQHandler</a>
 <LI><a href="#[2ec5404]">TIM6_IRQHandler</a>
 <LI><a href="#[2ec53c8]">TIM7_IRQHandler</a>
 <LI><a href="#[2ec5cb0]">DMA2_Channel1_IRQHandler</a>
 <LI><a href="#[2ec5c74]">DMA2_Channel2_IRQHandler</a>
 <LI><a href="#[2ec5c38]">DMA2_Channel3_IRQHandler</a>
 <LI><a href="#[2ec5bfc]">DMA2_Channel4_IRQHandler</a>
 <LI><a href="#[2ec5bc0]">DMA2_Channel5_IRQHandler</a>
 <LI><a href="#[1c6ef54]">ETH_IRQHandler</a>
 <LI><a href="#[2ec5b48]">ETH_WKUP_IRQHandler</a>
 <LI><a href="#[2ec5e90]">CAN2_TX_IRQHandler</a>
 <LI><a href="#[2ec5f44]">CAN2_RX0_IRQHandler</a>
 <LI><a href="#[2ec5f08]">CAN2_RX1_IRQHandler</a>
 <LI><a href="#[2ec5ecc]">CAN2_SCE_IRQHandler</a>
 <LI><a href="#[2ec583c]">OTG_FS_IRQHandler</a>
 <LI><a href="#[26ba0c4]">main</a>
 <LI><a href="#[1c6d3e8]">SystemInit</a>
 <LI><a href="#[2fcb338]">__main</a>
 <LI><a href="#[1c70598]">ethernet_input</a>
 <LI><a href="#[1c7055c]">ethernetif_init</a>
 <LI><a href="#[30bb498]">_sputc</a>
 <LI><a href="#[2e4dc58]">dhcp_recv</a>
 <LI><a href="#[2fd219c]">eMBMasterRTUStart</a>
 <LI><a href="#[2fd2160]">eMBMasterRTUStop</a>
 <LI><a href="#[2fd21d8]">eMBMasterRTUSend</a>
 <LI><a href="#[2fd2214]">eMBMasterRTUReceive</a>
 <LI><a href="#[2fd1ff8]">xMBMasterRTUReceiveFSM</a>
 <LI><a href="#[2fd1f80]">xMBMasterRTUTransmitFSM</a>
 <LI><a href="#[2fd1fbc]">xMBMasterRTUTimerExpired</a>
 <LI><a href="#[2ec87d0]">etharp_output</a>
 <LI><a href="#[2ec763c]">low_level_output</a>
 <LI><a href="#[2d3d728]">ipfrag_free_pbuf_custom</a>
 <LI><a href="#[26c2a58]">recv_callback_tftp</a>
 <LI><a href="#[2d46404]">tcp_recv_null</a>
 <LI><a href="#[1c68000]">tcp_client_connected</a>
 <LI><a href="#[1c67fc4]">tcp_client_err</a>
 <LI><a href="#[1c67f4c]">tcp_client_reciver</a>
 <LI><a href="#[26c2a58]">recv_callback_tftp</a>
 <LI><a href="#[26c2a58]">recv_callback_tftp</a>
 <LI><a href="#[26c2a1c]">rrq_recv_callback</a>
 <LI><a href="#[26c274c]">wrq_recv_callback</a>
 <LI><a href="#[1c67ed4]">udp_client_callback</a>
</UL>
<P>
<H3>
Global Symbols
</H3>
<P><STRONG><a name="[2fcb338]"></a>__main</STRONG> (Thumb, 0 bytes, Stack size unknown bytes, entry.o(.ARM.Collect$$$$00000000))
<BR>[Address Reference Count : 1]<UL><LI> startup_stm32f10x_cl.o(.text)
</UL>
<P><STRONG><a name="[30b7244]"></a>_main_stk</STRONG> (Thumb, 0 bytes, Stack size unknown bytes, entry2.o(.ARM.Collect$$$$00000001))

<P><STRONG><a name="[30b7118]"></a>_main_scatterload</STRONG> (Thumb, 0 bytes, Stack size unknown bytes, entry5.o(.ARM.Collect$$$$00000004))
<BR><BR>[Calls]<UL><LI><a href="#[30b52a0]">&gt;&gt;</a>&nbsp;&nbsp;&nbsp;__scatterload
</UL>

<P><STRONG><a name="[30b70dc]"></a>__main_after_scatterload</STRONG> (Thumb, 0 bytes, Stack size unknown bytes, entry5.o(.ARM.Collect$$$$00000004))
<BR><BR>[Called By]<UL><LI><a href="#[30b52a0]">&gt;&gt;</a>&nbsp;&nbsp;&nbsp;__scatterload
</UL>

<P><STRONG><a name="[30b6fec]"></a>_main_init</STRONG> (Thumb, 0 bytes, Stack size unknown bytes, entry7.o(.ARM.Collect$$$$00000007))

<P><STRONG><a name="[1c6f008]"></a>wait</STRONG> (Thumb, 2 bytes, Stack size 0 bytes, stm32f10x_it.o(.emb_text))
<BR><BR>[Called By]<UL><LI><a href="#[1c6ef18]">&gt;&gt;</a>&nbsp;&nbsp;&nbsp;HardFault_Handler
</UL>

<P><STRONG><a name="[2ec62c8]"></a>Reset_Handler</STRONG> (Thumb, 8 bytes, Stack size 0 bytes, startup_stm32f10x_cl.o(.text))
<BR>[Address Reference Count : 1]<UL><LI> startup_stm32f10x_cl.o(RESET)
</UL>
<P><STRONG><a name="[2ec6070]"></a>ADC1_2_IRQHandler</STRONG> (Thumb, 0 bytes, Stack size 0 bytes, startup_stm32f10x_cl.o(.text))
<BR>[Address Reference Count : 1]<UL><LI> startup_stm32f10x_cl.o(RESET)
</UL>
<P><STRONG><a name="[2ec6034]"></a>CAN1_RX0_IRQHandler</STRONG> (Thumb, 0 bytes, Stack size 0 bytes, startup_stm32f10x_cl.o(.text))
<BR>[Address Reference Count : 1]<UL><LI> startup_stm32f10x_cl.o(RESET)
</UL>
<P><STRONG><a name="[2ec5ff8]"></a>CAN1_RX1_IRQHandler</STRONG> (Thumb, 0 bytes, Stack size 0 bytes, startup_stm32f10x_cl.o(.text))
<BR>[Address Reference Count : 1]<UL><LI> startup_stm32f10x_cl.o(RESET)
</UL>
<P><STRONG><a name="[2ec5fbc]"></a>CAN1_SCE_IRQHandler</STRONG> (Thumb, 0 bytes, Stack size 0 bytes, startup_stm32f10x_cl.o(.text))
<BR>[Address Reference Count : 1]<UL><LI> startup_stm32f10x_cl.o(RESET)
</UL>
<P><STRONG><a name="[2ec5f80]"></a>CAN1_TX_IRQHandler</STRONG> (Thumb, 0 bytes, Stack size 0 bytes, startup_stm32f10x_cl.o(.text))
<BR>[Address Reference Count : 1]<UL><LI> startup_stm32f10x_cl.o(RESET)
</UL>
<P><STRONG><a name="[2ec5f44]"></a>CAN2_RX0_IRQHandler</STRONG> (Thumb, 0 bytes, Stack size 0 bytes, startup_stm32f10x_cl.o(.text))
<BR>[Address Reference Count : 1]<UL><LI> startup_stm32f10x_cl.o(RESET)
</UL>
<P><STRONG><a name="[2ec5f08]"></a>CAN2_RX1_IRQHandler</STRONG> (Thumb, 0 bytes, Stack size 0 bytes, startup_stm32f10x_cl.o(.text))
<BR>[Address Reference Count : 1]<UL><LI> startup_stm32f10x_cl.o(RESET)
</UL>
<P><STRONG><a name="[2ec5ecc]"></a>CAN2_SCE_IRQHandler</STRONG> (Thumb, 0 bytes, Stack size 0 bytes, startup_stm32f10x_cl.o(.text))
<BR>[Address Reference Count : 1]<UL><LI> startup_stm32f10x_cl.o(RESET)
</UL>
<P><STRONG><a name="[2ec5e90]"></a>CAN2_TX_IRQHandler</STRONG> (Thumb, 0 bytes, Stack size 0 bytes, startup_stm32f10x_cl.o(.text))
<BR>[Address Reference Count : 1]<UL><LI> startup_stm32f10x_cl.o(RESET)
</UL>
<P><STRONG><a name="[2ec5e54]"></a>DMA1_Channel1_IRQHandler</STRONG> (Thumb, 0 bytes, Stack size 0 bytes, startup_stm32f10x_cl.o(.text))
<BR>[Address Reference Count : 1]<UL><LI> startup_stm32f10x_cl.o(RESET)
</UL>
<P><STRONG><a name="[2ec5e18]"></a>DMA1_Channel2_IRQHandler</STRONG> (Thumb, 0 bytes, Stack size 0 bytes, startup_stm32f10x_cl.o(.text))
<BR>[Address Reference Count : 1]<UL><LI> startup_stm32f10x_cl.o(RESET)
</UL>
<P><STRONG><a name="[2ec5ddc]"></a>DMA1_Channel3_IRQHandler</STRONG> (Thumb, 0 bytes, Stack size 0 bytes, startup_stm32f10x_cl.o(.text))
<BR>[Address Reference Count : 1]<UL><LI> startup_stm32f10x_cl.o(RESET)
</UL>
<P><STRONG><a name="[2ec5da0]"></a>DMA1_Channel4_IRQHandler</STRONG> (Thumb, 0 bytes, Stack size 0 bytes, startup_stm32f10x_cl.o(.text))
<BR>[Address Reference Count : 1]<UL><LI> startup_stm32f10x_cl.o(RESET)
</UL>
<P><STRONG><a name="[2ec5d64]"></a>DMA1_Channel5_IRQHandler</STRONG> (Thumb, 0 bytes, Stack size 0 bytes, startup_stm32f10x_cl.o(.text))
<BR>[Address Reference Count : 1]<UL><LI> startup_stm32f10x_cl.o(RESET)
</UL>
<P><STRONG><a name="[2ec5d28]"></a>DMA1_Channel6_IRQHandler</STRONG> (Thumb, 0 bytes, Stack size 0 bytes, startup_stm32f10x_cl.o(.text))
<BR>[Address Reference Count : 1]<UL><LI> startup_stm32f10x_cl.o(RESET)
</UL>
<P><STRONG><a name="[2ec5cec]"></a>DMA1_Channel7_IRQHandler</STRONG> (Thumb, 0 bytes, Stack size 0 bytes, startup_stm32f10x_cl.o(.text))
<BR>[Address Reference Count : 1]<UL><LI> startup_stm32f10x_cl.o(RESET)
</UL>
<P><STRONG><a name="[2ec5cb0]"></a>DMA2_Channel1_IRQHandler</STRONG> (Thumb, 0 bytes, Stack size 0 bytes, startup_stm32f10x_cl.o(.text))
<BR>[Address Reference Count : 1]<UL><LI> startup_stm32f10x_cl.o(RESET)
</UL>
<P><STRONG><a name="[2ec5c74]"></a>DMA2_Channel2_IRQHandler</STRONG> (Thumb, 0 bytes, Stack size 0 bytes, startup_stm32f10x_cl.o(.text))
<BR>[Address Reference Count : 1]<UL><LI> startup_stm32f10x_cl.o(RESET)
</UL>
<P><STRONG><a name="[2ec5c38]"></a>DMA2_Channel3_IRQHandler</STRONG> (Thumb, 0 bytes, Stack size 0 bytes, startup_stm32f10x_cl.o(.text))
<BR>[Address Reference Count : 1]<UL><LI> startup_stm32f10x_cl.o(RESET)
</UL>
<P><STRONG><a name="[2ec5bfc]"></a>DMA2_Channel4_IRQHandler</STRONG> (Thumb, 0 bytes, Stack size 0 bytes, startup_stm32f10x_cl.o(.text))
<BR>[Address Reference Count : 1]<UL><LI> startup_stm32f10x_cl.o(RESET)
</UL>
<P><STRONG><a name="[2ec5bc0]"></a>DMA2_Channel5_IRQHandler</STRONG> (Thumb, 0 bytes, Stack size 0 bytes, startup_stm32f10x_cl.o(.text))
<BR>[Address Reference Count : 1]<UL><LI> startup_stm32f10x_cl.o(RESET)
</UL>
<P><STRONG><a name="[2ec5b48]"></a>ETH_WKUP_IRQHandler</STRONG> (Thumb, 0 bytes, Stack size 0 bytes, startup_stm32f10x_cl.o(.text))
<BR>[Address Reference Count : 1]<UL><LI> startup_stm32f10x_cl.o(RESET)
</UL>
<P><STRONG><a name="[2ec5b0c]"></a>EXTI0_IRQHandler</STRONG> (Thumb, 0 bytes, Stack size 0 bytes, startup_stm32f10x_cl.o(.text))
<BR>[Address Reference Count : 1]<UL><LI> startup_stm32f10x_cl.o(RESET)
</UL>
<P><STRONG><a name="[2ec5ad0]"></a>EXTI15_10_IRQHandler</STRONG> (Thumb, 0 bytes, Stack size 0 bytes, startup_stm32f10x_cl.o(.text))
<BR>[Address Reference Count : 1]<UL><LI> startup_stm32f10x_cl.o(RESET)
</UL>
<P><STRONG><a name="[2ec5a94]"></a>EXTI1_IRQHandler</STRONG> (Thumb, 0 bytes, Stack size 0 bytes, startup_stm32f10x_cl.o(.text))
<BR>[Address Reference Count : 1]<UL><LI> startup_stm32f10x_cl.o(RESET)
</UL>
<P><STRONG><a name="[2ec5a58]"></a>EXTI2_IRQHandler</STRONG> (Thumb, 0 bytes, Stack size 0 bytes, startup_stm32f10x_cl.o(.text))
<BR>[Address Reference Count : 1]<UL><LI> startup_stm32f10x_cl.o(RESET)
</UL>
<P><STRONG><a name="[2ec5a1c]"></a>EXTI3_IRQHandler</STRONG> (Thumb, 0 bytes, Stack size 0 bytes, startup_stm32f10x_cl.o(.text))
<BR>[Address Reference Count : 1]<UL><LI> startup_stm32f10x_cl.o(RESET)
</UL>
<P><STRONG><a name="[2ec59e0]"></a>EXTI4_IRQHandler</STRONG> (Thumb, 0 bytes, Stack size 0 bytes, startup_stm32f10x_cl.o(.text))
<BR>[Address Reference Count : 1]<UL><LI> startup_stm32f10x_cl.o(RESET)
</UL>
<P><STRONG><a name="[2ec59a4]"></a>EXTI9_5_IRQHandler</STRONG> (Thumb, 0 bytes, Stack size 0 bytes, startup_stm32f10x_cl.o(.text))
<BR>[Address Reference Count : 1]<UL><LI> startup_stm32f10x_cl.o(RESET)
</UL>
<P><STRONG><a name="[2ec5968]"></a>FLASH_IRQHandler</STRONG> (Thumb, 0 bytes, Stack size 0 bytes, startup_stm32f10x_cl.o(.text))
<BR>[Address Reference Count : 1]<UL><LI> startup_stm32f10x_cl.o(RESET)
</UL>
<P><STRONG><a name="[2ec592c]"></a>I2C1_ER_IRQHandler</STRONG> (Thumb, 0 bytes, Stack size 0 bytes, startup_stm32f10x_cl.o(.text))
<BR>[Address Reference Count : 1]<UL><LI> startup_stm32f10x_cl.o(RESET)
</UL>
<P><STRONG><a name="[2ec58f0]"></a>I2C1_EV_IRQHandler</STRONG> (Thumb, 0 bytes, Stack size 0 bytes, startup_stm32f10x_cl.o(.text))
<BR>[Address Reference Count : 1]<UL><LI> startup_stm32f10x_cl.o(RESET)
</UL>
<P><STRONG><a name="[2ec58b4]"></a>I2C2_ER_IRQHandler</STRONG> (Thumb, 0 bytes, Stack size 0 bytes, startup_stm32f10x_cl.o(.text))
<BR>[Address Reference Count : 1]<UL><LI> startup_stm32f10x_cl.o(RESET)
</UL>
<P><STRONG><a name="[2ec5878]"></a>I2C2_EV_IRQHandler</STRONG> (Thumb, 0 bytes, Stack size 0 bytes, startup_stm32f10x_cl.o(.text))
<BR>[Address Reference Count : 1]<UL><LI> startup_stm32f10x_cl.o(RESET)
</UL>
<P><STRONG><a name="[2ec583c]"></a>OTG_FS_IRQHandler</STRONG> (Thumb, 0 bytes, Stack size 0 bytes, startup_stm32f10x_cl.o(.text))
<BR>[Address Reference Count : 1]<UL><LI> startup_stm32f10x_cl.o(RESET)
</UL>
<P><STRONG><a name="[2ec5800]"></a>OTG_FS_WKUP_IRQHandler</STRONG> (Thumb, 0 bytes, Stack size 0 bytes, startup_stm32f10x_cl.o(.text))
<BR>[Address Reference Count : 1]<UL><LI> startup_stm32f10x_cl.o(RESET)
</UL>
<P><STRONG><a name="[2ec57c4]"></a>PVD_IRQHandler</STRONG> (Thumb, 0 bytes, Stack size 0 bytes, startup_stm32f10x_cl.o(.text))
<BR>[Address Reference Count : 1]<UL><LI> startup_stm32f10x_cl.o(RESET)
</UL>
<P><STRONG><a name="[2ec5788]"></a>RCC_IRQHandler</STRONG> (Thumb, 0 bytes, Stack size 0 bytes, startup_stm32f10x_cl.o(.text))
<BR>[Address Reference Count : 1]<UL><LI> startup_stm32f10x_cl.o(RESET)
</UL>
<P><STRONG><a name="[2ec574c]"></a>RTCAlarm_IRQHandler</STRONG> (Thumb, 0 bytes, Stack size 0 bytes, startup_stm32f10x_cl.o(.text))
<BR>[Address Reference Count : 1]<UL><LI> startup_stm32f10x_cl.o(RESET)
</UL>
<P><STRONG><a name="[2ec5710]"></a>RTC_IRQHandler</STRONG> (Thumb, 0 bytes, Stack size 0 bytes, startup_stm32f10x_cl.o(.text))
<BR>[Address Reference Count : 1]<UL><LI> startup_stm32f10x_cl.o(RESET)
</UL>
<P><STRONG><a name="[2ec56d4]"></a>SPI1_IRQHandler</STRONG> (Thumb, 0 bytes, Stack size 0 bytes, startup_stm32f10x_cl.o(.text))
<BR>[Address Reference Count : 1]<UL><LI> startup_stm32f10x_cl.o(RESET)
</UL>
<P><STRONG><a name="[2ec5698]"></a>SPI2_IRQHandler</STRONG> (Thumb, 0 bytes, Stack size 0 bytes, startup_stm32f10x_cl.o(.text))
<BR>[Address Reference Count : 1]<UL><LI> startup_stm32f10x_cl.o(RESET)
</UL>
<P><STRONG><a name="[2ec565c]"></a>SPI3_IRQHandler</STRONG> (Thumb, 0 bytes, Stack size 0 bytes, startup_stm32f10x_cl.o(.text))
<BR>[Address Reference Count : 1]<UL><LI> startup_stm32f10x_cl.o(RESET)
</UL>
<P><STRONG><a name="[2ec5620]"></a>TAMPER_IRQHandler</STRONG> (Thumb, 0 bytes, Stack size 0 bytes, startup_stm32f10x_cl.o(.text))
<BR>[Address Reference Count : 1]<UL><LI> startup_stm32f10x_cl.o(RESET)
</UL>
<P><STRONG><a name="[2ec55e4]"></a>TIM1_BRK_IRQHandler</STRONG> (Thumb, 0 bytes, Stack size 0 bytes, startup_stm32f10x_cl.o(.text))
<BR>[Address Reference Count : 1]<UL><LI> startup_stm32f10x_cl.o(RESET)
</UL>
<P><STRONG><a name="[2ec55a8]"></a>TIM1_CC_IRQHandler</STRONG> (Thumb, 0 bytes, Stack size 0 bytes, startup_stm32f10x_cl.o(.text))
<BR>[Address Reference Count : 1]<UL><LI> startup_stm32f10x_cl.o(RESET)
</UL>
<P><STRONG><a name="[2ec556c]"></a>TIM1_TRG_COM_IRQHandler</STRONG> (Thumb, 0 bytes, Stack size 0 bytes, startup_stm32f10x_cl.o(.text))
<BR>[Address Reference Count : 1]<UL><LI> startup_stm32f10x_cl.o(RESET)
</UL>
<P><STRONG><a name="[2ec5530]"></a>TIM1_UP_IRQHandler</STRONG> (Thumb, 0 bytes, Stack size 0 bytes, startup_stm32f10x_cl.o(.text))
<BR>[Address Reference Count : 1]<UL><LI> startup_stm32f10x_cl.o(RESET)
</UL>
<P><STRONG><a name="[2ec547c]"></a>TIM4_IRQHandler</STRONG> (Thumb, 0 bytes, Stack size 0 bytes, startup_stm32f10x_cl.o(.text))
<BR>[Address Reference Count : 1]<UL><LI> startup_stm32f10x_cl.o(RESET)
</UL>
<P><STRONG><a name="[2ec5440]"></a>TIM5_IRQHandler</STRONG> (Thumb, 0 bytes, Stack size 0 bytes, startup_stm32f10x_cl.o(.text))
<BR>[Address Reference Count : 1]<UL><LI> startup_stm32f10x_cl.o(RESET)
</UL>
<P><STRONG><a name="[2ec5404]"></a>TIM6_IRQHandler</STRONG> (Thumb, 0 bytes, Stack size 0 bytes, startup_stm32f10x_cl.o(.text))
<BR>[Address Reference Count : 1]<UL><LI> startup_stm32f10x_cl.o(RESET)
</UL>
<P><STRONG><a name="[2ec53c8]"></a>TIM7_IRQHandler</STRONG> (Thumb, 0 bytes, Stack size 0 bytes, startup_stm32f10x_cl.o(.text))
<BR>[Address Reference Count : 1]<UL><LI> startup_stm32f10x_cl.o(RESET)
</UL>
<P><STRONG><a name="[2ec538c]"></a>UART4_IRQHandler</STRONG> (Thumb, 0 bytes, Stack size 0 bytes, startup_stm32f10x_cl.o(.text))
<BR>[Address Reference Count : 1]<UL><LI> startup_stm32f10x_cl.o(RESET)
</UL>
<P><STRONG><a name="[2ec5350]"></a>UART5_IRQHandler</STRONG> (Thumb, 0 bytes, Stack size 0 bytes, startup_stm32f10x_cl.o(.text))
<BR>[Address Reference Count : 1]<UL><LI> startup_stm32f10x_cl.o(RESET)
</UL>
<P><STRONG><a name="[2ec5314]"></a>USART1_IRQHandler</STRONG> (Thumb, 0 bytes, Stack size 0 bytes, startup_stm32f10x_cl.o(.text))
<BR>[Address Reference Count : 1]<UL><LI> startup_stm32f10x_cl.o(RESET)
</UL>
<P><STRONG><a name="[2ec529c]"></a>USART3_IRQHandler</STRONG> (Thumb, 0 bytes, Stack size 0 bytes, startup_stm32f10x_cl.o(.text))
<BR>[Address Reference Count : 1]<UL><LI> startup_stm32f10x_cl.o(RESET)
</UL>
<P><STRONG><a name="[2ec5260]"></a>WWDG_IRQHandler</STRONG> (Thumb, 0 bytes, Stack size 0 bytes, startup_stm32f10x_cl.o(.text))
<BR>[Address Reference Count : 1]<UL><LI> startup_stm32f10x_cl.o(RESET)
</UL>
<P><STRONG><a name="[2fcb068]"></a>__aeabi_memcpy</STRONG> (Thumb, 36 bytes, Stack size 0 bytes, memcpya.o(.text))
<BR><BR>[Called By]<UL><LI><a href="#[1c67790]">&gt;&gt;</a>&nbsp;&nbsp;&nbsp;tcp_write
<LI><a href="#[1c67de4]">&gt;&gt;</a>&nbsp;&nbsp;&nbsp;Getmeminf
<LI><a href="#[1c67ed4]">&gt;&gt;</a>&nbsp;&nbsp;&nbsp;udp_client_callback
<LI><a href="#[1c67f4c]">&gt;&gt;</a>&nbsp;&nbsp;&nbsp;tcp_client_reciver
<LI><a href="#[26b9e6c]">&gt;&gt;</a>&nbsp;&nbsp;&nbsp;eMBMasterPoll
<LI><a href="#[26ba088]">&gt;&gt;</a>&nbsp;&nbsp;&nbsp;ModbusSenttset
<LI><a href="#[26c256c]">&gt;&gt;</a>&nbsp;&nbsp;&nbsp;tftp_set_data_message
<LI><a href="#[26c2800]">&gt;&gt;</a>&nbsp;&nbsp;&nbsp;tftp_send_message
<LI><a href="#[2d3d7a0]">&gt;&gt;</a>&nbsp;&nbsp;&nbsp;ip_reass_free_complete_datagram
<LI><a href="#[2d3d7dc]">&gt;&gt;</a>&nbsp;&nbsp;&nbsp;ip_reass_enqueue_new_datagram
<LI><a href="#[2d3f744]">&gt;&gt;</a>&nbsp;&nbsp;&nbsp;ip_reass
<LI><a href="#[2d3f780]">&gt;&gt;</a>&nbsp;&nbsp;&nbsp;ip_frag
<LI><a href="#[2d41490]">&gt;&gt;</a>&nbsp;&nbsp;&nbsp;icmp_send_response
<LI><a href="#[2e46368]">&gt;&gt;</a>&nbsp;&nbsp;&nbsp;pbuf_copy
<LI><a href="#[2e4cc68]">&gt;&gt;</a>&nbsp;&nbsp;&nbsp;pbuf_copy_partial
<LI><a href="#[2ec6b74]">&gt;&gt;</a>&nbsp;&nbsp;&nbsp;Read_Eth_Packet
<LI><a href="#[2ec763c]">&gt;&gt;</a>&nbsp;&nbsp;&nbsp;low_level_output
<LI><a href="#[2ec7678]">&gt;&gt;</a>&nbsp;&nbsp;&nbsp;low_level_input
<LI><a href="#[2ec8aa0]">&gt;&gt;</a>&nbsp;&nbsp;&nbsp;etharp_update_arp_entry
<LI><a href="#[2ec8adc]">&gt;&gt;</a>&nbsp;&nbsp;&nbsp;etharp_send_ip
<LI><a href="#[2ec8b18]">&gt;&gt;</a>&nbsp;&nbsp;&nbsp;etharp_raw
<LI><a href="#[2ec8c08]">&gt;&gt;</a>&nbsp;&nbsp;&nbsp;etharp_arp_input
</UL>

<P><STRONG><a name="[2fcb02c]"></a>__aeabi_memcpy4</STRONG> (Thumb, 0 bytes, Stack size 0 bytes, memcpya.o(.text))
<BR><BR>[Called By]<UL><LI><a href="#[2ec2f74]">&gt;&gt;</a>&nbsp;&nbsp;&nbsp;dir_getFileStructure
<LI><a href="#[2ec30dc]">&gt;&gt;</a>&nbsp;&nbsp;&nbsp;dir_findFreeEntryinBuf
<LI><a href="#[2ec3118]">&gt;&gt;</a>&nbsp;&nbsp;&nbsp;dir_findFileinBuf
</UL>

<P><STRONG><a name="[2fcaff0]"></a>__aeabi_memcpy8</STRONG> (Thumb, 0 bytes, Stack size 0 bytes, memcpya.o(.text), UNUSED)

<P><STRONG><a name="[2fcaf00]"></a>__aeabi_memset</STRONG> (Thumb, 14 bytes, Stack size 0 bytes, memseta.o(.text), UNUSED)
<BR><BR>[Called By]<UL><LI><a href="#[2fcad98]">&gt;&gt;</a>&nbsp;&nbsp;&nbsp;_memset$wrapper
<LI><a href="#[2fcae4c]">&gt;&gt;</a>&nbsp;&nbsp;&nbsp;__aeabi_memclr
</UL>

<P><STRONG><a name="[2fcaec4]"></a>__aeabi_memset4</STRONG> (Thumb, 0 bytes, Stack size 0 bytes, memseta.o(.text), UNUSED)

<P><STRONG><a name="[2fcae88]"></a>__aeabi_memset8</STRONG> (Thumb, 0 bytes, Stack size 0 bytes, memseta.o(.text), UNUSED)

<P><STRONG><a name="[2fcae4c]"></a>__aeabi_memclr</STRONG> (Thumb, 4 bytes, Stack size 0 bytes, memseta.o(.text), UNUSED)
<BR><BR>[Calls]<UL><LI><a href="#[2fcaf00]">&gt;&gt;</a>&nbsp;&nbsp;&nbsp;__aeabi_memset
</UL>
<BR>[Called By]<UL></UL>

<P><STRONG><a name="[2fcae10]"></a>__aeabi_memclr4</STRONG> (Thumb, 0 bytes, Stack size 0 bytes, memseta.o(.text))
<BR><BR>[Called By]<UL><LI><a href="#[1c67718]">&gt;&gt;</a>&nbsp;&nbsp;&nbsp;udp_new
<LI><a href="#[1c70610]">&gt;&gt;</a>&nbsp;&nbsp;&nbsp;dhcp_start
<LI><a href="#[2d3d7dc]">&gt;&gt;</a>&nbsp;&nbsp;&nbsp;ip_reass_enqueue_new_datagram
<LI><a href="#[2d4665c]">&gt;&gt;</a>&nbsp;&nbsp;&nbsp;tcp_alloc
<LI><a href="#[2e4dd0c]">&gt;&gt;</a>&nbsp;&nbsp;&nbsp;dhcp_parse_reply
</UL>

<P><STRONG><a name="[2fcadd4]"></a>__aeabi_memclr8</STRONG> (Thumb, 0 bytes, Stack size 0 bytes, memseta.o(.text), UNUSED)

<P><STRONG><a name="[2fcad98]"></a>_memset$wrapper</STRONG> (Thumb, 20 bytes, Stack size 8 bytes, memseta.o(.text), UNUSED)
<BR><BR>[Calls]<UL><LI><a href="#[2fcaf00]">&gt;&gt;</a>&nbsp;&nbsp;&nbsp;__aeabi_memset
</UL>

<P><STRONG><a name="[2fcaac8]"></a>strlen</STRONG> (Thumb, 16 bytes, Stack size 0 bytes, strlen.o(.text))
<BR><BR>[Called By]<UL><LI><a href="#[1c67f4c]">&gt;&gt;</a>&nbsp;&nbsp;&nbsp;tcp_client_reciver
<LI><a href="#[26c2968]">&gt;&gt;</a>&nbsp;&nbsp;&nbsp;tftp_construct_error_message
<LI><a href="#[2e4ddfc]">&gt;&gt;</a>&nbsp;&nbsp;&nbsp;dhcp_option_hostname
</UL>

<P><STRONG><a name="[2fca8e8]"></a>memchr</STRONG> (Thumb, 20 bytes, Stack size 0 bytes, memchr.o(.text))
<BR><BR>[Called By]<UL><LI><a href="#[26ba088]">&gt;&gt;</a>&nbsp;&nbsp;&nbsp;ModbusSenttset
</UL>

<P><STRONG><a name="[2fca7f8]"></a>memcmp</STRONG> (Thumb, 26 bytes, Stack size 12 bytes, memcmp.o(.text))
<BR><BR>[Stack]<UL><LI>Max Depth = 12<LI>Call Chain = memcmp
</UL>
<BR>[Called By]<UL><LI><a href="#[1c70598]">&gt;&gt;</a>&nbsp;&nbsp;&nbsp;ethernet_input
</UL>

<P><STRONG><a name="[2fca708]"></a>strcpy</STRONG> (Thumb, 18 bytes, Stack size 0 bytes, strcpy.o(.text))
<BR><BR>[Called By]<UL><LI><a href="#[26c24f4]">&gt;&gt;</a>&nbsp;&nbsp;&nbsp;tftp_set_errormsg
<LI><a href="#[26c2620]">&gt;&gt;</a>&nbsp;&nbsp;&nbsp;tftp_extract_filename
</UL>

<P><STRONG><a name="[2fca618]"></a>strncmp</STRONG> (Thumb, 30 bytes, Stack size 12 bytes, strncmp.o(.text))
<BR><BR>[Stack]<UL><LI>Max Depth = 12<LI>Call Chain = strncmp
</UL>
<BR>[Called By]<UL><LI><a href="#[1c67ed4]">&gt;&gt;</a>&nbsp;&nbsp;&nbsp;udp_client_callback
<LI><a href="#[1c67f4c]">&gt;&gt;</a>&nbsp;&nbsp;&nbsp;tcp_client_reciver
</UL>

<P><STRONG><a name="[30b6ce0]"></a>__aeabi_uidiv</STRONG> (Thumb, 0 bytes, Stack size 12 bytes, uidiv.o(.text), UNUSED)

<P><STRONG><a name="[30b6ca4]"></a>__aeabi_uidivmod</STRONG> (Thumb, 44 bytes, Stack size 12 bytes, uidiv.o(.text), UNUSED)
<BR><BR>[Called By]<UL><LI><a href="#[30bb588]">&gt;&gt;</a>&nbsp;&nbsp;&nbsp;_printf_core
</UL>

<P><STRONG><a name="[30b52a0]"></a>__scatterload</STRONG> (Thumb, 28 bytes, Stack size 0 bytes, init.o(.text))
<BR><BR>[Calls]<UL><LI><a href="#[30b70dc]">&gt;&gt;</a>&nbsp;&nbsp;&nbsp;__main_after_scatterload
</UL>
<BR>[Called By]<UL><LI><a href="#[30b7118]">&gt;&gt;</a>&nbsp;&nbsp;&nbsp;_main_scatterload
</UL>

<P><STRONG><a name="[30b5264]"></a>__scatterload_rt2</STRONG> (Thumb, 0 bytes, Stack size 0 bytes, init.o(.text), UNUSED)

<P><STRONG><a name="[30b4940]"></a>__decompress</STRONG> (Thumb, 0 bytes, Stack size unknown bytes, __dczerorl2.o(.text), UNUSED)

<P><STRONG><a name="[30b4904]"></a>__decompress1</STRONG> (Thumb, 94 bytes, Stack size unknown bytes, __dczerorl2.o(.text), UNUSED)

<P><STRONG><a name="[1c6efcc]"></a>BusFault_Handler</STRONG> (Thumb, 4 bytes, Stack size 0 bytes, stm32f10x_it.o(i.BusFault_Handler))
<BR>[Address Reference Count : 1]<UL><LI> startup_stm32f10x_cl.o(RESET)
</UL>
<P><STRONG><a name="[1c6ef90]"></a>DebugMon_Handler</STRONG> (Thumb, 2 bytes, Stack size 0 bytes, stm32f10x_it.o(i.DebugMon_Handler))
<BR>[Address Reference Count : 1]<UL><LI> startup_stm32f10x_cl.o(RESET)
</UL>
<P><STRONG><a name="[1c6ed74]"></a>ETH_DMAClearITPendingBit</STRONG> (Thumb, 6 bytes, Stack size 0 bytes, stm32_eth.o(i.ETH_DMAClearITPendingBit))
<BR><BR>[Called By]<UL><LI><a href="#[1c6ef54]">&gt;&gt;</a>&nbsp;&nbsp;&nbsp;ETH_IRQHandler
</UL>

<P><STRONG><a name="[1c6d7a8]"></a>ETH_DMAITConfig</STRONG> (Thumb, 26 bytes, Stack size 0 bytes, stm32_eth.o(i.ETH_DMAITConfig))
<BR><BR>[Called By]<UL><LI><a href="#[1c6d988]">&gt;&gt;</a>&nbsp;&nbsp;&nbsp;Ethernet_Configuration
</UL>

<P><STRONG><a name="[2e52adc]"></a>ETH_DMAReceptionCmd</STRONG> (Thumb, 30 bytes, Stack size 0 bytes, stm32_eth.o(i.ETH_DMAReceptionCmd))
<BR><BR>[Called By]<UL><LI><a href="#[2e516f0]">&gt;&gt;</a>&nbsp;&nbsp;&nbsp;ETH_Start
</UL>

<P><STRONG><a name="[2e52aa0]"></a>ETH_DMARxDescChainInit</STRONG> (Thumb, 72 bytes, Stack size 12 bytes, stm32_eth.o(i.ETH_DMARxDescChainInit))
<BR><BR>[Stack]<UL><LI>Max Depth = 12<LI>Call Chain = ETH_DMARxDescChainInit
</UL>
<BR>[Called By]<UL><LI><a href="#[2ec6bb0]">&gt;&gt;</a>&nbsp;&nbsp;&nbsp;ETH_TxPkt_ChainMode
<LI><a href="#[2ec76b4]">&gt;&gt;</a>&nbsp;&nbsp;&nbsp;low_level_init
</UL>

<P><STRONG><a name="[2e52a28]"></a>ETH_DMARxDescReceiveITConfig</STRONG> (Thumb, 22 bytes, Stack size 0 bytes, stm32_eth.o(i.ETH_DMARxDescReceiveITConfig))
<BR><BR>[Called By]<UL><LI><a href="#[2ec6bb0]">&gt;&gt;</a>&nbsp;&nbsp;&nbsp;ETH_TxPkt_ChainMode
<LI><a href="#[2ec76b4]">&gt;&gt;</a>&nbsp;&nbsp;&nbsp;low_level_init
</UL>

<P><STRONG><a name="[2e52974]"></a>ETH_DMATransmissionCmd</STRONG> (Thumb, 30 bytes, Stack size 0 bytes, stm32_eth.o(i.ETH_DMATransmissionCmd))
<BR><BR>[Called By]<UL><LI><a href="#[2e516f0]">&gt;&gt;</a>&nbsp;&nbsp;&nbsp;ETH_Start
</UL>

<P><STRONG><a name="[2e528c0]"></a>ETH_DMATxDescChainInit</STRONG> (Thumb, 66 bytes, Stack size 12 bytes, stm32_eth.o(i.ETH_DMATxDescChainInit))
<BR><BR>[Stack]<UL><LI>Max Depth = 12<LI>Call Chain = ETH_DMATxDescChainInit
</UL>
<BR>[Called By]<UL><LI><a href="#[2ec6bb0]">&gt;&gt;</a>&nbsp;&nbsp;&nbsp;ETH_TxPkt_ChainMode
<LI><a href="#[2ec76b4]">&gt;&gt;</a>&nbsp;&nbsp;&nbsp;low_level_init
</UL>

<P><STRONG><a name="[1c6d76c]"></a>ETH_DeInit</STRONG> (Thumb, 22 bytes, Stack size 8 bytes, stm32_eth.o(i.ETH_DeInit))
<BR><BR>[Stack]<UL><LI>Max Depth = 8<LI>Call Chain = ETH_DeInit
</UL>
<BR>[Calls]<UL><LI><a href="#[285a9dc]">&gt;&gt;</a>&nbsp;&nbsp;&nbsp;RCC_AHBPeriphResetCmd
</UL>
<BR>[Called By]<UL><LI><a href="#[1c6d988]">&gt;&gt;</a>&nbsp;&nbsp;&nbsp;Ethernet_Configuration
</UL>

<P><STRONG><a name="[2e525b4]"></a>ETH_FlushTransmitFIFO</STRONG> (Thumb, 14 bytes, Stack size 0 bytes, stm32_eth.o(i.ETH_FlushTransmitFIFO))
<BR><BR>[Called By]<UL><LI><a href="#[2e516f0]">&gt;&gt;</a>&nbsp;&nbsp;&nbsp;ETH_Start
</UL>

<P><STRONG><a name="[2ec6c28]"></a>ETH_GetCurrentTxBuffer</STRONG> (Thumb, 8 bytes, Stack size 0 bytes, ethernetif.o(i.ETH_GetCurrentTxBuffer))
<BR><BR>[Called By]<UL><LI><a href="#[2ec763c]">&gt;&gt;</a>&nbsp;&nbsp;&nbsp;low_level_output
</UL>

<P><STRONG><a name="[2e52320]"></a>ETH_GetDMARxDescFrameLength</STRONG> (Thumb, 10 bytes, Stack size 0 bytes, stm32_eth.o(i.ETH_GetDMARxDescFrameLength))
<BR><BR>[Called By]<UL><LI><a href="#[2e51f9c]">&gt;&gt;</a>&nbsp;&nbsp;&nbsp;ETH_GetRxPktSize
</UL>

<P><STRONG><a name="[2e51f9c]"></a>ETH_GetRxPktSize</STRONG> (Thumb, 66 bytes, Stack size 4 bytes, stm32_eth.o(i.ETH_GetRxPktSize))
<BR><BR>[Stack]<UL><LI>Max Depth = 4<LI>Call Chain = ETH_GetRxPktSize
</UL>
<BR>[Calls]<UL><LI><a href="#[2e52320]">&gt;&gt;</a>&nbsp;&nbsp;&nbsp;ETH_GetDMARxDescFrameLength
</UL>
<BR>[Called By]<UL><LI><a href="#[1c7073c]">&gt;&gt;</a>&nbsp;&nbsp;&nbsp;ETH_Recive_Poll
</UL>

<P><STRONG><a name="[1c6d730]"></a>ETH_GetSoftwareResetStatus</STRONG> (Thumb, 20 bytes, Stack size 0 bytes, stm32_eth.o(i.ETH_GetSoftwareResetStatus))
<BR><BR>[Called By]<UL><LI><a href="#[1c6d988]">&gt;&gt;</a>&nbsp;&nbsp;&nbsp;Ethernet_Configuration
</UL>

<P><STRONG><a name="[1c6ef54]"></a>ETH_IRQHandler</STRONG> (Thumb, 18 bytes, Stack size 8 bytes, stm32f10x_it.o(i.ETH_IRQHandler))
<BR><BR>[Stack]<UL><LI>Max Depth = 8<LI>Call Chain = ETH_IRQHandler
</UL>
<BR>[Calls]<UL><LI><a href="#[1c6ed74]">&gt;&gt;</a>&nbsp;&nbsp;&nbsp;ETH_DMAClearITPendingBit
</UL>
<BR>[Address Reference Count : 1]<UL><LI> startup_stm32f10x_cl.o(RESET)
</UL>
<P><STRONG><a name="[1c6d6f4]"></a>ETH_Init</STRONG> (Thumb, 562 bytes, Stack size 56 bytes, stm32_eth.o(i.ETH_Init))
<BR><BR>[Stack]<UL><LI>Max Depth = 80<LI>Call Chain = ETH_Init &rArr; RCC_GetClocksFreq
</UL>
<BR>[Calls]<UL><LI><a href="#[1c6d460]">&gt;&gt;</a>&nbsp;&nbsp;&nbsp;RCC_GetClocksFreq
<LI><a href="#[2e51678]">&gt;&gt;</a>&nbsp;&nbsp;&nbsp;ETH_WritePHYRegister
<LI><a href="#[2e51984]">&gt;&gt;</a>&nbsp;&nbsp;&nbsp;ETH_ReadPHYRegister
<LI><a href="#[2e52ed8]">&gt;&gt;</a>&nbsp;&nbsp;&nbsp;ETH_Delay
</UL>
<BR>[Called By]<UL><LI><a href="#[1c6d988]">&gt;&gt;</a>&nbsp;&nbsp;&nbsp;Ethernet_Configuration
</UL>

<P><STRONG><a name="[2e51d80]"></a>ETH_MACAddressConfig</STRONG> (Thumb, 46 bytes, Stack size 8 bytes, stm32_eth.o(i.ETH_MACAddressConfig))
<BR><BR>[Stack]<UL><LI>Max Depth = 8<LI>Call Chain = ETH_MACAddressConfig
</UL>
<BR>[Called By]<UL><LI><a href="#[1c70700]">&gt;&gt;</a>&nbsp;&nbsp;&nbsp;Set_MAC_Address
</UL>

<P><STRONG><a name="[2e51c54]"></a>ETH_MACReceptionCmd</STRONG> (Thumb, 30 bytes, Stack size 0 bytes, stm32_eth.o(i.ETH_MACReceptionCmd))
<BR><BR>[Called By]<UL><LI><a href="#[2e516f0]">&gt;&gt;</a>&nbsp;&nbsp;&nbsp;ETH_Start
</UL>

<P><STRONG><a name="[2e51c18]"></a>ETH_MACTransmissionCmd</STRONG> (Thumb, 30 bytes, Stack size 0 bytes, stm32_eth.o(i.ETH_MACTransmissionCmd))
<BR><BR>[Called By]<UL><LI><a href="#[2e516f0]">&gt;&gt;</a>&nbsp;&nbsp;&nbsp;ETH_Start
</UL>

<P><STRONG><a name="[2e51984]"></a>ETH_ReadPHYRegister</STRONG> (Thumb, 86 bytes, Stack size 8 bytes, stm32_eth.o(i.ETH_ReadPHYRegister))
<BR><BR>[Stack]<UL><LI>Max Depth = 8<LI>Call Chain = ETH_ReadPHYRegister
</UL>
<BR>[Called By]<UL><LI><a href="#[1c6d6f4]">&gt;&gt;</a>&nbsp;&nbsp;&nbsp;ETH_Init
</UL>

<P><STRONG><a name="[1c7073c]"></a>ETH_Recive_Poll</STRONG> (Thumb, 38 bytes, Stack size 8 bytes, ethernetif.o(i.ETH_Recive_Poll))
<BR><BR>[Stack]<UL><LI>Max Depth = 164<LI>Call Chain = ETH_Recive_Poll &rArr; LwIP_Pkt_Handle &rArr; ethernetif_input &rArr; low_level_input &rArr; pbuf_alloc &rArr; pbuf_free &rArr; mem_free &rArr; plug_holes
</UL>
<BR>[Calls]<UL><LI><a href="#[1c70778]">&gt;&gt;</a>&nbsp;&nbsp;&nbsp;LwIP_Pkt_Handle
<LI><a href="#[2e51f9c]">&gt;&gt;</a>&nbsp;&nbsp;&nbsp;ETH_GetRxPktSize
<LI><a href="#[2ec6b74]">&gt;&gt;</a>&nbsp;&nbsp;&nbsp;Read_Eth_Packet
</UL>
<BR>[Called By]<UL><LI><a href="#[1c707b4]">&gt;&gt;</a>&nbsp;&nbsp;&nbsp;LwIP_Periodic_Handle
</UL>

<P><STRONG><a name="[2ec6bec]"></a>ETH_RxPkt_ChainMode</STRONG> (Thumb, 150 bytes, Stack size 20 bytes, ethernetif.o(i.ETH_RxPkt_ChainMode))
<BR><BR>[Stack]<UL><LI>Max Depth = 20<LI>Call Chain = ETH_RxPkt_ChainMode
</UL>
<BR>[Called By]<UL><LI><a href="#[2ec6b74]">&gt;&gt;</a>&nbsp;&nbsp;&nbsp;Read_Eth_Packet
</UL>

<P><STRONG><a name="[1c6d6b8]"></a>ETH_SoftwareReset</STRONG> (Thumb, 14 bytes, Stack size 0 bytes, stm32_eth.o(i.ETH_SoftwareReset))
<BR><BR>[Called By]<UL><LI><a href="#[1c6d988]">&gt;&gt;</a>&nbsp;&nbsp;&nbsp;Ethernet_Configuration
</UL>

<P><STRONG><a name="[2e516f0]"></a>ETH_Start</STRONG> (Thumb, 32 bytes, Stack size 4 bytes, stm32_eth.o(i.ETH_Start))
<BR><BR>[Stack]<UL><LI>Max Depth = 4<LI>Call Chain = ETH_Start
</UL>
<BR>[Calls]<UL><LI><a href="#[2e51c18]">&gt;&gt;</a>&nbsp;&nbsp;&nbsp;ETH_MACTransmissionCmd
<LI><a href="#[2e51c54]">&gt;&gt;</a>&nbsp;&nbsp;&nbsp;ETH_MACReceptionCmd
<LI><a href="#[2e525b4]">&gt;&gt;</a>&nbsp;&nbsp;&nbsp;ETH_FlushTransmitFIFO
<LI><a href="#[2e52974]">&gt;&gt;</a>&nbsp;&nbsp;&nbsp;ETH_DMATransmissionCmd
<LI><a href="#[2e52adc]">&gt;&gt;</a>&nbsp;&nbsp;&nbsp;ETH_DMAReceptionCmd
</UL>
<BR>[Called By]<UL><LI><a href="#[2ec6bb0]">&gt;&gt;</a>&nbsp;&nbsp;&nbsp;ETH_TxPkt_ChainMode
<LI><a href="#[2ec76b4]">&gt;&gt;</a>&nbsp;&nbsp;&nbsp;low_level_init
</UL>

<P><STRONG><a name="[1c6d67c]"></a>ETH_StructInit</STRONG> (Thumb, 164 bytes, Stack size 0 bytes, stm32_eth.o(i.ETH_StructInit))
<BR><BR>[Called By]<UL><LI><a href="#[1c6d988]">&gt;&gt;</a>&nbsp;&nbsp;&nbsp;Ethernet_Configuration
</UL>

<P><STRONG><a name="[2ec6bb0]"></a>ETH_TxPkt_ChainMode</STRONG> (Thumb, 152 bytes, Stack size 16 bytes, ethernetif.o(i.ETH_TxPkt_ChainMode))
<BR><BR>[Stack]<UL><LI>Max Depth = 288<LI>Call Chain = ETH_TxPkt_ChainMode &rArr; Ethernet_Configuration &rArr; ETH_Init &rArr; RCC_GetClocksFreq
</UL>
<BR>[Calls]<UL><LI><a href="#[1c6d988]">&gt;&gt;</a>&nbsp;&nbsp;&nbsp;Ethernet_Configuration
<LI><a href="#[1c70700]">&gt;&gt;</a>&nbsp;&nbsp;&nbsp;Set_MAC_Address
<LI><a href="#[2e516f0]">&gt;&gt;</a>&nbsp;&nbsp;&nbsp;ETH_Start
<LI><a href="#[2e528c0]">&gt;&gt;</a>&nbsp;&nbsp;&nbsp;ETH_DMATxDescChainInit
<LI><a href="#[2e52a28]">&gt;&gt;</a>&nbsp;&nbsp;&nbsp;ETH_DMARxDescReceiveITConfig
<LI><a href="#[2e52aa0]">&gt;&gt;</a>&nbsp;&nbsp;&nbsp;ETH_DMARxDescChainInit
</UL>
<BR>[Called By]<UL><LI><a href="#[2ec763c]">&gt;&gt;</a>&nbsp;&nbsp;&nbsp;low_level_output
</UL>

<P><STRONG><a name="[2e51678]"></a>ETH_WritePHYRegister</STRONG> (Thumb, 84 bytes, Stack size 12 bytes, stm32_eth.o(i.ETH_WritePHYRegister))
<BR><BR>[Stack]<UL><LI>Max Depth = 12<LI>Call Chain = ETH_WritePHYRegister
</UL>
<BR>[Called By]<UL><LI><a href="#[1c6d6f4]">&gt;&gt;</a>&nbsp;&nbsp;&nbsp;ETH_Init
</UL>

<P><STRONG><a name="[2fd0540]"></a>EnterCriticalSection</STRONG> (Thumb, 4 bytes, Stack size 0 bytes, port.o(i.EnterCriticalSection))
<BR><BR>[Called By]<UL><LI><a href="#[2fd0360]">&gt;&gt;</a>&nbsp;&nbsp;&nbsp;xMBMasterPortSerialInit
<LI><a href="#[2fd2160]">&gt;&gt;</a>&nbsp;&nbsp;&nbsp;eMBMasterRTUStop
<LI><a href="#[2fd219c]">&gt;&gt;</a>&nbsp;&nbsp;&nbsp;eMBMasterRTUStart
<LI><a href="#[2fd21d8]">&gt;&gt;</a>&nbsp;&nbsp;&nbsp;eMBMasterRTUSend
<LI><a href="#[2fd2214]">&gt;&gt;</a>&nbsp;&nbsp;&nbsp;eMBMasterRTUReceive
<LI><a href="#[2fd2250]">&gt;&gt;</a>&nbsp;&nbsp;&nbsp;eMBMasterRTUInit
</UL>

<P><STRONG><a name="[1c6d988]"></a>Ethernet_Configuration</STRONG> (Thumb, 130 bytes, Stack size 192 bytes, stm32f107.o(i.Ethernet_Configuration))
<BR><BR>[Stack]<UL><LI>Max Depth = 272<LI>Call Chain = Ethernet_Configuration &rArr; ETH_Init &rArr; RCC_GetClocksFreq
</UL>
<BR>[Calls]<UL><LI><a href="#[1c6d424]">&gt;&gt;</a>&nbsp;&nbsp;&nbsp;RCC_MCOConfig
<LI><a href="#[1c6d640]">&gt;&gt;</a>&nbsp;&nbsp;&nbsp;GPIO_ETH_MediaInterfaceConfig
<LI><a href="#[1c6d67c]">&gt;&gt;</a>&nbsp;&nbsp;&nbsp;ETH_StructInit
<LI><a href="#[1c6d6b8]">&gt;&gt;</a>&nbsp;&nbsp;&nbsp;ETH_SoftwareReset
<LI><a href="#[1c6d6f4]">&gt;&gt;</a>&nbsp;&nbsp;&nbsp;ETH_Init
<LI><a href="#[1c6d730]">&gt;&gt;</a>&nbsp;&nbsp;&nbsp;ETH_GetSoftwareResetStatus
<LI><a href="#[1c6d76c]">&gt;&gt;</a>&nbsp;&nbsp;&nbsp;ETH_DeInit
<LI><a href="#[1c6d7a8]">&gt;&gt;</a>&nbsp;&nbsp;&nbsp;ETH_DMAITConfig
</UL>
<BR>[Called By]<UL><LI><a href="#[1c6d8d4]">&gt;&gt;</a>&nbsp;&nbsp;&nbsp;System_Setup
<LI><a href="#[2ec6bb0]">&gt;&gt;</a>&nbsp;&nbsp;&nbsp;ETH_TxPkt_ChainMode
</UL>

<P><STRONG><a name="[2fd0504]"></a>ExitCriticalSection</STRONG> (Thumb, 4 bytes, Stack size 0 bytes, port.o(i.ExitCriticalSection))
<BR><BR>[Called By]<UL><LI><a href="#[2fd0360]">&gt;&gt;</a>&nbsp;&nbsp;&nbsp;xMBMasterPortSerialInit
<LI><a href="#[2fd2160]">&gt;&gt;</a>&nbsp;&nbsp;&nbsp;eMBMasterRTUStop
<LI><a href="#[2fd219c]">&gt;&gt;</a>&nbsp;&nbsp;&nbsp;eMBMasterRTUStart
<LI><a href="#[2fd21d8]">&gt;&gt;</a>&nbsp;&nbsp;&nbsp;eMBMasterRTUSend
<LI><a href="#[2fd2214]">&gt;&gt;</a>&nbsp;&nbsp;&nbsp;eMBMasterRTUReceive
<LI><a href="#[2fd2250]">&gt;&gt;</a>&nbsp;&nbsp;&nbsp;eMBMasterRTUInit
</UL>

<P><STRONG><a name="[27df7d0]"></a>FLASH_ErasePage</STRONG> (Thumb, 72 bytes, Stack size 12 bytes, stm32f10x_flash.o(i.FLASH_ErasePage))
<BR><BR>[Stack]<UL><LI>Max Depth = 16<LI>Call Chain = FLASH_ErasePage &rArr; FLASH_WaitForLastOperation
</UL>
<BR>[Calls]<UL><LI><a href="#[27df2a8]">&gt;&gt;</a>&nbsp;&nbsp;&nbsp;FLASH_WaitForLastOperation
</UL>
<BR>[Called By]<UL><LI><a href="#[1c67c40]">&gt;&gt;</a>&nbsp;&nbsp;&nbsp;WriteIpToFlash
<LI><a href="#[1c67e20]">&gt;&gt;</a>&nbsp;&nbsp;&nbsp;GetIpFromFlash
</UL>

<P><STRONG><a name="[27df794]"></a>FLASH_GetBank1Status</STRONG> (Thumb, 50 bytes, Stack size 0 bytes, stm32f10x_flash.o(i.FLASH_GetBank1Status))
<BR><BR>[Called By]<UL><LI><a href="#[27df2a8]">&gt;&gt;</a>&nbsp;&nbsp;&nbsp;FLASH_WaitForLastOperation
</UL>

<P><STRONG><a name="[2fcb554]"></a>FLASH_If_DataFlashRead</STRONG> (Thumb, 30 bytes, Stack size 8 bytes, flash_if.o(i.FLASH_If_DataFlashRead))
<BR><BR>[Stack]<UL><LI>Max Depth = 8<LI>Call Chain = FLASH_If_DataFlashRead
</UL>
<BR>[Called By]<UL><LI><a href="#[1c67e20]">&gt;&gt;</a>&nbsp;&nbsp;&nbsp;GetIpFromFlash
</UL>

<P><STRONG><a name="[2fcb518]"></a>FLASH_If_DataFlashWrite</STRONG> (Thumb, 54 bytes, Stack size 24 bytes, flash_if.o(i.FLASH_If_DataFlashWrite))
<BR><BR>[Stack]<UL><LI>Max Depth = 48<LI>Call Chain = FLASH_If_DataFlashWrite &rArr; FLASH_ProgramWord &rArr; FLASH_WaitForLastOperation
</UL>
<BR>[Calls]<UL><LI><a href="#[27df44c]">&gt;&gt;</a>&nbsp;&nbsp;&nbsp;FLASH_ProgramWord
</UL>
<BR>[Called By]<UL><LI><a href="#[1c67c40]">&gt;&gt;</a>&nbsp;&nbsp;&nbsp;WriteIpToFlash
<LI><a href="#[1c67e20]">&gt;&gt;</a>&nbsp;&nbsp;&nbsp;GetIpFromFlash
</UL>

<P><STRONG><a name="[2fcb4a0]"></a>FLASH_If_Init</STRONG> (Thumb, 8 bytes, Stack size 8 bytes, flash_if.o(i.FLASH_If_Init))
<BR><BR>[Stack]<UL><LI>Max Depth = 8<LI>Call Chain = FLASH_If_Init
</UL>
<BR>[Calls]<UL><LI><a href="#[27df398]">&gt;&gt;</a>&nbsp;&nbsp;&nbsp;FLASH_Unlock
</UL>
<BR>[Called By]<UL><LI><a href="#[1c67c40]">&gt;&gt;</a>&nbsp;&nbsp;&nbsp;WriteIpToFlash
<LI><a href="#[1c67e20]">&gt;&gt;</a>&nbsp;&nbsp;&nbsp;GetIpFromFlash
</UL>

<P><STRONG><a name="[27df44c]"></a>FLASH_ProgramWord</STRONG> (Thumb, 96 bytes, Stack size 20 bytes, stm32f10x_flash.o(i.FLASH_ProgramWord))
<BR><BR>[Stack]<UL><LI>Max Depth = 24<LI>Call Chain = FLASH_ProgramWord &rArr; FLASH_WaitForLastOperation
</UL>
<BR>[Calls]<UL><LI><a href="#[27df2a8]">&gt;&gt;</a>&nbsp;&nbsp;&nbsp;FLASH_WaitForLastOperation
</UL>
<BR>[Called By]<UL><LI><a href="#[2fcb518]">&gt;&gt;</a>&nbsp;&nbsp;&nbsp;FLASH_If_DataFlashWrite
</UL>

<P><STRONG><a name="[27df398]"></a>FLASH_Unlock</STRONG> (Thumb, 12 bytes, Stack size 0 bytes, stm32f10x_flash.o(i.FLASH_Unlock))
<BR><BR>[Called By]<UL><LI><a href="#[2fcb4a0]">&gt;&gt;</a>&nbsp;&nbsp;&nbsp;FLASH_If_Init
</UL>

<P><STRONG><a name="[27df2a8]"></a>FLASH_WaitForLastOperation</STRONG> (Thumb, 38 bytes, Stack size 4 bytes, stm32f10x_flash.o(i.FLASH_WaitForLastOperation))
<BR><BR>[Stack]<UL><LI>Max Depth = 4<LI>Call Chain = FLASH_WaitForLastOperation
</UL>
<BR>[Calls]<UL><LI><a href="#[27df794]">&gt;&gt;</a>&nbsp;&nbsp;&nbsp;FLASH_GetBank1Status
</UL>
<BR>[Called By]<UL><LI><a href="#[27df44c]">&gt;&gt;</a>&nbsp;&nbsp;&nbsp;FLASH_ProgramWord
<LI><a href="#[27df7d0]">&gt;&gt;</a>&nbsp;&nbsp;&nbsp;FLASH_ErasePage
</UL>

<P><STRONG><a name="[1c67e5c]"></a>FS_Write</STRONG> (Thumb, 4 bytes, Stack size 0 bytes, filesystem.o(i.FS_Write))
<BR><BR>[Called By]<UL><LI><a href="#[1c680f0]">&gt;&gt;</a>&nbsp;&nbsp;&nbsp;TcpTestThread
</UL>

<P><STRONG><a name="[1c6d94c]"></a>GPIO_Configuration</STRONG> (Thumb, 250 bytes, Stack size 8 bytes, stm32f107.o(i.GPIO_Configuration))
<BR><BR>[Stack]<UL><LI>Max Depth = 32<LI>Call Chain = GPIO_Configuration &rArr; GPIO_Init
</UL>
<BR>[Calls]<UL><LI><a href="#[1c6d5c8]">&gt;&gt;</a>&nbsp;&nbsp;&nbsp;GPIO_PinRemapConfig
<LI><a href="#[1c6d604]">&gt;&gt;</a>&nbsp;&nbsp;&nbsp;GPIO_Init
</UL>
<BR>[Called By]<UL><LI><a href="#[1c6d8d4]">&gt;&gt;</a>&nbsp;&nbsp;&nbsp;System_Setup
</UL>

<P><STRONG><a name="[1c6d640]"></a>GPIO_ETH_MediaInterfaceConfig</STRONG> (Thumb, 6 bytes, Stack size 0 bytes, stm32f10x_gpio.o(i.GPIO_ETH_MediaInterfaceConfig))
<BR><BR>[Called By]<UL><LI><a href="#[1c6d988]">&gt;&gt;</a>&nbsp;&nbsp;&nbsp;Ethernet_Configuration
</UL>

<P><STRONG><a name="[1c6d604]"></a>GPIO_Init</STRONG> (Thumb, 272 bytes, Stack size 24 bytes, stm32f10x_gpio.o(i.GPIO_Init))
<BR><BR>[Stack]<UL><LI>Max Depth = 24<LI>Call Chain = GPIO_Init
</UL>
<BR>[Called By]<UL><LI><a href="#[1c6d94c]">&gt;&gt;</a>&nbsp;&nbsp;&nbsp;GPIO_Configuration
<LI><a href="#[2f57a30]">&gt;&gt;</a>&nbsp;&nbsp;&nbsp;SPI_Config
<LI><a href="#[2fd0360]">&gt;&gt;</a>&nbsp;&nbsp;&nbsp;xMBMasterPortSerialInit
</UL>

<P><STRONG><a name="[1c6d5c8]"></a>GPIO_PinRemapConfig</STRONG> (Thumb, 136 bytes, Stack size 20 bytes, stm32f10x_gpio.o(i.GPIO_PinRemapConfig))
<BR><BR>[Stack]<UL><LI>Max Depth = 20<LI>Call Chain = GPIO_PinRemapConfig
</UL>
<BR>[Called By]<UL><LI><a href="#[1c6d94c]">&gt;&gt;</a>&nbsp;&nbsp;&nbsp;GPIO_Configuration
<LI><a href="#[2fd0360]">&gt;&gt;</a>&nbsp;&nbsp;&nbsp;xMBMasterPortSerialInit
</UL>

<P><STRONG><a name="[26bd634]"></a>GPIO_ResetBits</STRONG> (Thumb, 4 bytes, Stack size 0 bytes, stm32f10x_gpio.o(i.GPIO_ResetBits))
<BR><BR>[Called By]<UL><LI><a href="#[2f58624]">&gt;&gt;</a>&nbsp;&nbsp;&nbsp;if_spiSend
<LI><a href="#[2fd04c8]">&gt;&gt;</a>&nbsp;&nbsp;&nbsp;vMBMasterPortSerialEnable
</UL>

<P><STRONG><a name="[26bd5f8]"></a>GPIO_SetBits</STRONG> (Thumb, 4 bytes, Stack size 0 bytes, stm32f10x_gpio.o(i.GPIO_SetBits))
<BR><BR>[Called By]<UL><LI><a href="#[2f573dc]">&gt;&gt;</a>&nbsp;&nbsp;&nbsp;if_spiInit
<LI><a href="#[2f58624]">&gt;&gt;</a>&nbsp;&nbsp;&nbsp;if_spiSend
<LI><a href="#[2fd04c8]">&gt;&gt;</a>&nbsp;&nbsp;&nbsp;vMBMasterPortSerialEnable
</UL>

<P><STRONG><a name="[1c67e20]"></a>GetIpFromFlash</STRONG> (Thumb, 98 bytes, Stack size 16 bytes, flash_if.o(i.GetIpFromFlash))
<BR><BR>[Stack]<UL><LI>Max Depth = 64<LI>Call Chain = GetIpFromFlash &rArr; FLASH_If_DataFlashWrite &rArr; FLASH_ProgramWord &rArr; FLASH_WaitForLastOperation
</UL>
<BR>[Calls]<UL><LI><a href="#[27df7d0]">&gt;&gt;</a>&nbsp;&nbsp;&nbsp;FLASH_ErasePage
<LI><a href="#[2fcb4a0]">&gt;&gt;</a>&nbsp;&nbsp;&nbsp;FLASH_If_Init
<LI><a href="#[2fcb518]">&gt;&gt;</a>&nbsp;&nbsp;&nbsp;FLASH_If_DataFlashWrite
<LI><a href="#[2fcb554]">&gt;&gt;</a>&nbsp;&nbsp;&nbsp;FLASH_If_DataFlashRead
</UL>
<BR>[Called By]<UL><LI><a href="#[1c67ed4]">&gt;&gt;</a>&nbsp;&nbsp;&nbsp;udp_client_callback
<LI><a href="#[1c67f4c]">&gt;&gt;</a>&nbsp;&nbsp;&nbsp;tcp_client_reciver
<LI><a href="#[26ba0c4]">&gt;&gt;</a>&nbsp;&nbsp;&nbsp;main
</UL>

<P><STRONG><a name="[1c7082c]"></a>GetMacAddr</STRONG> (Thumb, 56 bytes, Stack size 0 bytes, netconf.o(i.GetMacAddr))
<BR><BR>[Called By]<UL><LI><a href="#[1c707f0]">&gt;&gt;</a>&nbsp;&nbsp;&nbsp;LwIP_Init
</UL>

<P><STRONG><a name="[1c67de4]"></a>Getmeminf</STRONG> (Thumb, 264 bytes, Stack size 24 bytes, mem.o(i.Getmeminf))
<BR><BR>[Stack]<UL><LI>Max Depth = 48<LI>Call Chain = Getmeminf &rArr; __2sprintf
</UL>
<BR>[Calls]<UL><LI><a href="#[2fcb068]">&gt;&gt;</a>&nbsp;&nbsp;&nbsp;__aeabi_memcpy
<LI><a href="#[30bb1c8]">&gt;&gt;</a>&nbsp;&nbsp;&nbsp;__2sprintf
</UL>
<BR>[Called By]<UL><LI><a href="#[1c67f4c]">&gt;&gt;</a>&nbsp;&nbsp;&nbsp;tcp_client_reciver
</UL>

<P><STRONG><a name="[1c6ef18]"></a>HardFault_Handler</STRONG> (Thumb, 10 bytes, Stack size 8 bytes, stm32f10x_it.o(i.HardFault_Handler))
<BR><BR>[Stack]<UL><LI>Max Depth = 8<LI>Call Chain = HardFault_Handler
</UL>
<BR>[Calls]<UL><LI><a href="#[1c6f008]">&gt;&gt;</a>&nbsp;&nbsp;&nbsp;wait
</UL>
<BR>[Address Reference Count : 1]<UL><LI> startup_stm32f10x_cl.o(RESET)
</UL>
<P><STRONG><a name="[26ba13c]"></a>InitTIM</STRONG> (Thumb, 154 bytes, Stack size 24 bytes, main.o(i.InitTIM))
<BR><BR>[Stack]<UL><LI>Max Depth = 40<LI>Call Chain = InitTIM &rArr; NVIC_Init
</UL>
<BR>[Calls]<UL><LI><a href="#[1c67da8]">&gt;&gt;</a>&nbsp;&nbsp;&nbsp;RCC_APB1PeriphClockCmd
<LI><a href="#[1c6d550]">&gt;&gt;</a>&nbsp;&nbsp;&nbsp;NVIC_PriorityGroupConfig
<LI><a href="#[1c6d58c]">&gt;&gt;</a>&nbsp;&nbsp;&nbsp;NVIC_Init
<LI><a href="#[26b9ea8]">&gt;&gt;</a>&nbsp;&nbsp;&nbsp;TIM_TimeBaseInit
<LI><a href="#[26b9ee4]">&gt;&gt;</a>&nbsp;&nbsp;&nbsp;TIM_SetCounter
<LI><a href="#[26b9f20]">&gt;&gt;</a>&nbsp;&nbsp;&nbsp;TIM_ITConfig
<LI><a href="#[26b9f98]">&gt;&gt;</a>&nbsp;&nbsp;&nbsp;TIM_Cmd
<LI><a href="#[26b9fd4]">&gt;&gt;</a>&nbsp;&nbsp;&nbsp;TIM_ClearITPendingBit
<LI><a href="#[26ba04c]">&gt;&gt;</a>&nbsp;&nbsp;&nbsp;TIM_ARRPreloadConfig
</UL>
<BR>[Called By]<UL><LI><a href="#[26ba0c4]">&gt;&gt;</a>&nbsp;&nbsp;&nbsp;main
</UL>

<P><STRONG><a name="[1c707f0]"></a>LwIP_Init</STRONG> (Thumb, 74 bytes, Stack size 32 bytes, netconf.o(i.LwIP_Init))
<BR><BR>[Stack]<UL><LI>Max Depth = 540<LI>Call Chain = LwIP_Init &rArr; netif_add &rArr; netif_set_addr &rArr; netif_set_ipaddr &rArr; tcp_abort &rArr; tcp_abandon &rArr; tcp_pcb_remove &rArr; tcp_output &rArr; tcp_output_segment &rArr; ip_output &rArr; ip_output_if &rArr; ip_frag &rArr; pbuf_alloc &rArr; pbuf_free &rArr; mem_free &rArr; plug_holes
</UL>
<BR>[Calls]<UL><LI><a href="#[1c703f4]">&gt;&gt;</a>&nbsp;&nbsp;&nbsp;netif_set_up
<LI><a href="#[1c70430]">&gt;&gt;</a>&nbsp;&nbsp;&nbsp;netif_set_default
<LI><a href="#[1c7046c]">&gt;&gt;</a>&nbsp;&nbsp;&nbsp;netif_add
<LI><a href="#[1c704a8]">&gt;&gt;</a>&nbsp;&nbsp;&nbsp;memp_init
<LI><a href="#[1c704e4]">&gt;&gt;</a>&nbsp;&nbsp;&nbsp;mem_init
<LI><a href="#[1c70610]">&gt;&gt;</a>&nbsp;&nbsp;&nbsp;dhcp_start
<LI><a href="#[1c70700]">&gt;&gt;</a>&nbsp;&nbsp;&nbsp;Set_MAC_Address
<LI><a href="#[1c7082c]">&gt;&gt;</a>&nbsp;&nbsp;&nbsp;GetMacAddr
</UL>
<BR>[Called By]<UL><LI><a href="#[26ba0c4]">&gt;&gt;</a>&nbsp;&nbsp;&nbsp;main
</UL>

<P><STRONG><a name="[1c707b4]"></a>LwIP_Periodic_Handle</STRONG> (Thumb, 96 bytes, Stack size 8 bytes, netconf.o(i.LwIP_Periodic_Handle))
<BR><BR>[Stack]<UL><LI>Max Depth = 932<LI>Call Chain = LwIP_Periodic_Handle &rArr; TftpTrm250ms &rArr; tftp_send_error_message &rArr; tftp_send_message &rArr; udp_sendto &rArr; udp_sendto_if &rArr; ip_output_if &rArr; ip_frag &rArr; pbuf_alloc &rArr; pbuf_free &rArr; mem_free &rArr; plug_holes
</UL>
<BR>[Calls]<UL><LI><a href="#[1c703b8]">&gt;&gt;</a>&nbsp;&nbsp;&nbsp;tcp_tmr
<LI><a href="#[1c705d4]">&gt;&gt;</a>&nbsp;&nbsp;&nbsp;etharp_tmr
<LI><a href="#[1c7064c]">&gt;&gt;</a>&nbsp;&nbsp;&nbsp;dhcp_fine_tmr
<LI><a href="#[1c70688]">&gt;&gt;</a>&nbsp;&nbsp;&nbsp;dhcp_coarse_tmr
<LI><a href="#[1c706c4]">&gt;&gt;</a>&nbsp;&nbsp;&nbsp;TftpTrm250ms
<LI><a href="#[1c7073c]">&gt;&gt;</a>&nbsp;&nbsp;&nbsp;ETH_Recive_Poll
</UL>
<BR>[Called By]<UL><LI><a href="#[26ba0c4]">&gt;&gt;</a>&nbsp;&nbsp;&nbsp;main
</UL>

<P><STRONG><a name="[1c70778]"></a>LwIP_Pkt_Handle</STRONG> (Thumb, 10 bytes, Stack size 8 bytes, netconf.o(i.LwIP_Pkt_Handle))
<BR><BR>[Stack]<UL><LI>Max Depth = 156<LI>Call Chain = LwIP_Pkt_Handle &rArr; ethernetif_input &rArr; low_level_input &rArr; pbuf_alloc &rArr; pbuf_free &rArr; mem_free &rArr; plug_holes
</UL>
<BR>[Calls]<UL><LI><a href="#[1c70520]">&gt;&gt;</a>&nbsp;&nbsp;&nbsp;ethernetif_input
</UL>
<BR>[Called By]<UL><LI><a href="#[1c7073c]">&gt;&gt;</a>&nbsp;&nbsp;&nbsp;ETH_Recive_Poll
</UL>

<P><STRONG><a name="[2fceefc]"></a>Master_Send</STRONG> (Thumb, 62 bytes, Stack size 24 bytes, modbus_main.o(i.Master_Send))
<BR><BR>[Stack]<UL><LI>Max Depth = 84<LI>Call Chain = Master_Send &rArr; eMBMasterRTUSend &rArr; vMBMasterPortSerialEnable &rArr; USART_ITConfig
</UL>
<BR>[Calls]<UL><LI><a href="#[2fd20e8]">&gt;&gt;</a>&nbsp;&nbsp;&nbsp;vMBMasterGetPDUSndBuf
<LI><a href="#[2fd21d8]">&gt;&gt;</a>&nbsp;&nbsp;&nbsp;eMBMasterRTUSend
</UL>
<BR>[Called By]<UL><LI><a href="#[26ba088]">&gt;&gt;</a>&nbsp;&nbsp;&nbsp;ModbusSenttset
</UL>

<P><STRONG><a name="[1c6eedc]"></a>MemManage_Handler</STRONG> (Thumb, 4 bytes, Stack size 0 bytes, stm32f10x_it.o(i.MemManage_Handler))
<BR>[Address Reference Count : 1]<UL><LI> startup_stm32f10x_cl.o(RESET)
</UL>
<P><STRONG><a name="[26ba088]"></a>ModbusSenttset</STRONG> (Thumb, 426 bytes, Stack size 40 bytes, modbus_main.o(i.ModbusSenttset))
<BR><BR>[Stack]<UL><LI>Max Depth = 124<LI>Call Chain = ModbusSenttset &rArr; Master_Send &rArr; eMBMasterRTUSend &rArr; vMBMasterPortSerialEnable &rArr; USART_ITConfig
</UL>
<BR>[Calls]<UL><LI><a href="#[2fca8e8]">&gt;&gt;</a>&nbsp;&nbsp;&nbsp;memchr
<LI><a href="#[2fcb068]">&gt;&gt;</a>&nbsp;&nbsp;&nbsp;__aeabi_memcpy
<LI><a href="#[2fceefc]">&gt;&gt;</a>&nbsp;&nbsp;&nbsp;Master_Send
</UL>
<BR>[Called By]<UL><LI><a href="#[26ba0c4]">&gt;&gt;</a>&nbsp;&nbsp;&nbsp;main
</UL>

<P><STRONG><a name="[1c6eea0]"></a>NMI_Handler</STRONG> (Thumb, 2 bytes, Stack size 0 bytes, stm32f10x_it.o(i.NMI_Handler))
<BR>[Address Reference Count : 1]<UL><LI> startup_stm32f10x_cl.o(RESET)
</UL>
<P><STRONG><a name="[1c6d910]"></a>NVIC_Configuration</STRONG> (Thumb, 62 bytes, Stack size 8 bytes, stm32f107.o(i.NVIC_Configuration))
<BR><BR>[Stack]<UL><LI>Max Depth = 24<LI>Call Chain = NVIC_Configuration &rArr; NVIC_Init
</UL>
<BR>[Calls]<UL><LI><a href="#[1c6d514]">&gt;&gt;</a>&nbsp;&nbsp;&nbsp;NVIC_SetVectorTable
<LI><a href="#[1c6d550]">&gt;&gt;</a>&nbsp;&nbsp;&nbsp;NVIC_PriorityGroupConfig
<LI><a href="#[1c6d58c]">&gt;&gt;</a>&nbsp;&nbsp;&nbsp;NVIC_Init
</UL>
<BR>[Called By]<UL><LI><a href="#[1c6d8d4]">&gt;&gt;</a>&nbsp;&nbsp;&nbsp;System_Setup
</UL>

<P><STRONG><a name="[1c6d58c]"></a>NVIC_Init</STRONG> (Thumb, 118 bytes, Stack size 16 bytes, misc.o(i.NVIC_Init))
<BR><BR>[Stack]<UL><LI>Max Depth = 16<LI>Call Chain = NVIC_Init
</UL>
<BR>[Called By]<UL><LI><a href="#[1c6d910]">&gt;&gt;</a>&nbsp;&nbsp;&nbsp;NVIC_Configuration
<LI><a href="#[26ba13c]">&gt;&gt;</a>&nbsp;&nbsp;&nbsp;InitTIM
<LI><a href="#[2fd02e8]">&gt;&gt;</a>&nbsp;&nbsp;&nbsp;xMBMasterPortTimersInit
<LI><a href="#[2fd0360]">&gt;&gt;</a>&nbsp;&nbsp;&nbsp;xMBMasterPortSerialInit
</UL>

<P><STRONG><a name="[1c6d550]"></a>NVIC_PriorityGroupConfig</STRONG> (Thumb, 10 bytes, Stack size 0 bytes, misc.o(i.NVIC_PriorityGroupConfig))
<BR><BR>[Called By]<UL><LI><a href="#[1c6d910]">&gt;&gt;</a>&nbsp;&nbsp;&nbsp;NVIC_Configuration
<LI><a href="#[26ba13c]">&gt;&gt;</a>&nbsp;&nbsp;&nbsp;InitTIM
<LI><a href="#[2fd02e8]">&gt;&gt;</a>&nbsp;&nbsp;&nbsp;xMBMasterPortTimersInit
<LI><a href="#[2fd0360]">&gt;&gt;</a>&nbsp;&nbsp;&nbsp;xMBMasterPortSerialInit
</UL>

<P><STRONG><a name="[1c6d514]"></a>NVIC_SetVectorTable</STRONG> (Thumb, 12 bytes, Stack size 0 bytes, misc.o(i.NVIC_SetVectorTable))
<BR><BR>[Called By]<UL><LI><a href="#[1c6d910]">&gt;&gt;</a>&nbsp;&nbsp;&nbsp;NVIC_Configuration
</UL>

<P><STRONG><a name="[1c6ee64]"></a>PendSV_Handler</STRONG> (Thumb, 2 bytes, Stack size 0 bytes, stm32f10x_it.o(i.PendSV_Handler))
<BR>[Address Reference Count : 1]<UL><LI> startup_stm32f10x_cl.o(RESET)
</UL>
<P><STRONG><a name="[1c6d4d8]"></a>RCC_AHBPeriphClockCmd</STRONG> (Thumb, 26 bytes, Stack size 0 bytes, stm32f10x_rcc.o(i.RCC_AHBPeriphClockCmd))
<BR><BR>[Called By]<UL><LI><a href="#[1c6d8d4]">&gt;&gt;</a>&nbsp;&nbsp;&nbsp;System_Setup
</UL>

<P><STRONG><a name="[285a9dc]"></a>RCC_AHBPeriphResetCmd</STRONG> (Thumb, 26 bytes, Stack size 0 bytes, stm32f10x_rcc.o(i.RCC_AHBPeriphResetCmd))
<BR><BR>[Called By]<UL><LI><a href="#[1c6d76c]">&gt;&gt;</a>&nbsp;&nbsp;&nbsp;ETH_DeInit
</UL>

<P><STRONG><a name="[1c67da8]"></a>RCC_APB1PeriphClockCmd</STRONG> (Thumb, 26 bytes, Stack size 0 bytes, stm32f10x_rcc.o(i.RCC_APB1PeriphClockCmd))
<BR><BR>[Called By]<UL><LI><a href="#[1c67ed4]">&gt;&gt;</a>&nbsp;&nbsp;&nbsp;udp_client_callback
<LI><a href="#[1c67f4c]">&gt;&gt;</a>&nbsp;&nbsp;&nbsp;tcp_client_reciver
<LI><a href="#[26ba13c]">&gt;&gt;</a>&nbsp;&nbsp;&nbsp;InitTIM
<LI><a href="#[2fd02e8]">&gt;&gt;</a>&nbsp;&nbsp;&nbsp;xMBMasterPortTimersInit
<LI><a href="#[2fd0360]">&gt;&gt;</a>&nbsp;&nbsp;&nbsp;xMBMasterPortSerialInit
</UL>

<P><STRONG><a name="[1c6d49c]"></a>RCC_APB2PeriphClockCmd</STRONG> (Thumb, 26 bytes, Stack size 0 bytes, stm32f10x_rcc.o(i.RCC_APB2PeriphClockCmd))
<BR><BR>[Called By]<UL><LI><a href="#[1c6d8d4]">&gt;&gt;</a>&nbsp;&nbsp;&nbsp;System_Setup
<LI><a href="#[2f57a30]">&gt;&gt;</a>&nbsp;&nbsp;&nbsp;SPI_Config
<LI><a href="#[2fd0360]">&gt;&gt;</a>&nbsp;&nbsp;&nbsp;xMBMasterPortSerialInit
</UL>

<P><STRONG><a name="[1c6d460]"></a>RCC_GetClocksFreq</STRONG> (Thumb, 378 bytes, Stack size 24 bytes, stm32f10x_rcc.o(i.RCC_GetClocksFreq))
<BR><BR>[Stack]<UL><LI>Max Depth = 24<LI>Call Chain = RCC_GetClocksFreq
</UL>
<BR>[Called By]<UL><LI><a href="#[1c6d6f4]">&gt;&gt;</a>&nbsp;&nbsp;&nbsp;ETH_Init
<LI><a href="#[1c6d8d4]">&gt;&gt;</a>&nbsp;&nbsp;&nbsp;System_Setup
<LI><a href="#[2d2e5b8]">&gt;&gt;</a>&nbsp;&nbsp;&nbsp;USART_Init
</UL>

<P><STRONG><a name="[1c6d424]"></a>RCC_MCOConfig</STRONG> (Thumb, 6 bytes, Stack size 0 bytes, stm32f10x_rcc.o(i.RCC_MCOConfig))
<BR><BR>[Called By]<UL><LI><a href="#[1c6d988]">&gt;&gt;</a>&nbsp;&nbsp;&nbsp;Ethernet_Configuration
</UL>

<P><STRONG><a name="[2ec6b74]"></a>Read_Eth_Packet</STRONG> (Thumb, 72 bytes, Stack size 16 bytes, ethernetif.o(i.Read_Eth_Packet))
<BR><BR>[Stack]<UL><LI>Max Depth = 36<LI>Call Chain = Read_Eth_Packet &rArr; ETH_RxPkt_ChainMode
</UL>
<BR>[Calls]<UL><LI><a href="#[2ec6bec]">&gt;&gt;</a>&nbsp;&nbsp;&nbsp;ETH_RxPkt_ChainMode
<LI><a href="#[2fcb068]">&gt;&gt;</a>&nbsp;&nbsp;&nbsp;__aeabi_memcpy
</UL>
<BR>[Called By]<UL><LI><a href="#[1c7073c]">&gt;&gt;</a>&nbsp;&nbsp;&nbsp;ETH_Recive_Poll
</UL>

<P><STRONG><a name="[2853128]"></a>SPI_Cmd</STRONG> (Thumb, 24 bytes, Stack size 0 bytes, stm32f10x_spi.o(i.SPI_Cmd))
<BR><BR>[Called By]<UL><LI><a href="#[2f57a30]">&gt;&gt;</a>&nbsp;&nbsp;&nbsp;SPI_Config
</UL>

<P><STRONG><a name="[2852f48]"></a>SPI_I2S_GetFlagStatus</STRONG> (Thumb, 18 bytes, Stack size 0 bytes, stm32f10x_spi.o(i.SPI_I2S_GetFlagStatus))
<BR><BR>[Called By]<UL><LI><a href="#[2f579f4]">&gt;&gt;</a>&nbsp;&nbsp;&nbsp;my_if_spiSend
<LI><a href="#[2f58624]">&gt;&gt;</a>&nbsp;&nbsp;&nbsp;if_spiSend
</UL>

<P><STRONG><a name="[2852e94]"></a>SPI_I2S_ReceiveData</STRONG> (Thumb, 6 bytes, Stack size 0 bytes, stm32f10x_spi.o(i.SPI_I2S_ReceiveData))
<BR><BR>[Called By]<UL><LI><a href="#[2f579f4]">&gt;&gt;</a>&nbsp;&nbsp;&nbsp;my_if_spiSend
<LI><a href="#[2f58624]">&gt;&gt;</a>&nbsp;&nbsp;&nbsp;if_spiSend
</UL>

<P><STRONG><a name="[2852e58]"></a>SPI_I2S_SendData</STRONG> (Thumb, 4 bytes, Stack size 0 bytes, stm32f10x_spi.o(i.SPI_I2S_SendData))
<BR><BR>[Called By]<UL><LI><a href="#[2f579f4]">&gt;&gt;</a>&nbsp;&nbsp;&nbsp;my_if_spiSend
<LI><a href="#[2f58624]">&gt;&gt;</a>&nbsp;&nbsp;&nbsp;if_spiSend
</UL>

<P><STRONG><a name="[2852e1c]"></a>SPI_Init</STRONG> (Thumb, 60 bytes, Stack size 8 bytes, stm32f10x_spi.o(i.SPI_Init))
<BR><BR>[Stack]<UL><LI>Max Depth = 8<LI>Call Chain = SPI_Init
</UL>
<BR>[Called By]<UL><LI><a href="#[2f57a30]">&gt;&gt;</a>&nbsp;&nbsp;&nbsp;SPI_Config
</UL>

<P><STRONG><a name="[1c6ee28]"></a>SVC_Handler</STRONG> (Thumb, 2 bytes, Stack size 0 bytes, stm32f10x_it.o(i.SVC_Handler))
<BR>[Address Reference Count : 1]<UL><LI> startup_stm32f10x_cl.o(RESET)
</UL>
<P><STRONG><a name="[1c6812c]"></a>SendDataToSever</STRONG> (Thumb, 120 bytes, Stack size 16 bytes, client_tcpudp.o(i.SendDataToSever))
<BR><BR>[Stack]<UL><LI>Max Depth = 380<LI>Call Chain = SendDataToSever &rArr; tcp_output &rArr; tcp_output_segment &rArr; ip_output &rArr; ip_output_if &rArr; ip_frag &rArr; pbuf_alloc &rArr; pbuf_free &rArr; mem_free &rArr; plug_holes
</UL>
<BR>[Calls]<UL><LI><a href="#[1c67790]">&gt;&gt;</a>&nbsp;&nbsp;&nbsp;tcp_write
<LI><a href="#[1c67844]">&gt;&gt;</a>&nbsp;&nbsp;&nbsp;tcp_output
</UL>
<BR>[Called By]<UL><LI><a href="#[26ba0c4]">&gt;&gt;</a>&nbsp;&nbsp;&nbsp;main
</UL>

<P><STRONG><a name="[1c70700]"></a>Set_MAC_Address</STRONG> (Thumb, 40 bytes, Stack size 8 bytes, ethernetif.o(i.Set_MAC_Address))
<BR><BR>[Stack]<UL><LI>Max Depth = 16<LI>Call Chain = Set_MAC_Address &rArr; ETH_MACAddressConfig
</UL>
<BR>[Calls]<UL><LI><a href="#[2e51d80]">&gt;&gt;</a>&nbsp;&nbsp;&nbsp;ETH_MACAddressConfig
</UL>
<BR>[Called By]<UL><LI><a href="#[1c707f0]">&gt;&gt;</a>&nbsp;&nbsp;&nbsp;LwIP_Init
<LI><a href="#[2ec6bb0]">&gt;&gt;</a>&nbsp;&nbsp;&nbsp;ETH_TxPkt_ChainMode
</UL>

<P><STRONG><a name="[1c6edec]"></a>SysTick_Handler</STRONG> (Thumb, 8 bytes, Stack size 8 bytes, stm32f10x_it.o(i.SysTick_Handler))
<BR><BR>[Stack]<UL><LI>Max Depth = 8<LI>Call Chain = SysTick_Handler
</UL>
<BR>[Calls]<UL><LI><a href="#[1c6ed38]">&gt;&gt;</a>&nbsp;&nbsp;&nbsp;Time_Update
</UL>
<BR>[Address Reference Count : 1]<UL><LI> startup_stm32f10x_cl.o(RESET)
</UL>
<P><STRONG><a name="[1c6d3e8]"></a>SystemInit</STRONG> (Thumb, 92 bytes, Stack size 8 bytes, system_stm32f10x.o(i.SystemInit))
<BR><BR>[Stack]<UL><LI>Max Depth = 16<LI>Call Chain = SystemInit &rArr; SetSysClock
</UL>
<BR>[Calls]<UL><LI><a href="#[2ec4b58]">&gt;&gt;</a>&nbsp;&nbsp;&nbsp;SetSysClock
</UL>
<BR>[Called By]<UL><LI><a href="#[1c6d8d4]">&gt;&gt;</a>&nbsp;&nbsp;&nbsp;System_Setup
</UL>
<BR>[Address Reference Count : 1]<UL><LI> startup_stm32f10x_cl.o(.text)
</UL>
<P><STRONG><a name="[1c6d8d4]"></a>System_Setup</STRONG> (Thumb, 128 bytes, Stack size 32 bytes, stm32f107.o(i.System_Setup))
<BR><BR>[Stack]<UL><LI>Max Depth = 304<LI>Call Chain = System_Setup &rArr; Ethernet_Configuration &rArr; ETH_Init &rArr; RCC_GetClocksFreq
</UL>
<BR>[Calls]<UL><LI><a href="#[1c6d370]">&gt;&gt;</a>&nbsp;&nbsp;&nbsp;eMBMasterInit
<LI><a href="#[1c6d3ac]">&gt;&gt;</a>&nbsp;&nbsp;&nbsp;eMBMasterEnable
<LI><a href="#[1c6d3e8]">&gt;&gt;</a>&nbsp;&nbsp;&nbsp;SystemInit
<LI><a href="#[1c6d460]">&gt;&gt;</a>&nbsp;&nbsp;&nbsp;RCC_GetClocksFreq
<LI><a href="#[1c6d49c]">&gt;&gt;</a>&nbsp;&nbsp;&nbsp;RCC_APB2PeriphClockCmd
<LI><a href="#[1c6d4d8]">&gt;&gt;</a>&nbsp;&nbsp;&nbsp;RCC_AHBPeriphClockCmd
<LI><a href="#[1c6d910]">&gt;&gt;</a>&nbsp;&nbsp;&nbsp;NVIC_Configuration
<LI><a href="#[1c6d94c]">&gt;&gt;</a>&nbsp;&nbsp;&nbsp;GPIO_Configuration
<LI><a href="#[1c6d988]">&gt;&gt;</a>&nbsp;&nbsp;&nbsp;Ethernet_Configuration
<LI><a href="#[1c6e3d8]">&gt;&gt;</a>&nbsp;&nbsp;&nbsp;NVIC_SetPriority
</UL>
<BR>[Called By]<UL><LI><a href="#[26ba0c4]">&gt;&gt;</a>&nbsp;&nbsp;&nbsp;main
</UL>

<P><STRONG><a name="[26ba100]"></a>TIM2_IRQHandler</STRONG> (Thumb, 40 bytes, Stack size 8 bytes, main.o(i.TIM2_IRQHandler))
<BR><BR>[Stack]<UL><LI>Max Depth = 20<LI>Call Chain = TIM2_IRQHandler &rArr; TIM_GetITStatus
</UL>
<BR>[Calls]<UL><LI><a href="#[26b9f5c]">&gt;&gt;</a>&nbsp;&nbsp;&nbsp;TIM_GetITStatus
<LI><a href="#[26b9fd4]">&gt;&gt;</a>&nbsp;&nbsp;&nbsp;TIM_ClearITPendingBit
<LI><a href="#[26ba010]">&gt;&gt;</a>&nbsp;&nbsp;&nbsp;TIM_ClearFlag
</UL>
<BR>[Address Reference Count : 1]<UL><LI> startup_stm32f10x_cl.o(RESET)
</UL>
<P><STRONG><a name="[2fcda98]"></a>TIM3_IRQHandler</STRONG> (Thumb, 34 bytes, Stack size 8 bytes, porttimer_m.o(i.TIM3_IRQHandler))
<BR><BR>[Stack]<UL><LI>Max Depth = 20<LI>Call Chain = TIM3_IRQHandler &rArr; TIM_GetITStatus
</UL>
<BR>[Calls]<UL><LI><a href="#[26b9f5c]">&gt;&gt;</a>&nbsp;&nbsp;&nbsp;TIM_GetITStatus
<LI><a href="#[26b9fd4]">&gt;&gt;</a>&nbsp;&nbsp;&nbsp;TIM_ClearITPendingBit
<LI><a href="#[26ba010]">&gt;&gt;</a>&nbsp;&nbsp;&nbsp;TIM_ClearFlag
<LI><a href="#[2fcdbc4]">&gt;&gt;</a>&nbsp;&nbsp;&nbsp;prvvTIMERExpiredISR
</UL>
<BR>[Address Reference Count : 1]<UL><LI> startup_stm32f10x_cl.o(RESET)
</UL>
<P><STRONG><a name="[26ba04c]"></a>TIM_ARRPreloadConfig</STRONG> (Thumb, 24 bytes, Stack size 0 bytes, stm32f10x_tim.o(i.TIM_ARRPreloadConfig))
<BR><BR>[Called By]<UL><LI><a href="#[26ba13c]">&gt;&gt;</a>&nbsp;&nbsp;&nbsp;InitTIM
<LI><a href="#[2fd02e8]">&gt;&gt;</a>&nbsp;&nbsp;&nbsp;xMBMasterPortTimersInit
</UL>

<P><STRONG><a name="[26ba010]"></a>TIM_ClearFlag</STRONG> (Thumb, 6 bytes, Stack size 0 bytes, stm32f10x_tim.o(i.TIM_ClearFlag))
<BR><BR>[Called By]<UL><LI><a href="#[26ba100]">&gt;&gt;</a>&nbsp;&nbsp;&nbsp;TIM2_IRQHandler
<LI><a href="#[2fcda98]">&gt;&gt;</a>&nbsp;&nbsp;&nbsp;TIM3_IRQHandler
</UL>

<P><STRONG><a name="[26b9fd4]"></a>TIM_ClearITPendingBit</STRONG> (Thumb, 6 bytes, Stack size 0 bytes, stm32f10x_tim.o(i.TIM_ClearITPendingBit))
<BR><BR>[Called By]<UL><LI><a href="#[26ba100]">&gt;&gt;</a>&nbsp;&nbsp;&nbsp;TIM2_IRQHandler
<LI><a href="#[26ba13c]">&gt;&gt;</a>&nbsp;&nbsp;&nbsp;InitTIM
<LI><a href="#[2fcda98]">&gt;&gt;</a>&nbsp;&nbsp;&nbsp;TIM3_IRQHandler
<LI><a href="#[2fd02e8]">&gt;&gt;</a>&nbsp;&nbsp;&nbsp;xMBMasterPortTimersInit
<LI><a href="#[2fd03d8]">&gt;&gt;</a>&nbsp;&nbsp;&nbsp;vMBMasterPortTimersT35Enable
<LI><a href="#[2fd0414]">&gt;&gt;</a>&nbsp;&nbsp;&nbsp;vMBMasterPortTimersRespondTimeoutEnable
<LI><a href="#[2fd0450]">&gt;&gt;</a>&nbsp;&nbsp;&nbsp;vMBMasterPortTimersDisable
<LI><a href="#[2fd048c]">&gt;&gt;</a>&nbsp;&nbsp;&nbsp;vMBMasterPortTimersConvertDelayEnable
</UL>

<P><STRONG><a name="[26b9f98]"></a>TIM_Cmd</STRONG> (Thumb, 24 bytes, Stack size 0 bytes, stm32f10x_tim.o(i.TIM_Cmd))
<BR><BR>[Called By]<UL><LI><a href="#[26ba13c]">&gt;&gt;</a>&nbsp;&nbsp;&nbsp;InitTIM
<LI><a href="#[2fd02e8]">&gt;&gt;</a>&nbsp;&nbsp;&nbsp;xMBMasterPortTimersInit
<LI><a href="#[2fd03d8]">&gt;&gt;</a>&nbsp;&nbsp;&nbsp;vMBMasterPortTimersT35Enable
<LI><a href="#[2fd0414]">&gt;&gt;</a>&nbsp;&nbsp;&nbsp;vMBMasterPortTimersRespondTimeoutEnable
<LI><a href="#[2fd0450]">&gt;&gt;</a>&nbsp;&nbsp;&nbsp;vMBMasterPortTimersDisable
<LI><a href="#[2fd048c]">&gt;&gt;</a>&nbsp;&nbsp;&nbsp;vMBMasterPortTimersConvertDelayEnable
</UL>

<P><STRONG><a name="[26b9f5c]"></a>TIM_GetITStatus</STRONG> (Thumb, 34 bytes, Stack size 12 bytes, stm32f10x_tim.o(i.TIM_GetITStatus))
<BR><BR>[Stack]<UL><LI>Max Depth = 12<LI>Call Chain = TIM_GetITStatus
</UL>
<BR>[Called By]<UL><LI><a href="#[26ba100]">&gt;&gt;</a>&nbsp;&nbsp;&nbsp;TIM2_IRQHandler
<LI><a href="#[2fcda98]">&gt;&gt;</a>&nbsp;&nbsp;&nbsp;TIM3_IRQHandler
</UL>

<P><STRONG><a name="[26b9f20]"></a>TIM_ITConfig</STRONG> (Thumb, 24 bytes, Stack size 8 bytes, stm32f10x_tim.o(i.TIM_ITConfig))
<BR><BR>[Stack]<UL><LI>Max Depth = 8<LI>Call Chain = TIM_ITConfig
</UL>
<BR>[Called By]<UL><LI><a href="#[26ba13c]">&gt;&gt;</a>&nbsp;&nbsp;&nbsp;InitTIM
<LI><a href="#[2fd02e8]">&gt;&gt;</a>&nbsp;&nbsp;&nbsp;xMBMasterPortTimersInit
<LI><a href="#[2fd03d8]">&gt;&gt;</a>&nbsp;&nbsp;&nbsp;vMBMasterPortTimersT35Enable
<LI><a href="#[2fd0414]">&gt;&gt;</a>&nbsp;&nbsp;&nbsp;vMBMasterPortTimersRespondTimeoutEnable
<LI><a href="#[2fd0450]">&gt;&gt;</a>&nbsp;&nbsp;&nbsp;vMBMasterPortTimersDisable
<LI><a href="#[2fd048c]">&gt;&gt;</a>&nbsp;&nbsp;&nbsp;vMBMasterPortTimersConvertDelayEnable
</UL>

<P><STRONG><a name="[26b9ee4]"></a>TIM_SetCounter</STRONG> (Thumb, 4 bytes, Stack size 0 bytes, stm32f10x_tim.o(i.TIM_SetCounter))
<BR><BR>[Called By]<UL><LI><a href="#[26ba13c]">&gt;&gt;</a>&nbsp;&nbsp;&nbsp;InitTIM
<LI><a href="#[2fd03d8]">&gt;&gt;</a>&nbsp;&nbsp;&nbsp;vMBMasterPortTimersT35Enable
<LI><a href="#[2fd0414]">&gt;&gt;</a>&nbsp;&nbsp;&nbsp;vMBMasterPortTimersRespondTimeoutEnable
<LI><a href="#[2fd0450]">&gt;&gt;</a>&nbsp;&nbsp;&nbsp;vMBMasterPortTimersDisable
<LI><a href="#[2fd048c]">&gt;&gt;</a>&nbsp;&nbsp;&nbsp;vMBMasterPortTimersConvertDelayEnable
</UL>

<P><STRONG><a name="[26b9ea8]"></a>TIM_TimeBaseInit</STRONG> (Thumb, 122 bytes, Stack size 0 bytes, stm32f10x_tim.o(i.TIM_TimeBaseInit))
<BR><BR>[Called By]<UL><LI><a href="#[26ba13c]">&gt;&gt;</a>&nbsp;&nbsp;&nbsp;InitTIM
<LI><a href="#[2fd03d8]">&gt;&gt;</a>&nbsp;&nbsp;&nbsp;vMBMasterPortTimersT35Enable
<LI><a href="#[2fd0414]">&gt;&gt;</a>&nbsp;&nbsp;&nbsp;vMBMasterPortTimersRespondTimeoutEnable
<LI><a href="#[2fd048c]">&gt;&gt;</a>&nbsp;&nbsp;&nbsp;vMBMasterPortTimersConvertDelayEnable
</UL>

<P><STRONG><a name="[1c680f0]"></a>TcpTestThread</STRONG> (Thumb, 68 bytes, Stack size 8 bytes, client_tcpudp.o(i.TcpTestThread))
<BR><BR>[Stack]<UL><LI>Max Depth = 500<LI>Call Chain = TcpTestThread &rArr; tcp_client_callback &rArr; tcp_new &rArr; tcp_alloc &rArr; tcp_kill_prio &rArr; tcp_abort &rArr; tcp_abandon &rArr; tcp_pcb_remove &rArr; tcp_output &rArr; tcp_output_segment &rArr; ip_output &rArr; ip_output_if &rArr; ip_frag &rArr; pbuf_alloc &rArr; pbuf_free &rArr; mem_free &rArr; plug_holes
</UL>
<BR>[Calls]<UL><LI><a href="#[1c67e5c]">&gt;&gt;</a>&nbsp;&nbsp;&nbsp;FS_Write
<LI><a href="#[1c67e98]">&gt;&gt;</a>&nbsp;&nbsp;&nbsp;udp_client_callback_app
<LI><a href="#[1c6803c]">&gt;&gt;</a>&nbsp;&nbsp;&nbsp;tcp_client_callback
</UL>
<BR>[Called By]<UL><LI><a href="#[26ba0c4]">&gt;&gt;</a>&nbsp;&nbsp;&nbsp;main
</UL>

<P><STRONG><a name="[1c706c4]"></a>TftpTrm250ms</STRONG> (Thumb, 66 bytes, Stack size 8 bytes, tftpserver.o(i.TftpTrm250ms))
<BR><BR>[Stack]<UL><LI>Max Depth = 924<LI>Call Chain = TftpTrm250ms &rArr; tftp_send_error_message &rArr; tftp_send_message &rArr; udp_sendto &rArr; udp_sendto_if &rArr; ip_output_if &rArr; ip_frag &rArr; pbuf_alloc &rArr; pbuf_free &rArr; mem_free &rArr; plug_holes
</UL>
<BR>[Calls]<UL><LI><a href="#[26c283c]">&gt;&gt;</a>&nbsp;&nbsp;&nbsp;tftp_send_error_message
<LI><a href="#[26c29e0]">&gt;&gt;</a>&nbsp;&nbsp;&nbsp;tftp_cleanup_rd
</UL>
<BR>[Called By]<UL><LI><a href="#[1c707b4]">&gt;&gt;</a>&nbsp;&nbsp;&nbsp;LwIP_Periodic_Handle
</UL>

<P><STRONG><a name="[1c6ed38]"></a>Time_Update</STRONG> (Thumb, 2 bytes, Stack size 0 bytes, main.o(i.Time_Update))
<BR><BR>[Called By]<UL><LI><a href="#[1c6edec]">&gt;&gt;</a>&nbsp;&nbsp;&nbsp;SysTick_Handler
</UL>

<P><STRONG><a name="[2fccd3c]"></a>USART2_IRQHandler</STRONG> (Thumb, 50 bytes, Stack size 8 bytes, portserial_m.o(i.USART2_IRQHandler))
<BR><BR>[Stack]<UL><LI>Max Depth = 24<LI>Call Chain = USART2_IRQHandler &rArr; USART_GetITStatus
</UL>
<BR>[Calls]<UL><LI><a href="#[2d2e66c]">&gt;&gt;</a>&nbsp;&nbsp;&nbsp;USART_GetITStatus
<LI><a href="#[2d2e810]">&gt;&gt;</a>&nbsp;&nbsp;&nbsp;USART_ClearITPendingBit
<LI><a href="#[2fcce68]">&gt;&gt;</a>&nbsp;&nbsp;&nbsp;prvvUARTTxReadyISR
<LI><a href="#[2fccea4]">&gt;&gt;</a>&nbsp;&nbsp;&nbsp;prvvUARTRxISR
</UL>
<BR>[Address Reference Count : 1]<UL><LI> startup_stm32f10x_cl.o(RESET)
</UL>
<P><STRONG><a name="[2d2e810]"></a>USART_ClearITPendingBit</STRONG> (Thumb, 30 bytes, Stack size 8 bytes, stm32f10x_usart.o(i.USART_ClearITPendingBit))
<BR><BR>[Stack]<UL><LI>Max Depth = 8<LI>Call Chain = USART_ClearITPendingBit
</UL>
<BR>[Called By]<UL><LI><a href="#[2fccd3c]">&gt;&gt;</a>&nbsp;&nbsp;&nbsp;USART2_IRQHandler
</UL>

<P><STRONG><a name="[2d2e75c]"></a>USART_Cmd</STRONG> (Thumb, 24 bytes, Stack size 0 bytes, stm32f10x_usart.o(i.USART_Cmd))
<BR><BR>[Called By]<UL><LI><a href="#[2fd0360]">&gt;&gt;</a>&nbsp;&nbsp;&nbsp;xMBMasterPortSerialInit
</UL>

<P><STRONG><a name="[2d2e66c]"></a>USART_GetITStatus</STRONG> (Thumb, 84 bytes, Stack size 16 bytes, stm32f10x_usart.o(i.USART_GetITStatus))
<BR><BR>[Stack]<UL><LI>Max Depth = 16<LI>Call Chain = USART_GetITStatus
</UL>
<BR>[Called By]<UL><LI><a href="#[2fccd3c]">&gt;&gt;</a>&nbsp;&nbsp;&nbsp;USART2_IRQHandler
</UL>

<P><STRONG><a name="[2d2e5f4]"></a>USART_ITConfig</STRONG> (Thumb, 72 bytes, Stack size 20 bytes, stm32f10x_usart.o(i.USART_ITConfig))
<BR><BR>[Stack]<UL><LI>Max Depth = 20<LI>Call Chain = USART_ITConfig
</UL>
<BR>[Called By]<UL><LI><a href="#[2fd0360]">&gt;&gt;</a>&nbsp;&nbsp;&nbsp;xMBMasterPortSerialInit
<LI><a href="#[2fd04c8]">&gt;&gt;</a>&nbsp;&nbsp;&nbsp;vMBMasterPortSerialEnable
</UL>

<P><STRONG><a name="[2d2e5b8]"></a>USART_Init</STRONG> (Thumb, 210 bytes, Stack size 56 bytes, stm32f10x_usart.o(i.USART_Init))
<BR><BR>[Stack]<UL><LI>Max Depth = 80<LI>Call Chain = USART_Init &rArr; RCC_GetClocksFreq
</UL>
<BR>[Calls]<UL><LI><a href="#[1c6d460]">&gt;&gt;</a>&nbsp;&nbsp;&nbsp;RCC_GetClocksFreq
</UL>
<BR>[Called By]<UL><LI><a href="#[2fd0360]">&gt;&gt;</a>&nbsp;&nbsp;&nbsp;xMBMasterPortSerialInit
</UL>

<P><STRONG><a name="[2d2e414]"></a>USART_ReceiveData</STRONG> (Thumb, 10 bytes, Stack size 0 bytes, stm32f10x_usart.o(i.USART_ReceiveData))
<BR><BR>[Called By]<UL><LI><a href="#[2fd039c]">&gt;&gt;</a>&nbsp;&nbsp;&nbsp;xMBMasterPortSerialGetByte
</UL>

<P><STRONG><a name="[2d2e360]"></a>USART_SendData</STRONG> (Thumb, 8 bytes, Stack size 0 bytes, stm32f10x_usart.o(i.USART_SendData))
<BR><BR>[Called By]<UL><LI><a href="#[2fd0324]">&gt;&gt;</a>&nbsp;&nbsp;&nbsp;xMBMasterPortSerialPutByte
</UL>

<P><STRONG><a name="[1c6edb0]"></a>UsageFault_Handler</STRONG> (Thumb, 4 bytes, Stack size 0 bytes, stm32f10x_it.o(i.UsageFault_Handler))
<BR>[Address Reference Count : 1]<UL><LI> startup_stm32f10x_cl.o(RESET)
</UL>
<P><STRONG><a name="[1c67d30]"></a>WWDG_Enable</STRONG> (Thumb, 10 bytes, Stack size 0 bytes, stm32f10x_wwdg.o(i.WWDG_Enable))
<BR><BR>[Called By]<UL><LI><a href="#[1c67ed4]">&gt;&gt;</a>&nbsp;&nbsp;&nbsp;udp_client_callback
<LI><a href="#[1c67f4c]">&gt;&gt;</a>&nbsp;&nbsp;&nbsp;tcp_client_reciver
</UL>

<P><STRONG><a name="[1c67cf4]"></a>WWDG_SetCounter</STRONG> (Thumb, 10 bytes, Stack size 0 bytes, stm32f10x_wwdg.o(i.WWDG_SetCounter))
<BR><BR>[Called By]<UL><LI><a href="#[1c67ed4]">&gt;&gt;</a>&nbsp;&nbsp;&nbsp;udp_client_callback
<LI><a href="#[1c67f4c]">&gt;&gt;</a>&nbsp;&nbsp;&nbsp;tcp_client_reciver
</UL>

<P><STRONG><a name="[1c67cb8]"></a>WWDG_SetPrescaler</STRONG> (Thumb, 22 bytes, Stack size 0 bytes, stm32f10x_wwdg.o(i.WWDG_SetPrescaler))
<BR><BR>[Called By]<UL><LI><a href="#[1c67ed4]">&gt;&gt;</a>&nbsp;&nbsp;&nbsp;udp_client_callback
<LI><a href="#[1c67f4c]">&gt;&gt;</a>&nbsp;&nbsp;&nbsp;tcp_client_reciver
</UL>

<P><STRONG><a name="[1c67c7c]"></a>WWDG_SetWindowValue</STRONG> (Thumb, 26 bytes, Stack size 0 bytes, stm32f10x_wwdg.o(i.WWDG_SetWindowValue))
<BR><BR>[Called By]<UL><LI><a href="#[1c67ed4]">&gt;&gt;</a>&nbsp;&nbsp;&nbsp;udp_client_callback
<LI><a href="#[1c67f4c]">&gt;&gt;</a>&nbsp;&nbsp;&nbsp;tcp_client_reciver
</UL>

<P><STRONG><a name="[1c67c40]"></a>WriteIpToFlash</STRONG> (Thumb, 40 bytes, Stack size 24 bytes, flash_if.o(i.WriteIpToFlash))
<BR><BR>[Stack]<UL><LI>Max Depth = 72<LI>Call Chain = WriteIpToFlash &rArr; FLASH_If_DataFlashWrite &rArr; FLASH_ProgramWord &rArr; FLASH_WaitForLastOperation
</UL>
<BR>[Calls]<UL><LI><a href="#[27df7d0]">&gt;&gt;</a>&nbsp;&nbsp;&nbsp;FLASH_ErasePage
<LI><a href="#[2fcb4a0]">&gt;&gt;</a>&nbsp;&nbsp;&nbsp;FLASH_If_Init
<LI><a href="#[2fcb518]">&gt;&gt;</a>&nbsp;&nbsp;&nbsp;FLASH_If_DataFlashWrite
</UL>
<BR>[Called By]<UL><LI><a href="#[1c67ed4]">&gt;&gt;</a>&nbsp;&nbsp;&nbsp;udp_client_callback
<LI><a href="#[1c67f4c]">&gt;&gt;</a>&nbsp;&nbsp;&nbsp;tcp_client_reciver
</UL>

<P><STRONG><a name="[30bb240]"></a>__0sprintf$6</STRONG> (Thumb, 34 bytes, Stack size 24 bytes, printf6.o(i.__0sprintf$6), UNUSED)
<BR><BR>[Calls]<UL><LI><a href="#[30bb498]">&gt;&gt;</a>&nbsp;&nbsp;&nbsp;_sputc
<LI><a href="#[30bb588]">&gt;&gt;</a>&nbsp;&nbsp;&nbsp;_printf_core
</UL>

<P><STRONG><a name="[30bb204]"></a>__1sprintf$6</STRONG> (Thumb, 0 bytes, Stack size 24 bytes, printf6.o(i.__0sprintf$6), UNUSED)

<P><STRONG><a name="[30bb1c8]"></a>__2sprintf</STRONG> (Thumb, 0 bytes, Stack size 24 bytes, printf6.o(i.__0sprintf$6))
<BR><BR>[Stack]<UL><LI>Max Depth = 24<LI>Call Chain = __2sprintf
</UL>
<BR>[Called By]<UL><LI><a href="#[1c67de4]">&gt;&gt;</a>&nbsp;&nbsp;&nbsp;Getmeminf
</UL>

<P><STRONG><a name="[30b4aa8]"></a>__scatterload_copy</STRONG> (Thumb, 14 bytes, Stack size unknown bytes, handlers.o(i.__scatterload_copy), UNUSED)

<P><STRONG><a name="[30b4a6c]"></a>__scatterload_null</STRONG> (Thumb, 2 bytes, Stack size unknown bytes, handlers.o(i.__scatterload_null), UNUSED)

<P><STRONG><a name="[30b4a30]"></a>__scatterload_zeroinit</STRONG> (Thumb, 14 bytes, Stack size unknown bytes, handlers.o(i.__scatterload_zeroinit), UNUSED)

<P><STRONG><a name="[2e4d028]"></a>dhcp_arp_reply</STRONG> (Thumb, 48 bytes, Stack size 16 bytes, dhcp.o(i.dhcp_arp_reply))
<BR><BR>[Stack]<UL><LI>Max Depth = 356<LI>Call Chain = dhcp_arp_reply &rArr; dhcp_decline &rArr; udp_sendto_if &rArr; ip_output_if &rArr; ip_frag &rArr; pbuf_alloc &rArr; pbuf_free &rArr; mem_free &rArr; plug_holes
</UL>
<BR>[Calls]<UL><LI><a href="#[2e4dfdc]">&gt;&gt;</a>&nbsp;&nbsp;&nbsp;dhcp_decline
</UL>
<BR>[Called By]<UL><LI><a href="#[2ec8c08]">&gt;&gt;</a>&nbsp;&nbsp;&nbsp;etharp_arp_input
</UL>

<P><STRONG><a name="[1c70688]"></a>dhcp_coarse_tmr</STRONG> (Thumb, 70 bytes, Stack size 8 bytes, dhcp.o(i.dhcp_coarse_tmr))
<BR><BR>[Stack]<UL><LI>Max Depth = 356<LI>Call Chain = dhcp_coarse_tmr &rArr; dhcp_t2_timeout &rArr; dhcp_rebind &rArr; udp_sendto_if &rArr; ip_output_if &rArr; ip_frag &rArr; pbuf_alloc &rArr; pbuf_free &rArr; mem_free &rArr; plug_holes
</UL>
<BR>[Calls]<UL><LI><a href="#[2e4db68]">&gt;&gt;</a>&nbsp;&nbsp;&nbsp;dhcp_t2_timeout
<LI><a href="#[2e4dba4]">&gt;&gt;</a>&nbsp;&nbsp;&nbsp;dhcp_t1_timeout
</UL>
<BR>[Called By]<UL><LI><a href="#[1c707b4]">&gt;&gt;</a>&nbsp;&nbsp;&nbsp;LwIP_Periodic_Handle
</UL>

<P><STRONG><a name="[1c7064c]"></a>dhcp_fine_tmr</STRONG> (Thumb, 64 bytes, Stack size 8 bytes, dhcp.o(i.dhcp_fine_tmr))
<BR><BR>[Stack]<UL><LI>Max Depth = 500<LI>Call Chain = dhcp_fine_tmr &rArr; dhcp_timeout &rArr; dhcp_release &rArr; netif_set_ipaddr &rArr; tcp_abort &rArr; tcp_abandon &rArr; tcp_pcb_remove &rArr; tcp_output &rArr; tcp_output_segment &rArr; ip_output &rArr; ip_output_if &rArr; ip_frag &rArr; pbuf_alloc &rArr; pbuf_free &rArr; mem_free &rArr; plug_holes
</UL>
<BR>[Calls]<UL><LI><a href="#[2e4db2c]">&gt;&gt;</a>&nbsp;&nbsp;&nbsp;dhcp_timeout
</UL>
<BR>[Called By]<UL><LI><a href="#[1c707b4]">&gt;&gt;</a>&nbsp;&nbsp;&nbsp;LwIP_Periodic_Handle
</UL>

<P><STRONG><a name="[2e4cf38]"></a>dhcp_release</STRONG> (Thumb, 160 bytes, Stack size 24 bytes, dhcp.o(i.dhcp_release))
<BR><BR>[Stack]<UL><LI>Max Depth = 476<LI>Call Chain = dhcp_release &rArr; netif_set_ipaddr &rArr; tcp_abort &rArr; tcp_abandon &rArr; tcp_pcb_remove &rArr; tcp_output &rArr; tcp_output_segment &rArr; ip_output &rArr; ip_output_if &rArr; ip_frag &rArr; pbuf_alloc &rArr; pbuf_free &rArr; mem_free &rArr; plug_holes
</UL>
<BR>[Calls]<UL><LI><a href="#[2e4cbb4]">&gt;&gt;</a>&nbsp;&nbsp;&nbsp;udp_sendto_if
<LI><a href="#[2e4cc2c]">&gt;&gt;</a>&nbsp;&nbsp;&nbsp;pbuf_realloc
<LI><a href="#[2e4cca4]">&gt;&gt;</a>&nbsp;&nbsp;&nbsp;netif_set_netmask
<LI><a href="#[2e4cce0]">&gt;&gt;</a>&nbsp;&nbsp;&nbsp;netif_set_ipaddr
<LI><a href="#[2e4cd1c]">&gt;&gt;</a>&nbsp;&nbsp;&nbsp;netif_set_gw
<LI><a href="#[2e4cd58]">&gt;&gt;</a>&nbsp;&nbsp;&nbsp;netif_set_down
<LI><a href="#[2e4dbe0]">&gt;&gt;</a>&nbsp;&nbsp;&nbsp;dhcp_set_state
<LI><a href="#[2e4dd48]">&gt;&gt;</a>&nbsp;&nbsp;&nbsp;dhcp_option_trailer
<LI><a href="#[2e4dfa0]">&gt;&gt;</a>&nbsp;&nbsp;&nbsp;dhcp_delete_msg
<LI><a href="#[2e4e018]">&gt;&gt;</a>&nbsp;&nbsp;&nbsp;dhcp_create_msg
</UL>
<BR>[Called By]<UL><LI><a href="#[2e4db2c]">&gt;&gt;</a>&nbsp;&nbsp;&nbsp;dhcp_timeout
</UL>

<P><STRONG><a name="[2e4cefc]"></a>dhcp_renew</STRONG> (Thumb, 140 bytes, Stack size 24 bytes, dhcp.o(i.dhcp_renew))
<BR><BR>[Stack]<UL><LI>Max Depth = 332<LI>Call Chain = dhcp_renew &rArr; udp_sendto_if &rArr; ip_output_if &rArr; ip_frag &rArr; pbuf_alloc &rArr; pbuf_free &rArr; mem_free &rArr; plug_holes
</UL>
<BR>[Calls]<UL><LI><a href="#[2e4cbb4]">&gt;&gt;</a>&nbsp;&nbsp;&nbsp;udp_sendto_if
<LI><a href="#[2e4cc2c]">&gt;&gt;</a>&nbsp;&nbsp;&nbsp;pbuf_realloc
<LI><a href="#[2e4dbe0]">&gt;&gt;</a>&nbsp;&nbsp;&nbsp;dhcp_set_state
<LI><a href="#[2e4dd48]">&gt;&gt;</a>&nbsp;&nbsp;&nbsp;dhcp_option_trailer
<LI><a href="#[2e4dd84]">&gt;&gt;</a>&nbsp;&nbsp;&nbsp;dhcp_option_short
<LI><a href="#[2e4ddfc]">&gt;&gt;</a>&nbsp;&nbsp;&nbsp;dhcp_option_hostname
<LI><a href="#[2e4de74]">&gt;&gt;</a>&nbsp;&nbsp;&nbsp;dhcp_option
<LI><a href="#[2e4dfa0]">&gt;&gt;</a>&nbsp;&nbsp;&nbsp;dhcp_delete_msg
<LI><a href="#[2e4e018]">&gt;&gt;</a>&nbsp;&nbsp;&nbsp;dhcp_create_msg
</UL>
<BR>[Called By]<UL><LI><a href="#[2e4db2c]">&gt;&gt;</a>&nbsp;&nbsp;&nbsp;dhcp_timeout
<LI><a href="#[2e4dba4]">&gt;&gt;</a>&nbsp;&nbsp;&nbsp;dhcp_t1_timeout
</UL>

<P><STRONG><a name="[1c70610]"></a>dhcp_start</STRONG> (Thumb, 226 bytes, Stack size 16 bytes, dhcp.o(i.dhcp_start))
<BR><BR>[Stack]<UL><LI>Max Depth = 348<LI>Call Chain = dhcp_start &rArr; dhcp_discover &rArr; udp_sendto_if &rArr; ip_output_if &rArr; ip_frag &rArr; pbuf_alloc &rArr; pbuf_free &rArr; mem_free &rArr; plug_holes
</UL>
<BR>[Calls]<UL><LI><a href="#[1c676dc]">&gt;&gt;</a>&nbsp;&nbsp;&nbsp;udp_recv
<LI><a href="#[1c67718]">&gt;&gt;</a>&nbsp;&nbsp;&nbsp;udp_new
<LI><a href="#[1c67754]">&gt;&gt;</a>&nbsp;&nbsp;&nbsp;udp_bind
<LI><a href="#[26c2440]">&gt;&gt;</a>&nbsp;&nbsp;&nbsp;udp_remove
<LI><a href="#[26c26d4]">&gt;&gt;</a>&nbsp;&nbsp;&nbsp;mem_malloc
<LI><a href="#[2e4cbf0]">&gt;&gt;</a>&nbsp;&nbsp;&nbsp;udp_connect
<LI><a href="#[2e4ce84]">&gt;&gt;</a>&nbsp;&nbsp;&nbsp;dhcp_stop
<LI><a href="#[2e4df64]">&gt;&gt;</a>&nbsp;&nbsp;&nbsp;dhcp_discover
<LI><a href="#[2fcae10]">&gt;&gt;</a>&nbsp;&nbsp;&nbsp;__aeabi_memclr4
</UL>
<BR>[Called By]<UL><LI><a href="#[1c707f0]">&gt;&gt;</a>&nbsp;&nbsp;&nbsp;LwIP_Init
</UL>

<P><STRONG><a name="[2e4ce84]"></a>dhcp_stop</STRONG> (Thumb, 68 bytes, Stack size 16 bytes, dhcp.o(i.dhcp_stop))
<BR><BR>[Stack]<UL><LI>Max Depth = 44<LI>Call Chain = dhcp_stop &rArr; udp_remove &rArr; memp_free
</UL>
<BR>[Calls]<UL><LI><a href="#[26c2440]">&gt;&gt;</a>&nbsp;&nbsp;&nbsp;udp_remove
<LI><a href="#[2e4dbe0]">&gt;&gt;</a>&nbsp;&nbsp;&nbsp;dhcp_set_state
</UL>
<BR>[Called By]<UL><LI><a href="#[1c70610]">&gt;&gt;</a>&nbsp;&nbsp;&nbsp;dhcp_start
</UL>

<P><STRONG><a name="[2ec31cc]"></a>dir_addCluster</STRONG> (Thumb, 110 bytes, Stack size 48 bytes, dir.o(i.dir_addCluster))
<BR><BR>[Stack]<UL><LI>Max Depth = 400<LI>Call Chain = dir_addCluster &rArr; fat_allocClusterChain &rArr; fs_getLastCluster &rArr; fat_getNextClusterChain &rArr; fat_getNextClusterAddressWBuf &rArr; part_getSect &rArr; ioman_getSector &rArr; ioman_putSectorInCache &rArr; ioman_readSector &rArr; if_readBuf &rArr; sd_readSector &rArr; sd_Command &rArr; if_spiSend
</UL>
<BR>[Calls]<UL><LI><a href="#[2ec2ca4]">&gt;&gt;</a>&nbsp;&nbsp;&nbsp;fs_initClusterChain
<LI><a href="#[2ec2ce0]">&gt;&gt;</a>&nbsp;&nbsp;&nbsp;fs_getLastCluster
<LI><a href="#[2ec2d58]">&gt;&gt;</a>&nbsp;&nbsp;&nbsp;fs_clearCluster
<LI><a href="#[2ec2dd0]">&gt;&gt;</a>&nbsp;&nbsp;&nbsp;fat_allocClusterChain
<LI><a href="#[2ec2e0c]">&gt;&gt;</a>&nbsp;&nbsp;&nbsp;fat_LogicToDiscCluster
<LI><a href="#[2ec2e48]">&gt;&gt;</a>&nbsp;&nbsp;&nbsp;fat_DiscToLogicCluster
</UL>
<BR>[Called By]<UL><LI><a href="#[2ebe474]">&gt;&gt;</a>&nbsp;&nbsp;&nbsp;fs_findFreeFile
</UL>

<P><STRONG><a name="[2ec3190]"></a>dir_createDefaultEntry</STRONG> (Thumb, 54 bytes, Stack size 16 bytes, dir.o(i.dir_createDefaultEntry))
<BR><BR>[Stack]<UL><LI>Max Depth = 24<LI>Call Chain = dir_createDefaultEntry &rArr; memCpy
</UL>
<BR>[Calls]<UL><LI><a href="#[2ec2c2c]">&gt;&gt;</a>&nbsp;&nbsp;&nbsp;memCpy
</UL>
<BR>[Called By]<UL><LI><a href="#[26c5aa0]">&gt;&gt;</a>&nbsp;&nbsp;&nbsp;file_fopen
</UL>

[...]
</UL>

<P><STRONG><a name="[2d437b8]"></a>tcp_output_alloc_header</STRONG> (Thumb, 156 bytes, Stack size 32 bytes, tcp_out.o(i.tcp_output_alloc_header))
<BR><BR>[Stack]<UL><LI>Max Depth = 132<LI>Call Chain = tcp_output_alloc_header &rArr; pbuf_alloc &rArr; pbuf_free &rArr; mem_free &rArr; plug_holes
</UL>
<BR>[Calls]<UL><LI><a href="#[1c67b14]">&gt;&gt;</a>&nbsp;&nbsp;&nbsp;pbuf_alloc
<LI><a href="#[26c0eec]">&gt;&gt;</a>&nbsp;&nbsp;&nbsp;lwip_htons
<LI><a href="#[2e50ebc]">&gt;&gt;</a>&nbsp;&nbsp;&nbsp;lwip_htonl
</UL>
<BR>[Called By]<UL><LI><a href="#[2d44e74]">&gt;&gt;</a>&nbsp;&nbsp;&nbsp;tcp_send_empty_ack
<LI><a href="#[2d46080]">&gt;&gt;</a>&nbsp;&nbsp;&nbsp;tcp_zero_window_probe
<LI><a href="#[2d461ac]">&gt;&gt;</a>&nbsp;&nbsp;&nbsp;tcp_keepalive
</UL>

<P><STRONG><a name="[2d4377c]"></a>tcp_output_segment</STRONG> (Thumb, 234 bytes, Stack size 40 bytes, tcp_out.o(i.tcp_output_segment))
<BR><BR>[Stack]<UL><LI>Max Depth = 332<LI>Call Chain = tcp_output_segment &rArr; ip_output &rArr; ip_output_if &rArr; ip_frag &rArr; pbuf_alloc &rArr; pbuf_free &rArr; mem_free &rArr; plug_holes
</UL>
<BR>[Calls]<UL><LI><a href="#[26c0eec]">&gt;&gt;</a>&nbsp;&nbsp;&nbsp;lwip_htons
<LI><a href="#[2d435d8]">&gt;&gt;</a>&nbsp;&nbsp;&nbsp;ip_output
<LI><a href="#[2d44f64]">&gt;&gt;</a>&nbsp;&nbsp;&nbsp;inet_chksum_pseudo
<LI><a href="#[2d465a8]">&gt;&gt;</a>&nbsp;&nbsp;&nbsp;tcp_eff_send_mss
<LI><a href="#[2e450e4]">&gt;&gt;</a>&nbsp;&nbsp;&nbsp;ip_route
<LI><a href="#[2e50e80]">&gt;&gt;</a>&nbsp;&nbsp;&nbsp;lwip_ntohl
<LI><a href="#[2e50ebc]">&gt;&gt;</a>&nbsp;&nbsp;&nbsp;lwip_htonl
</UL>
<BR>[Called By]<UL><LI><a href="#[1c67844]">&gt;&gt;</a>&nbsp;&nbsp;&nbsp;tcp_output
</UL>

<P><STRONG><a name="[2d43740]"></a>tcp_pbuf_prealloc</STRONG> (Thumb, 138 bytes, Stack size 56 bytes, tcp_out.o(i.tcp_pbuf_prealloc))
<BR><BR>[Stack]<UL><LI>Max Depth = 156<LI>Call Chain = tcp_pbuf_prealloc &rArr; pbuf_alloc &rArr; pbuf_free &rArr; mem_free &rArr; plug_holes
</UL>
<BR>[Calls]<UL><LI><a href="#[1c67b14]">&gt;&gt;</a>&nbsp;&nbsp;&nbsp;pbuf_alloc
</UL>
<BR>[Called By]<UL><LI><a href="#[1c67790]">&gt;&gt;</a>&nbsp;&nbsp;&nbsp;tcp_write
</UL>

<P><STRONG><a name="[2d43704]"></a>tcp_write_checks</STRONG> (Thumb, 152 bytes, Stack size 0 bytes, tcp_out.o(i.tcp_write_checks))
<BR><BR>[Called By]<UL><LI><a href="#[1c67790]">&gt;&gt;</a>&nbsp;&nbsp;&nbsp;tcp_write
</UL>

<P><STRONG><a name="[2d42318]"></a>udp_new_port</STRONG> (Thumb, 80 bytes, Stack size 8 bytes, udp.o(i.udp_new_port))
<BR><BR>[Stack]<UL><LI>Max Depth = 8<LI>Call Chain = udp_new_port
</UL>
<BR>[Called By]<UL><LI><a href="#[1c67754]">&gt;&gt;</a>&nbsp;&nbsp;&nbsp;udp_bind
</UL>

<P><STRONG><a name="[2d41490]"></a>icmp_send_response</STRONG> (Thumb, 148 bytes, Stack size 40 bytes, icmp.o(i.icmp_send_response))
<BR><BR>[Stack]<UL><LI>Max Depth = 332<LI>Call Chain = icmp_send_response &rArr; ip_output &rArr; ip_output_if &rArr; ip_frag &rArr; pbuf_alloc &rArr; pbuf_free &rArr; mem_free &rArr; plug_holes
</UL>
<BR>[Calls]<UL><LI><a href="#[1c67ad8]">&gt;&gt;</a>&nbsp;&nbsp;&nbsp;pbuf_free
<LI><a href="#[1c67b14]">&gt;&gt;</a>&nbsp;&nbsp;&nbsp;pbuf_alloc
<LI><a href="#[2d412ec]">&gt;&gt;</a>&nbsp;&nbsp;&nbsp;inet_chksum
<LI><a href="#[2d435d8]">&gt;&gt;</a>&nbsp;&nbsp;&nbsp;ip_output
<LI><a href="#[2fcb068]">&gt;&gt;</a>&nbsp;&nbsp;&nbsp;__aeabi_memcpy
</UL>
<BR>[Called By]<UL><LI><a href="#[2d41328]">&gt;&gt;</a>&nbsp;&nbsp;&nbsp;icmp_time_exceeded
<LI><a href="#[2d41d00]">&gt;&gt;</a>&nbsp;&nbsp;&nbsp;icmp_dest_unreach
</UL>

<P><STRONG><a name="[2d405cc]"></a>lwip_standard_chksum</STRONG> (Thumb, 94 bytes, Stack size 24 bytes, inet_chksum.o(i.lwip_standard_chksum))
<BR><BR>[Stack]<UL><LI>Max Depth = 24<LI>Call Chain = lwip_standard_chksum
</UL>
<BR>[Called By]<UL><LI><a href="#[2d412b0]">&gt;&gt;</a>&nbsp;&nbsp;&nbsp;inet_chksum_pbuf
<LI><a href="#[2d412ec]">&gt;&gt;</a>&nbsp;&nbsp;&nbsp;inet_chksum
<LI><a href="#[2d44f64]">&gt;&gt;</a>&nbsp;&nbsp;&nbsp;inet_chksum_pseudo
</UL>

<P><STRONG><a name="[2d3d8cc]"></a>ip_frag_alloc_pbuf_custom_ref</STRONG> (Thumb, 10 bytes, Stack size 8 bytes, ip_frag.o(i.ip_frag_alloc_pbuf_custom_ref))
<BR><BR>[Stack]<UL><LI>Max Depth = 16<LI>Call Chain = ip_frag_alloc_pbuf_custom_ref &rArr; memp_malloc
</UL>
<BR>[Calls]<UL><LI><a href="#[2e49a7c]">&gt;&gt;</a>&nbsp;&nbsp;&nbsp;memp_malloc
</UL>
<BR>[Called By]<UL><LI><a href="#[2d3f780]">&gt;&gt;</a>&nbsp;&nbsp;&nbsp;ip_frag
</UL>

<P><STRONG><a name="[2d3d890]"></a>ip_frag_free_pbuf_custom_ref</STRONG> (Thumb, 24 bytes, Stack size 8 bytes, ip_frag.o(i.ip_frag_free_pbuf_custom_ref))
<BR><BR>[Stack]<UL><LI>Max Depth = 20<LI>Call Chain = ip_frag_free_pbuf_custom_ref &rArr; memp_free
</UL>
<BR>[Calls]<UL><LI><a href="#[2e49ab8]">&gt;&gt;</a>&nbsp;&nbsp;&nbsp;memp_free
</UL>
<BR>[Called By]<UL><LI><a href="#[2d3d728]">&gt;&gt;</a>&nbsp;&nbsp;&nbsp;ipfrag_free_pbuf_custom
<LI><a href="#[2d3f780]">&gt;&gt;</a>&nbsp;&nbsp;&nbsp;ip_frag
</UL>

<P><STRONG><a name="[2d3d854]"></a>ip_reass_chain_frag_into_datagram_and_validate</STRONG> (Thumb, 420 bytes, Stack size 48 bytes, ip_frag.o(i.ip_reass_chain_frag_into_datagram_and_validate))
<BR><BR>[Stack]<UL><LI>Max Depth = 108<LI>Call Chain = ip_reass_chain_frag_into_datagram_and_validate &rArr; pbuf_free &rArr; mem_free &rArr; plug_holes
</UL>
<BR>[Calls]<UL><LI><a href="#[1c67ad8]">&gt;&gt;</a>&nbsp;&nbsp;&nbsp;pbuf_free
<LI><a href="#[26c0eb0]">&gt;&gt;</a>&nbsp;&nbsp;&nbsp;lwip_ntohs
<LI><a href="#[2e463e0]">&gt;&gt;</a>&nbsp;&nbsp;&nbsp;pbuf_clen
</UL>
<BR>[Called By]<UL><LI><a href="#[2d3f744]">&gt;&gt;</a>&nbsp;&nbsp;&nbsp;ip_reass
</UL>

<P><STRONG><a name="[2d3d818]"></a>ip_reass_dequeue_datagram</STRONG> (Thumb, 46 bytes, Stack size 16 bytes, ip_frag.o(i.ip_reass_dequeue_datagram))
<BR><BR>[Stack]<UL><LI>Max Depth = 28<LI>Call Chain = ip_reass_dequeue_datagram &rArr; memp_free
</UL>
<BR>[Calls]<UL><LI><a href="#[2e49ab8]">&gt;&gt;</a>&nbsp;&nbsp;&nbsp;memp_free
</UL>
<BR>[Called By]<UL><LI><a href="#[2d3d7a0]">&gt;&gt;</a>&nbsp;&nbsp;&nbsp;ip_reass_free_complete_datagram
<LI><a href="#[2d3f744]">&gt;&gt;</a>&nbsp;&nbsp;&nbsp;ip_reass
</UL>

<P><STRONG><a name="[2d3d7dc]"></a>ip_reass_enqueue_new_datagram</STRONG> (Thumb, 92 bytes, Stack size 16 bytes, ip_frag.o(i.ip_reass_enqueue_new_datagram))
<BR><BR>[Stack]<UL><LI>Max Depth = 436<LI>Call Chain = ip_reass_enqueue_new_datagram &rArr; ip_reass_remove_oldest_datagram &rArr; ip_reass_free_complete_datagram &rArr; icmp_time_exceeded &rArr; icmp_send_response &rArr; ip_output &rArr; ip_output_if &rArr; ip_frag &rArr; pbuf_alloc &rArr; pbuf_free &rArr; mem_free &rArr; plug_holes
</UL>
<BR>[Calls]<UL><LI><a href="#[2d3d764]">&gt;&gt;</a>&nbsp;&nbsp;&nbsp;ip_reass_remove_oldest_datagram
<LI><a href="#[2e49a7c]">&gt;&gt;</a>&nbsp;&nbsp;&nbsp;memp_malloc
<LI><a href="#[2fcae10]">&gt;&gt;</a>&nbsp;&nbsp;&nbsp;__aeabi_memclr4
<LI><a href="#[2fcb068]">&gt;&gt;</a>&nbsp;&nbsp;&nbsp;__aeabi_memcpy
</UL>
<BR>[Called By]<UL><LI><a href="#[2d3f744]">&gt;&gt;</a>&nbsp;&nbsp;&nbsp;ip_reass
</UL>

<P><STRONG><a name="[2d3d7a0]"></a>ip_reass_free_complete_datagram</STRONG> (Thumb, 214 bytes, Stack size 32 bytes, ip_frag.o(i.ip_reass_free_complete_datagram))
<BR><BR>[Stack]<UL><LI>Max Depth = 380<LI>Call Chain = ip_reass_free_complete_datagram &rArr; icmp_time_exceeded &rArr; icmp_send_response &rArr; ip_output &rArr; ip_output_if &rArr; ip_frag &rArr; pbuf_alloc &rArr; pbuf_free &rArr; mem_free &rArr; plug_holes
</UL>
<BR>[Calls]<UL><LI><a href="#[1c67ad8]">&gt;&gt;</a>&nbsp;&nbsp;&nbsp;pbuf_free
<LI><a href="#[2d3d818]">&gt;&gt;</a>&nbsp;&nbsp;&nbsp;ip_reass_dequeue_datagram
<LI><a href="#[2d41328]">&gt;&gt;</a>&nbsp;&nbsp;&nbsp;icmp_time_exceeded
<LI><a href="#[2e463e0]">&gt;&gt;</a>&nbsp;&nbsp;&nbsp;pbuf_clen
<LI><a href="#[2fcb068]">&gt;&gt;</a>&nbsp;&nbsp;&nbsp;__aeabi_memcpy
</UL>
<BR>[Called By]<UL><LI><a href="#[2d3d764]">&gt;&gt;</a>&nbsp;&nbsp;&nbsp;ip_reass_remove_oldest_datagram
</UL>

<P><STRONG><a name="[2d3d764]"></a>ip_reass_remove_oldest_datagram</STRONG> (Thumb, 120 bytes, Stack size 40 bytes, ip_frag.o(i.ip_reass_remove_oldest_datagram))
<BR><BR>[Stack]<UL><LI>Max Depth = 420<LI>Call Chain = ip_reass_remove_oldest_datagram &rArr; ip_reass_free_complete_datagram &rArr; icmp_time_exceeded &rArr; icmp_send_response &rArr; ip_output &rArr; ip_output_if &rArr; ip_frag &rArr; pbuf_alloc &rArr; pbuf_free &rArr; mem_free &rArr; plug_holes
</UL>
<BR>[Calls]<UL><LI><a href="#[2d3d7a0]">&gt;&gt;</a>&nbsp;&nbsp;&nbsp;ip_reass_free_complete_datagram
</UL>
<BR>[Called By]<UL><LI><a href="#[2d3d7dc]">&gt;&gt;</a>&nbsp;&nbsp;&nbsp;ip_reass_enqueue_new_datagram
<LI><a href="#[2d3f744]">&gt;&gt;</a>&nbsp;&nbsp;&nbsp;ip_reass
</UL>

<P><STRONG><a name="[2d3d728]"></a>ipfrag_free_pbuf_custom</STRONG> (Thumb, 46 bytes, Stack size 16 bytes, ip_frag.o(i.ipfrag_free_pbuf_custom))
<BR><BR>[Stack]<UL><LI>Max Depth = 76<LI>Call Chain = ipfrag_free_pbuf_custom &rArr; pbuf_free &rArr; mem_free &rArr; plug_holes
</UL>
<BR>[Calls]<UL><LI><a href="#[1c67ad8]">&gt;&gt;</a>&nbsp;&nbsp;&nbsp;pbuf_free
<LI><a href="#[2d3d890]">&gt;&gt;</a>&nbsp;&nbsp;&nbsp;ip_frag_free_pbuf_custom_ref
</UL>
<BR>[Address Reference Count : 1]<UL><LI> ip_frag.o(i.ip_frag)
</UL>
<P><STRONG><a name="[2ec8c08]"></a>etharp_arp_input</STRONG> (Thumb, 388 bytes, Stack size 40 bytes, etharp.o(i.etharp_arp_input))
<BR><BR>[Stack]<UL><LI>Max Depth = 396<LI>Call Chain = etharp_arp_input &rArr; dhcp_arp_reply &rArr; dhcp_decline &rArr; udp_sendto_if &rArr; ip_output_if &rArr; ip_frag &rArr; pbuf_alloc &rArr; pbuf_free &rArr; mem_free &rArr; plug_holes
</UL>
<BR>[Calls]<UL><LI><a href="#[1c67ad8]">&gt;&gt;</a>&nbsp;&nbsp;&nbsp;pbuf_free
<LI><a href="#[26c0eec]">&gt;&gt;</a>&nbsp;&nbsp;&nbsp;lwip_htons
<LI><a href="#[2e4d028]">&gt;&gt;</a>&nbsp;&nbsp;&nbsp;dhcp_arp_reply
<LI><a href="#[2ec8aa0]">&gt;&gt;</a>&nbsp;&nbsp;&nbsp;etharp_update_arp_entry
<LI><a href="#[2fcb068]">&gt;&gt;</a>&nbsp;&nbsp;&nbsp;__aeabi_memcpy
</UL>
<BR>[Called By]<UL><LI><a href="#[1c70598]">&gt;&gt;</a>&nbsp;&nbsp;&nbsp;ethernet_input
</UL>

<P><STRONG><a name="[2ec8bcc]"></a>etharp_find_entry</STRONG> (Thumb, 432 bytes, Stack size 48 bytes, etharp.o(i.etharp_find_entry))
<BR><BR>[Stack]<UL><LI>Max Depth = 116<LI>Call Chain = etharp_find_entry &rArr; etharp_free_entry &rArr; pbuf_free &rArr; mem_free &rArr; plug_holes
</UL>
<BR>[Calls]<UL><LI><a href="#[2ec8b90]">&gt;&gt;</a>&nbsp;&nbsp;&nbsp;etharp_free_entry
</UL>
<BR>[Called By]<UL><LI><a href="#[2e4ce0c]">&gt;&gt;</a>&nbsp;&nbsp;&nbsp;etharp_query
<LI><a href="#[2ec8aa0]">&gt;&gt;</a>&nbsp;&nbsp;&nbsp;etharp_update_arp_entry
</UL>

<P><STRONG><a name="[2ec8b90]"></a>etharp_free_entry</STRONG> (Thumb, 58 bytes, Stack size 8 bytes, etharp.o(i.etharp_free_entry))
<BR><BR>[Stack]<UL><LI>Max Depth = 68<LI>Call Chain = etharp_free_entry &rArr; pbuf_free &rArr; mem_free &rArr; plug_holes
</UL>
<BR>[Calls]<UL><LI><a href="#[1c67ad8]">&gt;&gt;</a>&nbsp;&nbsp;&nbsp;pbuf_free
</UL>
<BR>[Called By]<UL><LI><a href="#[1c705d4]">&gt;&gt;</a>&nbsp;&nbsp;&nbsp;etharp_tmr
<LI><a href="#[2e481e0]">&gt;&gt;</a>&nbsp;&nbsp;&nbsp;etharp_cleanup_netif
<LI><a href="#[2ec8bcc]">&gt;&gt;</a>&nbsp;&nbsp;&nbsp;etharp_find_entry
</UL>

<P><STRONG><a name="[2ec8b54]"></a>etharp_output_to_arp_index</STRONG> (Thumb, 124 bytes, Stack size 16 bytes, etharp.o(i.etharp_output_to_arp_index))
<BR><BR>[Stack]<UL><LI>Max Depth = 196<LI>Call Chain = etharp_output_to_arp_index &rArr; etharp_request &rArr; etharp_raw &rArr; pbuf_alloc &rArr; pbuf_free &rArr; mem_free &rArr; plug_holes
</UL>
<BR>[Calls]<UL><LI><a href="#[2e481a4]">&gt;&gt;</a>&nbsp;&nbsp;&nbsp;etharp_request
<LI><a href="#[2ec8adc]">&gt;&gt;</a>&nbsp;&nbsp;&nbsp;etharp_send_ip
</UL>
<BR>[Called By]<UL><LI><a href="#[2ec87d0]">&gt;&gt;</a>&nbsp;&nbsp;&nbsp;etharp_output
</UL>

<P><STRONG><a name="[2ec8b18]"></a>etharp_raw</STRONG> (Thumb, 264 bytes, Stack size 48 bytes, etharp.o(i.etharp_raw))
<BR><BR>[Stack]<UL><LI>Max Depth = 148<LI>Call Chain = etharp_raw &rArr; pbuf_alloc &rArr; pbuf_free &rArr; mem_free &rArr; plug_holes
</UL>
<BR>[Calls]<UL><LI><a href="#[1c67ad8]">&gt;&gt;</a>&nbsp;&nbsp;&nbsp;pbuf_free
<LI><a href="#[1c67b14]">&gt;&gt;</a>&nbsp;&nbsp;&nbsp;pbuf_alloc
<LI><a href="#[26c0eec]">&gt;&gt;</a>&nbsp;&nbsp;&nbsp;lwip_htons
<LI><a href="#[2fcb068]">&gt;&gt;</a>&nbsp;&nbsp;&nbsp;__aeabi_memcpy
</UL>
<BR>[Called By]<UL><LI><a href="#[2e481a4]">&gt;&gt;</a>&nbsp;&nbsp;&nbsp;etharp_request
</UL>

<P><STRONG><a name="[2ec8adc]"></a>etharp_send_ip</STRONG> (Thumb, 66 bytes, Stack size 24 bytes, etharp.o(i.etharp_send_ip))
<BR><BR>[Stack]<UL><LI>Max Depth = 24<LI>Call Chain = etharp_send_ip
</UL>
<BR>[Calls]<UL><LI><a href="#[2fcb068]">&gt;&gt;</a>&nbsp;&nbsp;&nbsp;__aeabi_memcpy
</UL>
<BR>[Called By]<UL><LI><a href="#[2e4ce0c]">&gt;&gt;</a>&nbsp;&nbsp;&nbsp;etharp_query
<LI><a href="#[2ec87d0]">&gt;&gt;</a>&nbsp;&nbsp;&nbsp;etharp_output
<LI><a href="#[2ec8aa0]">&gt;&gt;</a>&nbsp;&nbsp;&nbsp;etharp_update_arp_entry
<LI><a href="#[2ec8b54]">&gt;&gt;</a>&nbsp;&nbsp;&nbsp;etharp_output_to_arp_index
</UL>

<P><STRONG><a name="[2ec8aa0]"></a>etharp_update_arp_entry</STRONG> (Thumb, 198 bytes, Stack size 32 bytes, etharp.o(i.etharp_update_arp_entry))
<BR><BR>[Stack]<UL><LI>Max Depth = 148<LI>Call Chain = etharp_update_arp_entry &rArr; etharp_find_entry &rArr; etharp_free_entry &rArr; pbuf_free &rArr; mem_free &rArr; plug_holes
</UL>
<BR>[Calls]<UL><LI><a href="#[1c67ad8]">&gt;&gt;</a>&nbsp;&nbsp;&nbsp;pbuf_free
<LI><a href="#[2d44f28]">&gt;&gt;</a>&nbsp;&nbsp;&nbsp;ip4_addr_isbroadcast
<LI><a href="#[2ec8adc]">&gt;&gt;</a>&nbsp;&nbsp;&nbsp;etharp_send_ip
<LI><a href="#[2ec8bcc]">&gt;&gt;</a>&nbsp;&nbsp;&nbsp;etharp_find_entry
<LI><a href="#[2fcb068]">&gt;&gt;</a>&nbsp;&nbsp;&nbsp;__aeabi_memcpy
</UL>
<BR>[Called By]<UL><LI><a href="#[2ec8c08]">&gt;&gt;</a>&nbsp;&nbsp;&nbsp;etharp_arp_input
</UL>

<P><STRONG><a name="[2ec76b4]"></a>low_level_init</STRONG> (Thumb, 118 bytes, Stack size 16 bytes, ethernetif.o(i.low_level_init))
<BR><BR>[Stack]<UL><LI>Max Depth = 28<LI>Call Chain = low_level_init &rArr; ETH_DMATxDescChainInit
</UL>
<BR>[Calls]<UL><LI><a href="#[2e516f0]">&gt;&gt;</a>&nbsp;&nbsp;&nbsp;ETH_Start
<LI><a href="#[2e528c0]">&gt;&gt;</a>&nbsp;&nbsp;&nbsp;ETH_DMATxDescChainInit
<LI><a href="#[2e52a28]">&gt;&gt;</a>&nbsp;&nbsp;&nbsp;ETH_DMARxDescReceiveITConfig
<LI><a href="#[2e52aa0]">&gt;&gt;</a>&nbsp;&nbsp;&nbsp;ETH_DMARxDescChainInit
</UL>
<BR>[Called By]<UL><LI><a href="#[1c7055c]">&gt;&gt;</a>&nbsp;&nbsp;&nbsp;ethernetif_init
</UL>

<P><STRONG><a name="[2ec7678]"></a>low_level_input</STRONG> (Thumb, 66 bytes, Stack size 32 bytes, ethernetif.o(i.low_level_input))
<BR><BR>[Stack]<UL><LI>Max Depth = 132<LI>Call Chain = low_level_input &rArr; pbuf_alloc &rArr; pbuf_free &rArr; mem_free &rArr; plug_holes
</UL>
<BR>[Calls]<UL><LI><a href="#[1c67b14]">&gt;&gt;</a>&nbsp;&nbsp;&nbsp;pbuf_alloc
<LI><a href="#[2fcb068]">&gt;&gt;</a>&nbsp;&nbsp;&nbsp;__aeabi_memcpy
</UL>
<BR>[Called By]<UL><LI><a href="#[1c70520]">&gt;&gt;</a>&nbsp;&nbsp;&nbsp;ethernetif_input
</UL>

<P><STRONG><a name="[2ec763c]"></a>low_level_output</STRONG> (Thumb, 52 bytes, Stack size 24 bytes, ethernetif.o(i.low_level_output))
<BR><BR>[Stack]<UL><LI>Max Depth = 312<LI>Call Chain = low_level_output &rArr; ETH_TxPkt_ChainMode &rArr; Ethernet_Configuration &rArr; ETH_Init &rArr; RCC_GetClocksFreq
</UL>
<BR>[Calls]<UL><LI><a href="#[2ec6bb0]">&gt;&gt;</a>&nbsp;&nbsp;&nbsp;ETH_TxPkt_ChainMode
<LI><a href="#[2ec6c28]">&gt;&gt;</a>&nbsp;&nbsp;&nbsp;ETH_GetCurrentTxBuffer
<LI><a href="#[2fcb068]">&gt;&gt;</a>&nbsp;&nbsp;&nbsp;__aeabi_memcpy
</UL>
<BR>[Address Reference Count : 1]<UL><LI> ethernetif.o(i.ethernetif_init)
</UL>
<P><STRONG><a name="[2ec4b58]"></a>SetSysClock</STRONG> (Thumb, 8 bytes, Stack size 8 bytes, system_stm32f10x.o(i.SetSysClock))
<BR><BR>[Stack]<UL><LI>Max Depth = 8<LI>Call Chain = SetSysClock
</UL>
<BR>[Calls]<UL><LI><a href="#[2ec4b1c]">&gt;&gt;</a>&nbsp;&nbsp;&nbsp;SetSysClockTo72
</UL>
<BR>[Called By]<UL><LI><a href="#[1c6d3e8]">&gt;&gt;</a>&nbsp;&nbsp;&nbsp;SystemInit
</UL>

<P><STRONG><a name="[2ec4b1c]"></a>SetSysClockTo72</STRONG> (Thumb, 240 bytes, Stack size 0 bytes, system_stm32f10x.o(i.SetSysClockTo72))
<BR><BR>[Called By]<UL><LI><a href="#[2ec4b58]">&gt;&gt;</a>&nbsp;&nbsp;&nbsp;SetSysClock
</UL>

<P><STRONG><a name="[2f58f84]"></a>crc7</STRONG> (Thumb, 88 bytes, Stack size 20 bytes, sd.o(i.crc7))
<BR><BR>[Stack]<UL><LI>Max Depth = 20<LI>Call Chain = crc7
</UL>
<BR>[Called By]<UL><LI><a href="#[2f5887c]">&gt;&gt;</a>&nbsp;&nbsp;&nbsp;sd_Command_crc
</UL>

<P><STRONG><a name="[2f57a30]"></a>SPI_Config</STRONG> (Thumb, 144 bytes, Stack size 32 bytes, sd_stm32.o(i.SPI_Config))
<BR><BR>[Stack]<UL><LI>Max Depth = 56<LI>Call Chain = SPI_Config &rArr; GPIO_Init
</UL>
<BR>[Calls]<UL><LI><a href="#[1c6d49c]">&gt;&gt;</a>&nbsp;&nbsp;&nbsp;RCC_APB2PeriphClockCmd
<LI><a href="#[1c6d604]">&gt;&gt;</a>&nbsp;&nbsp;&nbsp;GPIO_Init
<LI><a href="#[2852e1c]">&gt;&gt;</a>&nbsp;&nbsp;&nbsp;SPI_Init
<LI><a href="#[2853128]">&gt;&gt;</a>&nbsp;&nbsp;&nbsp;SPI_Cmd
</UL>
<BR>[Called By]<UL><LI><a href="#[2f573dc]">&gt;&gt;</a>&nbsp;&nbsp;&nbsp;if_spiInit
</UL>

<P><STRONG><a name="[2f579f4]"></a>my_if_spiSend</STRONG> (Thumb, 40 bytes, Stack size 16 bytes, sd_stm32.o(i.my_if_spiSend))
<BR><BR>[Stack]<UL><LI>Max Depth = 16<LI>Call Chain = my_if_spiSend
</UL>
<BR>[Calls]<UL><LI><a href="#[2852e58]">&gt;&gt;</a>&nbsp;&nbsp;&nbsp;SPI_I2S_SendData
<LI><a href="#[2852e94]">&gt;&gt;</a>&nbsp;&nbsp;&nbsp;SPI_I2S_ReceiveData
<LI><a href="#[2852f48]">&gt;&gt;</a>&nbsp;&nbsp;&nbsp;SPI_I2S_GetFlagStatus
</UL>
<BR>[Called By]<UL><LI><a href="#[2f573dc]">&gt;&gt;</a>&nbsp;&nbsp;&nbsp;if_spiInit
</UL>

<P><STRONG><a name="[2fcdbc4]"></a>prvvTIMERExpiredISR</STRONG> (Thumb, 10 bytes, Stack size 8 bytes, porttimer_m.o(i.prvvTIMERExpiredISR))
<BR><BR>[Stack]<UL><LI>Max Depth = 8<LI>Call Chain = prvvTIMERExpiredISR
</UL>
<BR>[Called By]<UL><LI><a href="#[2fcda98]">&gt;&gt;</a>&nbsp;&nbsp;&nbsp;TIM3_IRQHandler
</UL>

<P><STRONG><a name="[2fccea4]"></a>prvvUARTRxISR</STRONG> (Thumb, 10 bytes, Stack size 8 bytes, portserial_m.o(i.prvvUARTRxISR))
<BR><BR>[Stack]<UL><LI>Max Depth = 8<LI>Call Chain = prvvUARTRxISR
</UL>
<BR>[Called By]<UL><LI><a href="#[2fccd3c]">&gt;&gt;</a>&nbsp;&nbsp;&nbsp;USART2_IRQHandler
</UL>

<P><STRONG><a name="[2fcce68]"></a>prvvUARTTxReadyISR</STRONG> (Thumb, 10 bytes, Stack size 8 bytes, portserial_m.o(i.prvvUARTTxReadyISR))
<BR><BR>[Stack]<UL><LI>Max Depth = 8<LI>Call Chain = prvvUARTTxReadyISR
</UL>
<BR>[Called By]<UL><LI><a href="#[2fccd3c]">&gt;&gt;</a>&nbsp;&nbsp;&nbsp;USART2_IRQHandler
</UL>

<P><STRONG><a name="[30bb588]"></a>_printf_core</STRONG> (Thumb, 764 bytes, Stack size 104 bytes, printf6.o(i._printf_core), UNUSED)
<BR><BR>[Calls]<UL><LI><a href="#[30b6ca4]">&gt;&gt;</a>&nbsp;&nbsp;&nbsp;__aeabi_uidivmod
<LI><a href="#[30bb510]">&gt;&gt;</a>&nbsp;&nbsp;&nbsp;_printf_pre_padding
<LI><a href="#[30bb54c]">&gt;&gt;</a>&nbsp;&nbsp;&nbsp;_printf_post_padding
</UL>
<BR>[Called By]<UL><LI><a href="#[30bb240]">&gt;&gt;</a>&nbsp;&nbsp;&nbsp;__0sprintf$6
</UL>

<P><STRONG><a name="[30bb54c]"></a>_printf_post_padding</STRONG> (Thumb, 38 bytes, Stack size 24 bytes, printf6.o(i._printf_post_padding), UNUSED)
<BR><BR>[Called By]<UL><LI><a href="#[30bb588]">&gt;&gt;</a>&nbsp;&nbsp;&nbsp;_printf_core
</UL>

<P><STRONG><a name="[30bb510]"></a>_printf_pre_padding</STRONG> (Thumb, 46 bytes, Stack size 24 bytes, printf6.o(i._printf_pre_padding), UNUSED)
<BR><BR>[Called By]<UL><LI><a href="#[30bb588]">&gt;&gt;</a>&nbsp;&nbsp;&nbsp;_printf_core
</UL>

<P><STRONG><a name="[30bb498]"></a>_sputc</STRONG> (Thumb, 10 bytes, Stack size 0 bytes, printf6.o(i._sputc))
<BR><BR>[Called By]<UL><LI><a href="#[30bb240]">&gt;&gt;</a>&nbsp;&nbsp;&nbsp;__0sprintf$6
</UL>
<BR>[Address Reference Count : 1]<UL><LI> printf6.o(i.__0sprintf$6)
</UL><P>
<H3>
Undefined Global Symbols
</H3><HR></body></html>
